============================================================
MADDPG v3 - arm=with_aux - PettingZoo Simple Spread v3 (continuous)
============================================================
  seed=4, n_updates=800, monitor_alpha=0.5

Phase 1: Random baseline = -75.22 +/- 22.59

  Stage 1: 10 warmup updates starting...
  Stage 1 update 1/10 done, buffer=750
  Stage 1 update 3/10 done, buffer=2250
  Stage 1 update 5/10 done, buffer=3750
  Stage 1 update 7/10 done, buffer=5250
  Stage 1 update 9/10 done, buffer=6750
  Stage 1 done. Training Monitors...
    collect_monitor_data: n_eps=80 starting
    collect_monitor_data: 0/80
    collect_monitor_data: 10/80
    collect_monitor_data: 20/80
    collect_monitor_data: 30/80
    collect_monitor_data: 40/80
    collect_monitor_data: 50/80
    collect_monitor_data: 60/80
    collect_monitor_data: 70/80
    collect_monitor_data: collected 240 obs_by_agent, 80 returns; returns=[-83.60525070095372, -84.49526949816727, -128.06528897936937, -73.77771470762946, -68.65946874547778]
    train_per_agent_monitors: len(obs_list)=240, median_ret=-69.09
    training Monitor agent 0
      agent 0 epoch 0 done, loss=0.7069
      agent 0 epoch 1 done, loss=0.6845
      agent 0 epoch 2 done, loss=0.6721
      agent 0 epoch 19 done, loss=0.3754
      agent 0 training done, computing AUROC
      agent 0 p_all stats: min=0.033 max=0.999 mean=0.533
      agent 0 AUROC=0.799
    training Monitor agent 1
      agent 1 epoch 0 done, loss=0.703
      agent 1 epoch 1 done, loss=0.6808
      agent 1 epoch 2 done, loss=0.6536
      agent 1 epoch 19 done, loss=0.3393
      agent 1 training done, computing AUROC
      agent 1 p_all stats: min=0.042 max=0.99 mean=0.523
      agent 1 AUROC=0.766
    training Monitor agent 2
      agent 2 epoch 0 done, loss=0.6734
      agent 2 epoch 1 done, loss=0.6807
      agent 2 epoch 2 done, loss=0.6666
      agent 2 epoch 19 done, loss=0.3308
      agent 2 training done, computing AUROC
      agent 2 p_all stats: min=0.038 max=0.992 mean=0.519
      agent 2 AUROC=0.751
  Monitors trained, AUROC=[0.7992154359817505, 0.7657163739204407, 0.7513329386711121]
    update 1/800: mean_episode_return=-81.37, buffer=8250, noise=0.5
    update 10/800: mean_episode_return=-98.03, buffer=15000, noise=0.49
    update 20/800: mean_episode_return=-64.67, buffer=20000, noise=0.479
    update 30/800: mean_episode_return=-78.21, buffer=20000, noise=0.467
    update 40/800: mean_episode_return=-81.11, buffer=20000, noise=0.456
    update 50/800: mean_episode_return=-74.28, buffer=20000, noise=0.445
    update 60/800: mean_episode_return=-81.64, buffer=20000, noise=0.434
    update 70/800: mean_episode_return=-79.04, buffer=20000, noise=0.422
    update 80/800: mean_episode_return=-77.03, buffer=20000, noise=0.411
    update 90/800: mean_episode_return=-89.74, buffer=20000, noise=0.4
    update 100/800: mean_episode_return=-73.63, buffer=20000, noise=0.389
    update 110/800: mean_episode_return=-87.51, buffer=20000, noise=0.377
    update 120/800: mean_episode_return=-74.37, buffer=20000, noise=0.366
    update 130/800: mean_episode_return=-82.11, buffer=20000, noise=0.355
    update 140/800: mean_episode_return=-81.78, buffer=20000, noise=0.344
    update 150/800: mean_episode_return=-72.6, buffer=20000, noise=0.332
    update 160/800: mean_episode_return=-72.49, buffer=20000, noise=0.321
    update 170/800: mean_episode_return=-85.3, buffer=20000, noise=0.31
    update 180/800: mean_episode_return=-81.13, buffer=20000, noise=0.299
    update 190/800: mean_episode_return=-67.3, buffer=20000, noise=0.287
    update 200/800: mean_episode_return=-75.94, buffer=20000, noise=0.276
    update 210/800: mean_episode_return=-74.72, buffer=20000, noise=0.265
    update 220/800: mean_episode_return=-74.97, buffer=20000, noise=0.254
    update 230/800: mean_episode_return=-61.16, buffer=20000, noise=0.242
    update 240/800: mean_episode_return=-73.82, buffer=20000, noise=0.231
    update 250/800: mean_episode_return=-86.87, buffer=20000, noise=0.22
    update 260/800: mean_episode_return=-74.67, buffer=20000, noise=0.209
    update 270/800: mean_episode_return=-69.87, buffer=20000, noise=0.197
    update 280/800: mean_episode_return=-74.56, buffer=20000, noise=0.186
    update 290/800: mean_episode_return=-72.33, buffer=20000, noise=0.175
    update 300/800: mean_episode_return=-75.14, buffer=20000, noise=0.164
    update 310/800: mean_episode_return=-70.15, buffer=20000, noise=0.152
    update 320/800: mean_episode_return=-72.1, buffer=20000, noise=0.141
    update 330/800: mean_episode_return=-63.35, buffer=20000, noise=0.13
    update 340/800: mean_episode_return=-77.38, buffer=20000, noise=0.119
    update 350/800: mean_episode_return=-70.77, buffer=20000, noise=0.107
    update 360/800: mean_episode_return=-64.59, buffer=20000, noise=0.096
    update 370/800: mean_episode_return=-84.25, buffer=20000, noise=0.085
    update 380/800: mean_episode_return=-72.96, buffer=20000, noise=0.074
    update 390/800: mean_episode_return=-68.74, buffer=20000, noise=0.062
    update 400/800: mean_episode_return=-78.58, buffer=20000, noise=0.051
    update 410/800: mean_episode_return=-72.13, buffer=20000, noise=0.05
    update 420/800: mean_episode_return=-76.81, buffer=20000, noise=0.05
    update 430/800: mean_episode_return=-71.23, buffer=20000, noise=0.05
    update 440/800: mean_episode_return=-61.19, buffer=20000, noise=0.05
    update 450/800: mean_episode_return=-63.66, buffer=20000, noise=0.05
    update 460/800: mean_episode_return=-69.79, buffer=20000, noise=0.05
    update 470/800: mean_episode_return=-70.69, buffer=20000, noise=0.05
    update 480/800: mean_episode_return=-67.85, buffer=20000, noise=0.05
    update 490/800: mean_episode_return=-65.82, buffer=20000, noise=0.05
    update 500/800: mean_episode_return=-74.94, buffer=20000, noise=0.05
    update 510/800: mean_episode_return=-73.24, buffer=20000, noise=0.05
    update 520/800: mean_episode_return=-83.34, buffer=20000, noise=0.05
    update 530/800: mean_episode_return=-59.65, buffer=20000, noise=0.05
    update 540/800: mean_episode_return=-86.91, buffer=20000, noise=0.05
    update 550/800: mean_episode_return=-82.41, buffer=20000, noise=0.05
    update 560/800: mean_episode_return=-83.77, buffer=20000, noise=0.05
    update 570/800: mean_episode_return=-71.13, buffer=20000, noise=0.05
    update 580/800: mean_episode_return=-73.48, buffer=20000, noise=0.05
    update 590/800: mean_episode_return=-63.36, buffer=20000, noise=0.05
    update 600/800: mean_episode_return=-74.16, buffer=20000, noise=0.05
    update 610/800: mean_episode_return=-78.09, buffer=20000, noise=0.05
    update 620/800: mean_episode_return=-85.34, buffer=20000, noise=0.05
    update 630/800: mean_episode_return=-79.9, buffer=20000, noise=0.05
    update 640/800: mean_episode_return=-68.85, buffer=20000, noise=0.05
    update 650/800: mean_episode_return=-77.91, buffer=20000, noise=0.05
    update 660/800: mean_episode_return=-76.48, buffer=20000, noise=0.05
    update 670/800: mean_episode_return=-81.65, buffer=20000, noise=0.05
    update 680/800: mean_episode_return=-69.55, buffer=20000, noise=0.05
    update 690/800: mean_episode_return=-71.11, buffer=20000, noise=0.05
    update 700/800: mean_episode_return=-58.76, buffer=20000, noise=0.05
    update 710/800: mean_episode_return=-63.71, buffer=20000, noise=0.05
    update 720/800: mean_episode_return=-75.76, buffer=20000, noise=0.05
    update 730/800: mean_episode_return=-67.06, buffer=20000, noise=0.05
    update 740/800: mean_episode_return=-63.15, buffer=20000, noise=0.05
    update 750/800: mean_episode_return=-71.98, buffer=20000, noise=0.05
    update 760/800: mean_episode_return=-73.19, buffer=20000, noise=0.05
    update 770/800: mean_episode_return=-74.83, buffer=20000, noise=0.05
    update 780/800: mean_episode_return=-74.01, buffer=20000, noise=0.05
    update 790/800: mean_episode_return=-85.73, buffer=20000, noise=0.05
    update 800/800: mean_episode_return=-78.06, buffer=20000, noise=0.05

Phase 3: Final eval...
  MADDPG v3 (with_aux) eval: -72.83 +/- 15.77  (delta vs random: 2.38)
  Monitor AUROC per agent: [0.7992154359817505, 0.7657163739204407, 0.7513329386711121]
  Log: E:\agi-research\projects\project_f_multi_agent\code\checkpoints\pz_maddpg_v3\seed4_with_aux\phase2_log.json
