Traceback (most recent call last):
  File "E:\agi-research\projects\project_f_multi_agent\code\pz_maddpg_v3.py", line 362, in <module>
    if __name__ == "__main__": main()
                               ^^^^^^
  File "E:\agi-research\projects\project_f_multi_agent\code\pz_maddpg_v3.py", line 335, in main
    actors, critic, monitors, history, mon_aurocs = train_maddpg_v3(
                                                    ^^^^^^^^^^^^^^^^
  File "E:\agi-research\projects\project_f_multi_agent\code\pz_maddpg_v3.py", line 247, in train_maddpg_v3
    transitions, ep_return = collect_episode_with_next(actors, make_env(25),
                             ^^^^^^^^^^^^^^^^^^^^^^^^^^^^^^^^^^^^^^^^^^^^^^^
  File "E:\agi-research\projects\project_f_multi_agent\code\pz_maddpg_v3.py", line 69, in collect_episode_with_next
    env.step(action)
  File "C:\Users\Administrator\AppData\Local\hermes\hermes-agent\venv\Lib\site-packages\pettingzoo\utils\wrappers\order_enforcing.py", line 91, in step
    super().step(action)
  File "C:\Users\Administrator\AppData\Local\hermes\hermes-agent\venv\Lib\site-packages\pettingzoo\utils\wrappers\base.py", line 116, in step
    self.env.step(action)
  File "C:\Users\Administrator\AppData\Local\hermes\hermes-agent\venv\Lib\site-packages\pettingzoo\utils\wrappers\clip_out_of_bounds.py", line 43, in step
    EnvLogger.warn_action_out_of_bound(
  File "C:\Users\Administrator\AppData\Local\hermes\hermes-agent\venv\Lib\site-packages\pettingzoo\utils\env_logger.py", line 60, in warn_action_out_of_bound
    EnvLogger._generic_warning(
  File "C:\Users\Administrator\AppData\Local\hermes\hermes-agent\venv\Lib\site-packages\pettingzoo\utils\env_logger.py", line 31, in _generic_warning
    EnvLogger.mqueue.append(msg)
MemoryError
