============================================================
MADDPG v3 - arm=no_aux - PettingZoo Simple Spread v3 (continuous)
============================================================
  seed=3, n_updates=800, monitor_alpha=0.5

Phase 1: Random baseline = -76.79 +/- 20.04

  Stage 1: 10 warmup updates starting...
  Stage 1 update 1/10 done, buffer=750
  Stage 1 update 3/10 done, buffer=2250
  Stage 1 update 5/10 done, buffer=3750
  Stage 1 update 7/10 done, buffer=5250
  Stage 1 update 9/10 done, buffer=6750
  Stage 1 done. Training Monitors...
    collect_monitor_data: n_eps=80 starting
    collect_monitor_data: 0/80
    collect_monitor_data: 10/80
    collect_monitor_data: 20/80
    collect_monitor_data: 30/80
    collect_monitor_data: 40/80
    collect_monitor_data: 50/80
    collect_monitor_data: 60/80
    collect_monitor_data: 70/80
    collect_monitor_data: collected 240 obs_by_agent, 80 returns; returns=[-64.54648462265581, -89.11803122845126, -93.48812464198436, -56.01660932447737, -154.2795563303977]
    train_per_agent_monitors: len(obs_list)=240, median_ret=-70.43
    training Monitor agent 0
      agent 0 epoch 0 done, loss=0.6941
      agent 0 epoch 1 done, loss=0.6347
      agent 0 epoch 2 done, loss=0.6179
      agent 0 epoch 19 done, loss=0.3237
      agent 0 training done, computing AUROC
      agent 0 p_all stats: min=0.009 max=0.978 mean=0.523
      agent 0 AUROC=0.816
    training Monitor agent 1
      agent 1 epoch 0 done, loss=0.6755
      agent 1 epoch 1 done, loss=0.661
      agent 1 epoch 2 done, loss=0.6144
      agent 1 epoch 19 done, loss=0.1099
      agent 1 training done, computing AUROC
      agent 1 p_all stats: min=0.002 max=0.999 mean=0.527
      agent 1 AUROC=0.894
    training Monitor agent 2
      agent 2 epoch 0 done, loss=0.6975
      agent 2 epoch 1 done, loss=0.6562
      agent 2 epoch 2 done, loss=0.684
      agent 2 epoch 19 done, loss=0.215
      agent 2 training done, computing AUROC
      agent 2 p_all stats: min=0.012 max=1.0 mean=0.546
      agent 2 AUROC=0.824
  Monitors trained, AUROC=[0.8155974745750427, 0.8939701318740845, 0.8238077759742737]
    update 1/800: mean_episode_return=-77.65, buffer=8250, noise=0.5
    update 10/800: mean_episode_return=-93.78, buffer=15000, noise=0.49
    update 20/800: mean_episode_return=-92.77, buffer=20000, noise=0.479
    update 30/800: mean_episode_return=-58.68, buffer=20000, noise=0.467
    update 40/800: mean_episode_return=-84.23, buffer=20000, noise=0.456
    update 50/800: mean_episode_return=-75.82, buffer=20000, noise=0.445
    update 60/800: mean_episode_return=-67.81, buffer=20000, noise=0.434
    update 70/800: mean_episode_return=-82.75, buffer=20000, noise=0.422
    update 80/800: mean_episode_return=-75.52, buffer=20000, noise=0.411
    update 90/800: mean_episode_return=-77.9, buffer=20000, noise=0.4
    update 100/800: mean_episode_return=-90.06, buffer=20000, noise=0.389
    update 110/800: mean_episode_return=-69.33, buffer=20000, noise=0.377
    update 120/800: mean_episode_return=-93.79, buffer=20000, noise=0.366
    update 130/800: mean_episode_return=-66.58, buffer=20000, noise=0.355
    update 140/800: mean_episode_return=-77.53, buffer=20000, noise=0.344
    update 150/800: mean_episode_return=-78.36, buffer=20000, noise=0.332
    update 160/800: mean_episode_return=-70.03, buffer=20000, noise=0.321
    update 170/800: mean_episode_return=-72.06, buffer=20000, noise=0.31
    update 180/800: mean_episode_return=-85.36, buffer=20000, noise=0.299
    update 190/800: mean_episode_return=-82.02, buffer=20000, noise=0.287
    update 200/800: mean_episode_return=-68.74, buffer=20000, noise=0.276
    update 210/800: mean_episode_return=-81.56, buffer=20000, noise=0.265
    update 220/800: mean_episode_return=-75.64, buffer=20000, noise=0.254
    update 230/800: mean_episode_return=-62.38, buffer=20000, noise=0.242
    update 240/800: mean_episode_return=-66.01, buffer=20000, noise=0.231
    update 250/800: mean_episode_return=-71.99, buffer=20000, noise=0.22
    update 260/800: mean_episode_return=-83.61, buffer=20000, noise=0.209
    update 270/800: mean_episode_return=-67.84, buffer=20000, noise=0.197
    update 280/800: mean_episode_return=-71.05, buffer=20000, noise=0.186
    update 290/800: mean_episode_return=-74.74, buffer=20000, noise=0.175
    update 300/800: mean_episode_return=-68.63, buffer=20000, noise=0.164
    update 310/800: mean_episode_return=-74.81, buffer=20000, noise=0.152
    update 320/800: mean_episode_return=-73.47, buffer=20000, noise=0.141
    update 330/800: mean_episode_return=-68.01, buffer=20000, noise=0.13
    update 340/800: mean_episode_return=-62.03, buffer=20000, noise=0.119
    update 350/800: mean_episode_return=-82.39, buffer=20000, noise=0.107
    update 360/800: mean_episode_return=-71.2, buffer=20000, noise=0.096
    update 370/800: mean_episode_return=-65.87, buffer=20000, noise=0.085
    update 380/800: mean_episode_return=-83.04, buffer=20000, noise=0.074
    update 390/800: mean_episode_return=-75.83, buffer=20000, noise=0.062
    update 400/800: mean_episode_return=-68.26, buffer=20000, noise=0.051
    update 410/800: mean_episode_return=-79.99, buffer=20000, noise=0.05
    update 420/800: mean_episode_return=-74.74, buffer=20000, noise=0.05
    update 430/800: mean_episode_return=-70.57, buffer=20000, noise=0.05
    update 440/800: mean_episode_return=-74.71, buffer=20000, noise=0.05
    update 450/800: mean_episode_return=-53.79, buffer=20000, noise=0.05
    update 460/800: mean_episode_return=-72.27, buffer=20000, noise=0.05
    update 470/800: mean_episode_return=-67.66, buffer=20000, noise=0.05
    update 480/800: mean_episode_return=-71.35, buffer=20000, noise=0.05
    update 490/800: mean_episode_return=-69.96, buffer=20000, noise=0.05
    update 500/800: mean_episode_return=-65.9, buffer=20000, noise=0.05
    update 510/800: mean_episode_return=-68.1, buffer=20000, noise=0.05
    update 520/800: mean_episode_return=-78.44, buffer=20000, noise=0.05
    update 530/800: mean_episode_return=-86.76, buffer=20000, noise=0.05
    update 540/800: mean_episode_return=-68.91, buffer=20000, noise=0.05
    update 550/800: mean_episode_return=-90.44, buffer=20000, noise=0.05
    update 560/800: mean_episode_return=-82.22, buffer=20000, noise=0.05
    update 570/800: mean_episode_return=-81.17, buffer=20000, noise=0.05
    update 580/800: mean_episode_return=-72.21, buffer=20000, noise=0.05
    update 590/800: mean_episode_return=-78.31, buffer=20000, noise=0.05
    update 600/800: mean_episode_return=-64.57, buffer=20000, noise=0.05
    update 610/800: mean_episode_return=-71.88, buffer=20000, noise=0.05
    update 620/800: mean_episode_return=-81.03, buffer=20000, noise=0.05
    update 630/800: mean_episode_return=-84.06, buffer=20000, noise=0.05
    update 640/800: mean_episode_return=-75.65, buffer=20000, noise=0.05
    update 650/800: mean_episode_return=-61.61, buffer=20000, noise=0.05
    update 660/800: mean_episode_return=-73.29, buffer=20000, noise=0.05
    update 670/800: mean_episode_return=-70.17, buffer=20000, noise=0.05
    update 680/800: mean_episode_return=-79.05, buffer=20000, noise=0.05
    update 690/800: mean_episode_return=-69.43, buffer=20000, noise=0.05
    update 700/800: mean_episode_return=-68.17, buffer=20000, noise=0.05
    update 710/800: mean_episode_return=-62.16, buffer=20000, noise=0.05
    update 720/800: mean_episode_return=-72.45, buffer=20000, noise=0.05
    update 730/800: mean_episode_return=-68.05, buffer=20000, noise=0.05
    update 740/800: mean_episode_return=-65.08, buffer=20000, noise=0.05
    update 750/800: mean_episode_return=-69.7, buffer=20000, noise=0.05
    update 760/800: mean_episode_return=-77.44, buffer=20000, noise=0.05
    update 770/800: mean_episode_return=-80.42, buffer=20000, noise=0.05
    update 780/800: mean_episode_return=-76.41, buffer=20000, noise=0.05
    update 790/800: mean_episode_return=-71.65, buffer=20000, noise=0.05
    update 800/800: mean_episode_return=-87.8, buffer=20000, noise=0.05

Phase 3: Final eval...
  MADDPG v3 (no_aux) eval: -70.97 +/- 17.71  (delta vs random: 5.82)
  Monitor AUROC per agent: [0.8155974745750427, 0.8939701318740845, 0.8238077759742737]
  Log: E:\agi-research\projects\project_f_multi_agent\code\checkpoints\pz_maddpg_v3\seed3_no_aux\phase2_log.json
