============================================================
MADDPG v3 - arm=no_aux - PettingZoo Simple Spread v3 (continuous)
============================================================
  seed=0, n_updates=80, monitor_alpha=0.5

Phase 1: Random baseline = -78.76 +/- 25.48

  Stage 1: 10 warmup updates starting...
  Stage 1 update 1/10 done, buffer=750
  Stage 1 update 3/10 done, buffer=2250
  Stage 1 update 5/10 done, buffer=3750
  Stage 1 update 7/10 done, buffer=5250
  Stage 1 update 9/10 done, buffer=6750
  Stage 1 done. Training Monitors...
    collect_monitor_data: n_eps=80 starting
    collect_monitor_data: 0/80
    collect_monitor_data: 10/80
    collect_monitor_data: 20/80
    collect_monitor_data: 30/80
    collect_monitor_data: 40/80
    collect_monitor_data: 50/80
    collect_monitor_data: 60/80
    collect_monitor_data: 70/80
    collect_monitor_data: collected 240 obs_by_agent, 80 returns; returns=[-59.67185234193765, -57.14735439886411, -51.342545007809264, -62.12410311878767, -60.508765177750604]
    train_per_agent_monitors: len(obs_list)=240, median_ret=-69.31
    training Monitor agent 0
      agent 0 epoch 0 done, loss=0.6934
      agent 0 epoch 1 done, loss=0.6832
      agent 0 epoch 2 done, loss=0.6371
      agent 0 epoch 19 done, loss=0.3841
      agent 0 training done, computing AUROC
      agent 0 p_all stats: min=0.015 max=0.999 mean=0.516
      agent 0 AUROC=0.779
    training Monitor agent 1
      agent 1 epoch 0 done, loss=0.7073
      agent 1 epoch 1 done, loss=0.6698
      agent 1 epoch 2 done, loss=0.6872
      agent 1 epoch 19 done, loss=0.2307
      agent 1 training done, computing AUROC
      agent 1 p_all stats: min=0.01 max=0.999 mean=0.51
      agent 1 AUROC=0.832
    training Monitor agent 2
      agent 2 epoch 0 done, loss=0.6987
      agent 2 epoch 1 done, loss=0.6855
      agent 2 epoch 2 done, loss=0.6844
      agent 2 epoch 19 done, loss=0.2662
      agent 2 training done, computing AUROC
      agent 2 p_all stats: min=0.023 max=0.995 mean=0.521
      agent 2 AUROC=0.799
  Monitors trained, AUROC=[0.7789797782897949, 0.8319722414016724, 0.7991688251495361]
    update 1/80: mean_episode_return=-78.49, buffer=8250, noise=0.5
    update 10/80: mean_episode_return=-64.95, buffer=15000, noise=0.399
    update 20/80: mean_episode_return=-70.88, buffer=20000, noise=0.286
    update 30/80: mean_episode_return=-77.5, buffer=20000, noise=0.174
    update 40/80: mean_episode_return=-81.6, buffer=20000, noise=0.061
    update 50/80: mean_episode_return=-89.76, buffer=20000, noise=0.05
    update 60/80: mean_episode_return=-57.33, buffer=20000, noise=0.05
    update 70/80: mean_episode_return=-82.38, buffer=20000, noise=0.05
    update 80/80: mean_episode_return=-83.8, buffer=20000, noise=0.05

Phase 3: Final eval...
  MADDPG v3 (no_aux) eval: -70.81 +/- 18.67  (delta vs random: 7.95)
  Monitor AUROC per agent: [0.7789797782897949, 0.8319722414016724, 0.7991688251495361]
  Log: E:\agi-research\projects\project_f_multi_agent\code\checkpoints\pz_maddpg_v3\seed0_no_aux\phase2_log.json
