============================================================
MADDPG v3 - arm=with_aux - PettingZoo Simple Spread v3 (continuous)
============================================================
  seed=2, n_updates=80, monitor_alpha=0.5

Phase 1: Random baseline = -77.78 +/- 23.02

  Stage 1: 10 warmup updates starting...
  Stage 1 update 1/10 done, buffer=750
  Stage 1 update 3/10 done, buffer=2250
  Stage 1 update 5/10 done, buffer=3750
  Stage 1 update 7/10 done, buffer=5250
  Stage 1 update 9/10 done, buffer=6750
  Stage 1 done. Training Monitors...
    collect_monitor_data: n_eps=80 starting
    collect_monitor_data: 0/80
    collect_monitor_data: 10/80
    collect_monitor_data: 20/80
    collect_monitor_data: 30/80
    collect_monitor_data: 40/80
    collect_monitor_data: 50/80
    collect_monitor_data: 60/80
    collect_monitor_data: 70/80
    collect_monitor_data: collected 240 obs_by_agent, 80 returns; returns=[-33.6940585766632, -75.1044974835991, -59.017740376973485, -40.62057772340396, -90.61849644704063]
    train_per_agent_monitors: len(obs_list)=240, median_ret=-71.95
    training Monitor agent 0
      agent 0 epoch 0 done, loss=0.6835
      agent 0 epoch 1 done, loss=0.6545
      agent 0 epoch 2 done, loss=0.6491
      agent 0 epoch 19 done, loss=0.169
      agent 0 training done, computing AUROC
      agent 0 p_all stats: min=0.001 max=1.0 mean=0.5
      agent 0 AUROC=0.921
    training Monitor agent 1
      agent 1 epoch 0 done, loss=0.6929
      agent 1 epoch 1 done, loss=0.6624
      agent 1 epoch 2 done, loss=0.6602
      agent 1 epoch 19 done, loss=0.1232
      agent 1 training done, computing AUROC
      agent 1 p_all stats: min=0.0 max=1.0 mean=0.502
      agent 1 AUROC=0.927
    training Monitor agent 2
      agent 2 epoch 0 done, loss=0.7038
      agent 2 epoch 1 done, loss=0.627
      agent 2 epoch 2 done, loss=0.5886
      agent 2 epoch 19 done, loss=0.185
      agent 2 training done, computing AUROC
      agent 2 p_all stats: min=0.012 max=0.996 mean=0.514
      agent 2 AUROC=0.845
  Monitors trained, AUROC=[0.9207342267036438, 0.9274166822433472, 0.8448413610458374]
    update 1/80: mean_episode_return=-88.1, buffer=8250, noise=0.5
    update 10/80: mean_episode_return=-80.68, buffer=15000, noise=0.399
    update 20/80: mean_episode_return=-82.74, buffer=20000, noise=0.286
    update 30/80: mean_episode_return=-84.75, buffer=20000, noise=0.174
    update 40/80: mean_episode_return=-55.76, buffer=20000, noise=0.061
    update 50/80: mean_episode_return=-73.21, buffer=20000, noise=0.05
    update 60/80: mean_episode_return=-79.53, buffer=20000, noise=0.05
    update 70/80: mean_episode_return=-66.85, buffer=20000, noise=0.05
    update 80/80: mean_episode_return=-76.41, buffer=20000, noise=0.05

Phase 3: Final eval...
  MADDPG v3 (with_aux) eval: -69.24 +/- 17.72  (delta vs random: 8.55)
  Monitor AUROC per agent: [0.9207342267036438, 0.9274166822433472, 0.8448413610458374]
  Log: E:\agi-research\projects\project_f_multi_agent\code\checkpoints\pz_maddpg_v3\seed2_with_aux\phase2_log.json
