============================================================
DMC (Decoupled Monitor Coordination) - PettingZoo Simple Spread v3
============================================================
  seed=2, monitor_beta=0.5
  Stage 1: 5 PPO updates x 10 episodes
  Monitor training: 50 frozen-PPO episodes
  Stage 2: 5 shaped PPO updates
  History len: 20, eval episodes: 15
  Per-agent: independent PPO + independent Monitor + Y1.3-style shaping

  obs_dim=18, n_actions=5

Phase 1: Random baseline...
  Random:  -78.15 +/- 20.77

Phase 2: Stage-1 SHARED PPO (no Monitor) 5 updates...
  stage1 u= 0 eval5=-154.57
  stage1 u= 1 eval5=-157.70
  stage1 u= 2 eval5=-180.22
  stage1 u= 3 eval5=-208.54
  stage1 u= 4 eval5=-214.50
  Stage 1 final eval: -195.30 +/- 28.25

Phase 3: Train 3 per-agent Monitors on frozen PPO rollouts...
  Monitor dataset: n=50, median_return=-25.98, min=-73.43, max=-14.29
  Threshold = median (-25.98); pos=25, neg=25
  Monitor agent_0: AUROC=0.994  (n=50, pos=25, neg=25)
  Monitor agent_1: AUROC=0.994  (n=50, pos=25, neg=25)
  Monitor agent_2: AUROC=0.990  (n=50, pos=25, neg=25)

Phase 3b: Joint failure predictor (diagnosis only)...
  Joint failure predictor AUROC: 0.500

Phase 4: Stage-2 PPO with shaped reward (5 updates, monitor_beta=0.5)...
  stage2 u= 0 eval5=-216.53
  stage2 u= 1 eval5=-204.00
  stage2 u= 2 eval5=-188.83
  stage2 u= 3 eval5=-196.50
  stage2 u= 4 eval5=-188.42

Phase 5: Final eval...

============================================================
DMC SUMMARY
============================================================
  Random:                   -78.15 +/- 20.77
  Per-agent PPO (Stage 1): -195.30 +/- 28.25
  DMC (Stage 2, shaped):   -197.90 +/- 54.36
  Delta vs random:         -119.75
  Delta vs Stage 1 PPO:      -2.60

  Per-agent Monitor AUROC (frozen PPO rollouts):
    agent_0: 0.994
    agent_1: 0.994
    agent_2: 0.990
  Joint failure predictor AUROC: 0.500

Log saved to: E:\agi-research\projects\project_f_multi_agent\code\checkpoints\pz_dmc\seed2\phase2_log.json
