============================================================
DMC (Decoupled Monitor Coordination) - PettingZoo Simple Spread v3
============================================================
  seed=4, monitor_beta=0.5
  Stage 1: 5 PPO updates x 10 episodes
  Monitor training: 50 frozen-PPO episodes
  Stage 2: 5 shaped PPO updates
  History len: 20, eval episodes: 15
  Per-agent: independent PPO + independent Monitor + Y1.3-style shaping

  obs_dim=18, n_actions=5

Phase 1: Random baseline...
  Random:  -81.51 +/- 28.25

Phase 2: Stage-1 SHARED PPO (no Monitor) 5 updates...
  stage1 u= 0 eval5=-125.44
  stage1 u= 1 eval5=-142.04
  stage1 u= 2 eval5=-121.05
  stage1 u= 3 eval5=-125.29
  stage1 u= 4 eval5=-149.43
  Stage 1 final eval: -135.92 +/- 31.03

Phase 3: Train 3 per-agent Monitors on frozen PPO rollouts...
  Monitor dataset: n=50, median_return=-25.05, min=-48.76, max=-12.07
  Threshold = median (-25.05); pos=25, neg=25
  Monitor agent_0: AUROC=0.994  (n=50, pos=25, neg=25)
  Monitor agent_1: AUROC=0.990  (n=50, pos=25, neg=25)
  Monitor agent_2: AUROC=0.979  (n=50, pos=25, neg=25)

Phase 3b: Joint failure predictor (diagnosis only)...
  Joint failure predictor AUROC: 0.500

Phase 4: Stage-2 PPO with shaped reward (5 updates, monitor_beta=0.5, shaping_mode=random)...
  stage2 u= 0 eval5=-116.13
  stage2 u= 1 eval5=-103.61
  stage2 u= 2 eval5= -89.60
  stage2 u= 3 eval5=-105.73
  stage2 u= 4 eval5=-150.18

Phase 5: Final eval...

============================================================
DMC SUMMARY
============================================================
  Random:                   -81.51 +/- 28.25
  Per-agent PPO (Stage 1): -135.92 +/- 31.03
  DMC (Stage 2, shaped):   -117.53 +/- 42.48
  Delta vs random:          -36.03
  Delta vs Stage 1 PPO:     +18.38

  Per-agent Monitor AUROC (frozen PPO rollouts):
    agent_0: 0.994
    agent_1: 0.990
    agent_2: 0.979
  Joint failure predictor AUROC: 0.500

Log saved to: E:\agi-research\projects\project_f_multi_agent\code\checkpoints\pz_dmc\seed4_random\phase2_log.json
