============================================================
MADDPG v3 - arm=no_aux - PettingZoo Simple Spread v3 (continuous)
============================================================
  seed=1, n_updates=80, monitor_alpha=0.5

Phase 1: Random baseline = -76.66 +/- 24.98

  Stage 1: 10 warmup updates starting...
  Stage 1 update 1/10 done, buffer=750
  Stage 1 update 3/10 done, buffer=2250
  Stage 1 update 5/10 done, buffer=3750
  Stage 1 update 7/10 done, buffer=5250
  Stage 1 update 9/10 done, buffer=6750
  Stage 1 done. Training Monitors...
    collect_monitor_data: n_eps=80 starting
    collect_monitor_data: 0/80
    collect_monitor_data: 10/80
    collect_monitor_data: 20/80
    collect_monitor_data: 30/80
    collect_monitor_data: 40/80
    collect_monitor_data: 50/80
    collect_monitor_data: 60/80
    collect_monitor_data: 70/80
    collect_monitor_data: collected 240 obs_by_agent, 80 returns; returns=[-110.50325675424021, -61.35365150928084, -81.50148048978016, -78.45066512166946, -106.77351436170063]
    train_per_agent_monitors: len(obs_list)=240, median_ret=-72.94
    training Monitor agent 0
      agent 0 epoch 0 done, loss=0.681
      agent 0 epoch 1 done, loss=0.6418
      agent 0 epoch 2 done, loss=0.63
      agent 0 epoch 19 done, loss=0.1637
      agent 0 training done, computing AUROC
      agent 0 p_all stats: min=0.007 max=0.991 mean=0.51
      agent 0 AUROC=0.821
    training Monitor agent 1
      agent 1 epoch 0 done, loss=0.6671
      agent 1 epoch 1 done, loss=0.7159
      agent 1 epoch 2 done, loss=0.5962
      agent 1 epoch 19 done, loss=0.1937
      agent 1 training done, computing AUROC
      agent 1 p_all stats: min=0.008 max=0.999 mean=0.524
      agent 1 AUROC=0.827
    training Monitor agent 2
      agent 2 epoch 0 done, loss=0.7059
      agent 2 epoch 1 done, loss=0.6452
      agent 2 epoch 2 done, loss=0.6582
      agent 2 epoch 19 done, loss=0.1786
      agent 2 training done, computing AUROC
      agent 2 p_all stats: min=0.004 max=1.0 mean=0.499
      agent 2 AUROC=0.855
  Monitors trained, AUROC=[0.8205735683441162, 0.8274332880973816, 0.8552107810974121]
    update 1/80: mean_episode_return=-80.22, buffer=8250, noise=0.5
    update 10/80: mean_episode_return=-70.98, buffer=15000, noise=0.399
    update 20/80: mean_episode_return=-80.68, buffer=20000, noise=0.286
    update 30/80: mean_episode_return=-93.56, buffer=20000, noise=0.174
    update 40/80: mean_episode_return=-87.8, buffer=20000, noise=0.061
    update 50/80: mean_episode_return=-59.42, buffer=20000, noise=0.05
    update 60/80: mean_episode_return=-82.3, buffer=20000, noise=0.05
    update 70/80: mean_episode_return=-80.89, buffer=20000, noise=0.05
    update 80/80: mean_episode_return=-67.86, buffer=20000, noise=0.05

Phase 3: Final eval...
  MADDPG v3 (no_aux) eval: -70.87 +/- 16.04  (delta vs random: 5.79)
  Monitor AUROC per agent: [0.8205735683441162, 0.8274332880973816, 0.8552107810974121]
  Log: E:\agi-research\projects\project_f_multi_agent\code\checkpoints\pz_maddpg_v3\seed1_no_aux\phase2_log.json
