============================================================
MADDPG v3 - arm=with_aux - PettingZoo Simple Spread v3 (continuous)
============================================================
  seed=1, n_updates=800, monitor_alpha=0.5

Phase 1: Random baseline = -83.65 +/- 25.11

  Stage 1: 10 warmup updates starting...
  Stage 1 update 1/10 done, buffer=750
  Stage 1 update 3/10 done, buffer=2250
  Stage 1 update 5/10 done, buffer=3750
  Stage 1 update 7/10 done, buffer=5250
  Stage 1 update 9/10 done, buffer=6750
  Stage 1 done. Training Monitors...
    collect_monitor_data: n_eps=80 starting
    collect_monitor_data: 0/80
    collect_monitor_data: 10/80
    collect_monitor_data: 20/80
    collect_monitor_data: 30/80
    collect_monitor_data: 40/80
    collect_monitor_data: 50/80
    collect_monitor_data: 60/80
    collect_monitor_data: 70/80
    collect_monitor_data: collected 240 obs_by_agent, 80 returns; returns=[-110.50325675424021, -61.35365150928084, -81.50148048978016, -78.45066512166946, -106.77351436170063]
    train_per_agent_monitors: len(obs_list)=240, median_ret=-72.94
    training Monitor agent 0
      agent 0 epoch 0 done, loss=0.681
      agent 0 epoch 1 done, loss=0.6418
      agent 0 epoch 2 done, loss=0.63
      agent 0 epoch 19 done, loss=0.1637
      agent 0 training done, computing AUROC
      agent 0 p_all stats: min=0.007 max=0.991 mean=0.51
      agent 0 AUROC=0.821
    training Monitor agent 1
      agent 1 epoch 0 done, loss=0.6671
      agent 1 epoch 1 done, loss=0.7159
      agent 1 epoch 2 done, loss=0.5962
      agent 1 epoch 19 done, loss=0.1937
      agent 1 training done, computing AUROC
      agent 1 p_all stats: min=0.008 max=0.999 mean=0.524
      agent 1 AUROC=0.827
    training Monitor agent 2
      agent 2 epoch 0 done, loss=0.7059
      agent 2 epoch 1 done, loss=0.6452
      agent 2 epoch 2 done, loss=0.6582
      agent 2 epoch 19 done, loss=0.1786
      agent 2 training done, computing AUROC
      agent 2 p_all stats: min=0.004 max=1.0 mean=0.499
      agent 2 AUROC=0.855
  Monitors trained, AUROC=[0.8205735683441162, 0.8274332880973816, 0.8552107810974121]
    update 1/800: mean_episode_return=-80.22, buffer=8250, noise=0.5
    update 10/800: mean_episode_return=-71.31, buffer=15000, noise=0.49
    update 20/800: mean_episode_return=-80.57, buffer=20000, noise=0.479
    update 30/800: mean_episode_return=-99.89, buffer=20000, noise=0.467
    update 40/800: mean_episode_return=-92.77, buffer=20000, noise=0.456
    update 50/800: mean_episode_return=-68.67, buffer=20000, noise=0.445
    update 60/800: mean_episode_return=-83.57, buffer=20000, noise=0.434
    update 70/800: mean_episode_return=-91.46, buffer=20000, noise=0.422
    update 80/800: mean_episode_return=-74.59, buffer=20000, noise=0.411
    update 90/800: mean_episode_return=-82.99, buffer=20000, noise=0.4
    update 100/800: mean_episode_return=-77.34, buffer=20000, noise=0.389
    update 110/800: mean_episode_return=-84.11, buffer=20000, noise=0.377
    update 120/800: mean_episode_return=-92.72, buffer=20000, noise=0.366
    update 130/800: mean_episode_return=-80.15, buffer=20000, noise=0.355
    update 140/800: mean_episode_return=-89.61, buffer=20000, noise=0.344
    update 150/800: mean_episode_return=-67.96, buffer=20000, noise=0.332
    update 160/800: mean_episode_return=-75.36, buffer=20000, noise=0.321
    update 170/800: mean_episode_return=-85.72, buffer=20000, noise=0.31
    update 180/800: mean_episode_return=-70.31, buffer=20000, noise=0.299
    update 190/800: mean_episode_return=-68.88, buffer=20000, noise=0.287
    update 200/800: mean_episode_return=-81.26, buffer=20000, noise=0.276
    update 210/800: mean_episode_return=-83.37, buffer=20000, noise=0.265
    update 220/800: mean_episode_return=-62.04, buffer=20000, noise=0.254
    update 230/800: mean_episode_return=-86.52, buffer=20000, noise=0.242
    update 240/800: mean_episode_return=-72.11, buffer=20000, noise=0.231
    update 250/800: mean_episode_return=-69.17, buffer=20000, noise=0.22
    update 260/800: mean_episode_return=-65.21, buffer=20000, noise=0.209
    update 270/800: mean_episode_return=-73.83, buffer=20000, noise=0.197
    update 280/800: mean_episode_return=-88.98, buffer=20000, noise=0.186
    update 290/800: mean_episode_return=-67.37, buffer=20000, noise=0.175
    update 300/800: mean_episode_return=-70.33, buffer=20000, noise=0.164
    update 310/800: mean_episode_return=-77.32, buffer=20000, noise=0.152
    update 320/800: mean_episode_return=-69.35, buffer=20000, noise=0.141
    update 330/800: mean_episode_return=-77.73, buffer=20000, noise=0.13
    update 340/800: mean_episode_return=-71.46, buffer=20000, noise=0.119
    update 350/800: mean_episode_return=-74.34, buffer=20000, noise=0.107
    update 360/800: mean_episode_return=-62.24, buffer=20000, noise=0.096
    update 370/800: mean_episode_return=-81.97, buffer=20000, noise=0.085
    update 380/800: mean_episode_return=-74.9, buffer=20000, noise=0.074
    update 390/800: mean_episode_return=-62.8, buffer=20000, noise=0.062
    update 400/800: mean_episode_return=-86.37, buffer=20000, noise=0.051
    update 410/800: mean_episode_return=-73.64, buffer=20000, noise=0.05
    update 420/800: mean_episode_return=-65.93, buffer=20000, noise=0.05
    update 430/800: mean_episode_return=-84.58, buffer=20000, noise=0.05
    update 440/800: mean_episode_return=-74.75, buffer=20000, noise=0.05
    update 450/800: mean_episode_return=-75.99, buffer=20000, noise=0.05
    update 460/800: mean_episode_return=-70.01, buffer=20000, noise=0.05
    update 470/800: mean_episode_return=-63.9, buffer=20000, noise=0.05
    update 480/800: mean_episode_return=-71.6, buffer=20000, noise=0.05
    update 490/800: mean_episode_return=-72.28, buffer=20000, noise=0.05
    update 500/800: mean_episode_return=-68.68, buffer=20000, noise=0.05
    update 510/800: mean_episode_return=-70.51, buffer=20000, noise=0.05
    update 520/800: mean_episode_return=-71.45, buffer=20000, noise=0.05
    update 530/800: mean_episode_return=-74.06, buffer=20000, noise=0.05
    update 540/800: mean_episode_return=-85.73, buffer=20000, noise=0.05
    update 550/800: mean_episode_return=-89.86, buffer=20000, noise=0.05
    update 560/800: mean_episode_return=-68.58, buffer=20000, noise=0.05
    update 570/800: mean_episode_return=-96.05, buffer=20000, noise=0.05
    update 580/800: mean_episode_return=-87.39, buffer=20000, noise=0.05
    update 590/800: mean_episode_return=-86.87, buffer=20000, noise=0.05
    update 600/800: mean_episode_return=-73.41, buffer=20000, noise=0.05
    update 610/800: mean_episode_return=-82.48, buffer=20000, noise=0.05
    update 620/800: mean_episode_return=-62.04, buffer=20000, noise=0.05
    update 630/800: mean_episode_return=-72.3, buffer=20000, noise=0.05
    update 640/800: mean_episode_return=-97.58, buffer=20000, noise=0.05
    update 650/800: mean_episode_return=-86.11, buffer=20000, noise=0.05
    update 660/800: mean_episode_return=-83.8, buffer=20000, noise=0.05
    update 670/800: mean_episode_return=-77.31, buffer=20000, noise=0.05
    update 680/800: mean_episode_return=-76.49, buffer=20000, noise=0.05
    update 690/800: mean_episode_return=-82.4, buffer=20000, noise=0.05
    update 700/800: mean_episode_return=-92.98, buffer=20000, noise=0.05
    update 710/800: mean_episode_return=-71.97, buffer=20000, noise=0.05
    update 720/800: mean_episode_return=-77.68, buffer=20000, noise=0.05
    update 730/800: mean_episode_return=-72.6, buffer=20000, noise=0.05
    update 740/800: mean_episode_return=-66.19, buffer=20000, noise=0.05
    update 750/800: mean_episode_return=-79.39, buffer=20000, noise=0.05
    update 760/800: mean_episode_return=-79.11, buffer=20000, noise=0.05
    update 770/800: mean_episode_return=-68.02, buffer=20000, noise=0.05
    update 780/800: mean_episode_return=-72.16, buffer=20000, noise=0.05
    update 790/800: mean_episode_return=-77.3, buffer=20000, noise=0.05
    update 800/800: mean_episode_return=-81.56, buffer=20000, noise=0.05

Phase 3: Final eval...
  MADDPG v3 (with_aux) eval: -75.42 +/- 16.46  (delta vs random: 8.23)
  Monitor AUROC per agent: [0.8205735683441162, 0.8274332880973816, 0.8552107810974121]
  Log: E:\agi-research\projects\project_f_multi_agent\code\checkpoints\pz_maddpg_v3\seed1_with_aux\phase2_log.json
