============================================================
MADDPG v5 - arm=no_verifier - PettingZoo Simple Spread v3 (continuous)
============================================================
  seed=4, n_updates=800

Phase 1: Random baseline = -79.06 +/- 23.81

  Stage 0: Training per-agent Monitors on frozen PPO rollouts...
  Stage 1: 10 warmup updates starting...
    update 1/800: mean_episode_return=-81.37, buffer=8250
    update 20/800: mean_episode_return=-64.67, buffer=20000
    update 40/800: mean_episode_return=-81.11, buffer=20000
    update 60/800: mean_episode_return=-81.64, buffer=20000
    update 80/800: mean_episode_return=-77.03, buffer=20000
    update 100/800: mean_episode_return=-73.63, buffer=20000
    update 120/800: mean_episode_return=-74.37, buffer=20000
    update 140/800: mean_episode_return=-81.78, buffer=20000
    update 160/800: mean_episode_return=-72.49, buffer=20000
    update 180/800: mean_episode_return=-81.13, buffer=20000
    update 200/800: mean_episode_return=-75.94, buffer=20000
    update 220/800: mean_episode_return=-74.97, buffer=20000
    update 240/800: mean_episode_return=-73.82, buffer=20000
    update 260/800: mean_episode_return=-74.67, buffer=20000
    update 280/800: mean_episode_return=-74.56, buffer=20000
    update 300/800: mean_episode_return=-75.14, buffer=20000
    update 320/800: mean_episode_return=-72.1, buffer=20000
    update 340/800: mean_episode_return=-77.38, buffer=20000
    update 360/800: mean_episode_return=-64.59, buffer=20000
    update 380/800: mean_episode_return=-72.96, buffer=20000
    update 400/800: mean_episode_return=-78.58, buffer=20000
    update 420/800: mean_episode_return=-76.81, buffer=20000
    update 440/800: mean_episode_return=-61.19, buffer=20000
    update 460/800: mean_episode_return=-69.79, buffer=20000
    update 480/800: mean_episode_return=-67.85, buffer=20000
    update 500/800: mean_episode_return=-74.94, buffer=20000
    update 520/800: mean_episode_return=-83.34, buffer=20000
    update 540/800: mean_episode_return=-86.91, buffer=20000
    update 560/800: mean_episode_return=-83.77, buffer=20000
    update 580/800: mean_episode_return=-73.48, buffer=20000
    update 600/800: mean_episode_return=-74.16, buffer=20000
    update 620/800: mean_episode_return=-85.34, buffer=20000
    update 640/800: mean_episode_return=-68.85, buffer=20000
    update 660/800: mean_episode_return=-76.48, buffer=20000
    update 680/800: mean_episode_return=-69.55, buffer=20000
    update 700/800: mean_episode_return=-58.76, buffer=20000
    update 720/800: mean_episode_return=-75.76, buffer=20000
    update 740/800: mean_episode_return=-63.15, buffer=20000
    update 760/800: mean_episode_return=-73.19, buffer=20000
    update 780/800: mean_episode_return=-74.01, buffer=20000
    update 800/800: mean_episode_return=-78.06, buffer=20000

Phase 3: Final eval...
  MADDPG v5 (no_verifier) eval: -72.83 +/- 15.77  (delta vs random: 6.23)
  Monitor AUROC per agent: [0.799, 0.766, 0.751]
  Log: E:\agi-research\projects\project_f_multi_agent\code\checkpoints\pz_maddpg_v5\seed4_no_verifier\phase2_log.json
