[Phase 1.5 v0.2: Calibrated 4-Layer Integration] env=LunarLander-v3 seed=2
  target_fpr=0.1  min_q_coverage=50  val_fraction=0.2  n_eval=50
======================================================================
[A] PPO trained.
[Data] 200 rollouts, threshold=0.0  (train=160, val=40)
[A] SlotMonitor trained (val AUROC = 0.994)
[Cal] Platt fit: a=1.713 b=-1.120  -> target FPR=0.10, threshold=0.089
[Cal] val FPR=0.07  val TPR=1.00  (n_neg=27, n_pos=13)
[Q] Q-function trained. coverage=78133 (need>=50) -> gate_enabled=True
[E] Verifier ready with 3 rules
[D] Language interface ready (template-based)

======================================================================
FULL INTEGRATION EPISODES (v0.2)
======================================================================
  ep0 t=  0 action=3 reward_so_far=2 | Position (-0.00, 1.42); velocity (-0.18, 0.32); angle 0.00 rad; legs (L=0, R=0). Monitor says: failu
     Plan: continue. Monitor confidence low (0.00); PPO action is likely safe.
  ep0 t= 50 action=2 reward_so_far=-101 | Position (-0.05, 1.71); velocity (0.09, 0.70); angle -0.24 rad; legs (L=0, R=0). Monitor says: failu
     Plan: intervene. Monitor says 1.00 > 0.08939054827408116. Consider gated action.
  ep0 t=100 action=2 reward_so_far=-440 | Position (0.30, 2.94); velocity (1.57, 1.39); angle -0.76 rad; legs (L=0, R=0). Monitor says: failur
     Plan: intervene. Monitor says 1.00 > 0.08939054827408116. Consider gated action.
  ep0 FINAL: gated=-827 ungated=-33 gates=115 (skipped_qcov=0)
    Verifier: ALWAYS angle_below(1.0) -> freq=0.0 conf=1.0
    Verifier: EVENTUALLY velocity_below(0.3) -> freq=0.24615384615384617 conf=1.0
    Verifier: ALWAYS (landed() IMPLIES in_pad()) -> freq=1.0 conf=1.0

  ep1 t=  0 action=1 reward_so_far=1 | Position (0.00, 1.41); velocity (0.31, 0.15); angle -0.00 rad; legs (L=0, R=0). Monitor says: failur
     Plan: continue. Monitor confidence low (0.00); PPO action is likely safe.
  ep1 t= 50 action=2 reward_so_far=-76 | Position (0.12, 1.59); velocity (0.13, 0.62); angle 0.13 rad; legs (L=0, R=0). Monitor says: failure
     Plan: intervene. Monitor says 0.98 > 0.08939054827408116. Consider gated action.
  ep1 t=100 action=2 reward_so_far=-379 | Position (-0.02, 2.94); velocity (-0.88, 1.65); angle 0.42 rad; legs (L=0, R=0). Monitor says: failu
     Plan: intervene. Monitor says 1.00 > 0.08939054827408116. Consider gated action.
  ep1 t=150 action=2 reward_so_far=-799 | Position (-0.85, 5.13); velocity (-2.51, 2.16); angle 0.75 rad; legs (L=0, R=0). Monitor says: failu
     Plan: intervene. Monitor says 1.00 > 0.08939054827408116. Consider gated action.
  ep1 FINAL: gated=-945 ungated=-37 gates=141 (skipped_qcov=0)
    Verifier: ALWAYS angle_below(1.0) -> freq=1.0 conf=1.0
    Verifier: EVENTUALLY velocity_below(0.3) -> freq=0.21153846153846154 conf=1.0
    Verifier: ALWAYS (landed() IMPLIES in_pad()) -> freq=1.0 conf=1.0

  ep2 t=  0 action=3 reward_so_far=-0 | Position (0.00, 1.42); velocity (0.40, 0.48); angle -0.00 rad; legs (L=0, R=0). Monitor says: failur
     Plan: continue. Monitor confidence low (0.00); PPO action is likely safe.
  ep2 t= 50 action=2 reward_so_far=-60 | Position (0.14, 1.74); velocity (0.11, 0.60); angle 0.17 rad; legs (L=0, R=0). Monitor says: failure
     Plan: intervene. Monitor says 0.98 > 0.08939054827408116. Consider gated action.
  ep2 t=100 action=2 reward_so_far=-388 | Position (-0.03, 3.03); velocity (-1.00, 1.73); angle 0.56 rad; legs (L=0, R=0). Monitor says: failu
     Plan: intervene. Monitor says 1.00 > 0.08939054827408116. Consider gated action.
  ep2 FINAL: gated=-962 ungated=53 gates=130 (skipped_qcov=0)
    Verifier: ALWAYS angle_below(1.0) -> freq=0.0 conf=1.0
    Verifier: EVENTUALLY velocity_below(0.3) -> freq=0.0 conf=1.0
    Verifier: ALWAYS (landed() IMPLIES in_pad()) -> freq=1.0 conf=1.0

  ep3 t=  0 action=2 reward_so_far=-0 | Position (-0.00, 1.41); velocity (-0.30, -0.15); angle 0.00 rad; legs (L=0, R=0). Monitor says: fail
     Plan: continue. Monitor confidence low (0.00); PPO action is likely safe.
  ep3 t= 50 action=2 reward_so_far=-79 | Position (-0.10, 1.52); velocity (0.15, 0.51); angle -0.30 rad; legs (L=0, R=0). Monitor says: failu
     Plan: intervene. Monitor says 0.99 > 0.08939054827408116. Consider gated action.
  ep3 t=100 action=2 reward_so_far=-381 | Position (0.37, 2.65); velocity (1.65, 1.46); angle -0.32 rad; legs (L=0, R=0). Monitor says: failur
     Plan: intervene. Monitor says 1.00 > 0.08939054827408116. Consider gated action.
  ep3 FINAL: gated=-680 ungated=-10 gates=115 (skipped_qcov=0)
    Verifier: ALWAYS angle_below(1.0) -> freq=1.0 conf=1.0
    Verifier: EVENTUALLY velocity_below(0.3) -> freq=0.29545454545454547 conf=1.0
    Verifier: ALWAYS (landed() IMPLIES in_pad()) -> freq=1.0 conf=1.0

  ep4 t=  0 action=2 reward_so_far=1 | Position (-0.00, 1.40); velocity (-0.38, -0.56); angle 0.00 rad; legs (L=0, R=0). Monitor says: fail
     Plan: continue. Monitor confidence low (0.00); PPO action is likely safe.
  ep4 t= 50 action=2 reward_so_far=7 | Position (-0.24, 1.25); velocity (-0.49, 0.25); angle 0.01 rad; legs (L=0, R=0). Monitor says: failu
     Plan: intervene. Monitor says 0.97 > 0.08939054827408116. Consider gated action.
  ep4 t=100 action=2 reward_so_far=-166 | Position (-0.47, 2.05); velocity (-0.38, 1.17); angle -0.05 rad; legs (L=0, R=0). Monitor says: fail
     Plan: intervene. Monitor says 1.00 > 0.08939054827408116. Consider gated action.
  ep4 t=150 action=2 reward_so_far=-465 | Position (-0.63, 3.92); velocity (-0.22, 2.13); angle -0.09 rad; legs (L=0, R=0). Monitor says: fail
     Plan: intervene. Monitor says 1.00 > 0.08939054827408116. Consider gated action.
  ep4 t=200 action=2 reward_so_far=-888 | Position (-0.65, 6.90); velocity (0.23, 3.06); angle -0.28 rad; legs (L=0, R=0). Monitor says: failu
     Plan: intervene. Monitor says 1.00 > 0.08939054827408116. Consider gated action.
  ep4 t=250 action=2 reward_so_far=-1430 | Position (-0.22, 10.82); velocity (1.58, 3.87); angle -0.52 rad; legs (L=0, R=0). Monitor says: fail
     Plan: intervene. Monitor says 0.99 > 0.08939054827408116. Consider gated action.
  ep4 FINAL: gated=-2144 ungated=21 gates=269 (skipped_qcov=0)
    Verifier: ALWAYS angle_below(1.0) -> freq=1.0 conf=1.0
    Verifier: EVENTUALLY velocity_below(0.3) -> freq=0.0 conf=1.0
    Verifier: ALWAYS (landed() IMPLIES in_pad()) -> freq=1.0 conf=1.0

  ep5 t=  0 action=2 reward_so_far=2 | Position (-0.01, 1.40); velocity (-0.78, -0.29); angle 0.01 rad; legs (L=0, R=0). Monitor says: fail
     Plan: continue. Monitor confidence low (0.00); PPO action is likely safe.
  ep5 t= 50 action=2 reward_so_far=-59 | Position (-0.41, 1.41); velocity (-0.98, 0.43); angle 0.15 rad; legs (L=0, R=0). Monitor says: failu
     Plan: intervene. Monitor says 0.99 > 0.08939054827408116. Consider gated action.
  ep5 FINAL: gated=-344 ungated=-44 gates=83 (skipped_qcov=0)
    Verifier: ALWAYS angle_below(1.0) -> freq=1.0 conf=0.97
    Verifier: EVENTUALLY velocity_below(0.3) -> freq=0.0 conf=0.97
    Verifier: ALWAYS (landed() IMPLIES in_pad()) -> freq=1.0 conf=0.97

  ep6 t=  0 action=3 reward_so_far=2 | Position (-0.00, 1.42); velocity (-0.18, 0.29); angle 0.00 rad; legs (L=0, R=0). Monitor says: failu
     Plan: continue. Monitor confidence low (0.00); PPO action is likely safe.
  ep6 t= 50 action=2 reward_so_far=-85 | Position (-0.07, 1.69); velocity (-0.08, 0.68); angle 0.09 rad; legs (L=0, R=0). Monitor says: failu
     Plan: intervene. Monitor says 0.99 > 0.08939054827408116. Consider gated action.
  ep6 t=100 action=2 reward_so_far=-354 | Position (-0.25, 2.86); velocity (-0.90, 1.33); angle 0.52 rad; legs (L=0, R=0). Monitor says: failu
     Plan: intervene. Monitor says 1.00 > 0.08939054827408116. Consider gated action.
  ep6 FINAL: gated=-810 ungated=-12 gates=126 (skipped_qcov=0)
    Verifier: ALWAYS angle_below(1.0) -> freq=1.0 conf=1.0
    Verifier: EVENTUALLY velocity_below(0.3) -> freq=0.24647887323943662 conf=1.0
    Verifier: ALWAYS (landed() IMPLIES in_pad()) -> freq=1.0 conf=1.0

  ep7 t=  0 action=3 reward_so_far=1 | Position (-0.01, 1.42); velocity (-0.73, 0.49); angle 0.01 rad; legs (L=0, R=0). Monitor says: failu
     Plan: continue. Monitor confidence low (0.00); PPO action is likely safe.
  ep7 t= 50 action=2 reward_so_far=-110 | Position (-0.22, 1.96); velocity (0.11, 0.77); angle -0.51 rad; legs (L=0, R=0). Monitor says: failu
     Plan: intervene. Monitor says 1.00 > 0.08939054827408116. Consider gated action.
  ep7 t=100 action=2 reward_so_far=-458 | Position (0.34, 3.04); velocity (2.27, 1.00); angle -1.02 rad; legs (L=0, R=0). Monitor says: failur
     Plan: intervene. Monitor says 1.00 > 0.08939054827408116. Consider gated action.
  ep7 FINAL: gated=-776 ungated=-45 gates=110 (skipped_qcov=0)
    Verifier: ALWAYS angle_below(1.0) -> freq=0.0 conf=1.0
    Verifier: EVENTUALLY velocity_below(0.3) -> freq=0.0 conf=1.0
    Verifier: ALWAYS (landed() IMPLIES in_pad()) -> freq=1.0 conf=1.0

  ep8 t=  0 action=3 reward_so_far=2 | Position (-0.00, 1.42); velocity (-0.21, 0.48); angle 0.00 rad; legs (L=0, R=0). Monitor says: failu
     Plan: continue. Monitor confidence low (0.00); PPO action is likely safe.
  ep8 t= 50 action=2 reward_so_far=-185 | Position (-0.00, 2.00); velocity (0.50, 1.01); angle -0.51 rad; legs (L=0, R=0). Monitor says: failu
     Plan: intervene. Monitor says 1.00 > 0.08939054827408116. Consider gated action.
  ep8 t=100 action=2 reward_so_far=-650 | Position (0.83, 3.35); velocity (3.10, 1.17); angle -1.31 rad; legs (L=0, R=0). Monitor says: failur
     Plan: intervene. Monitor says 1.00 > 0.08939054827408116. Consider gated action.
  ep8 FINAL: gated=-792 ungated=-17 gates=94 (skipped_qcov=0)
    Verifier: ALWAYS angle_below(1.0) -> freq=0.0 conf=1.0
    Verifier: EVENTUALLY velocity_below(0.3) -> freq=0.1792452830188679 conf=1.0
    Verifier: ALWAYS (landed() IMPLIES in_pad()) -> freq=1.0 conf=1.0

  ep9 t=  0 action=1 reward_so_far=1 | Position (0.01, 1.41); velocity (0.53, 0.08); angle -0.01 rad; legs (L=0, R=0). Monitor says: failur
     Plan: continue. Monitor confidence low (0.00); PPO action is likely safe.
  ep9 t= 50 action=2 reward_so_far=23 | Position (0.17, 1.37); velocity (0.19, -0.06); angle 0.08 rad; legs (L=0, R=0). Monitor says: failur
     Plan: continue. Monitor confidence low (0.08); PPO action is likely safe.
  ep9 t=100 action=2 reward_so_far=-15 | Position (0.23, 1.44); velocity (0.10, 0.33); angle -0.08 rad; legs (L=0, R=0). Monitor says: failur
     Plan: intervene. Monitor says 0.96 > 0.08939054827408116. Consider gated action.
  ep9 t=150 action=2 reward_so_far=-266 | Position (0.43, 2.32); velocity (0.89, 1.17); angle -0.36 rad; legs (L=0, R=0). Monitor says: failur
     Plan: intervene. Monitor says 1.00 > 0.08939054827408116. Consider gated action.
  ep9 FINAL: gated=-634 ungated=-20 gates=139 (skipped_qcov=0)
    Verifier: ALWAYS angle_below(1.0) -> freq=1.0 conf=1.0
    Verifier: EVENTUALLY velocity_below(0.3) -> freq=0.5 conf=1.0
    Verifier: ALWAYS (landed() IMPLIES in_pad()) -> freq=1.0 conf=1.0

  ep10 t=  0 action=2 reward_so_far=2 | Position (-0.01, 1.41); velocity (-0.59, -0.18); angle 0.01 rad; legs (L=0, R=0). Monitor says: fail
     Plan: continue. Monitor confidence low (0.00); PPO action is likely safe.
  ep10 t= 50 action=2 reward_so_far=-27 | Position (-0.27, 1.44); velocity (-0.37, 0.45); angle -0.10 rad; legs (L=0, R=0). Monitor says: fail
     Plan: intervene. Monitor says 0.99 > 0.08939054827408116. Consider gated action.
  ep10 t=100 action=2 reward_so_far=-251 | Position (-0.34, 2.51); velocity (0.11, 1.53); angle -0.15 rad; legs (L=0, R=0). Monitor says: failu
     Plan: intervene. Monitor says 1.00 > 0.08939054827408116. Consider gated action.
  ep10 t=150 action=2 reward_so_far=-617 | Position (-0.16, 4.78); velocity (0.73, 2.57); angle -0.24 rad; legs (L=0, R=0). Monitor says: failu
     Plan: intervene. Monitor says 1.00 > 0.08939054827408116. Consider gated action.
  ep10 t=200 action=2 reward_so_far=-1110 | Position (0.45, 8.23); velocity (1.66, 3.45); angle -0.39 rad; legs (L=0, R=0). Monitor says: failur
     Plan: intervene. Monitor says 1.00 > 0.08939054827408116. Consider gated action.
  ep10 FINAL: gated=-1531 ungated=14 gates=213 (skipped_qcov=0)
    Verifier: ALWAYS angle_below(1.0) -> freq=1.0 conf=1.0
    Verifier: EVENTUALLY velocity_below(0.3) -> freq=0.0 conf=1.0
    Verifier: ALWAYS (landed() IMPLIES in_pad()) -> freq=1.0 conf=1.0

  ep11 t=  0 action=1 reward_so_far=1 | Position (0.00, 1.41); velocity (0.31, 0.07); angle -0.00 rad; legs (L=0, R=0). Monitor says: failur
     Plan: continue. Monitor confidence low (0.00); PPO action is likely safe.
  ep11 t= 50 action=2 reward_so_far=-64 | Position (0.09, 1.55); velocity (-0.01, 0.56); angle 0.12 rad; legs (L=0, R=0). Monitor says: failur
     Plan: intervene. Monitor says 0.99 > 0.08939054827408116. Consider gated action.
  ep11 t=100 action=2 reward_so_far=-287 | Position (-0.03, 2.72); velocity (-0.45, 1.51); angle 0.01 rad; legs (L=0, R=0). Monitor says: failu
     Plan: intervene. Monitor says 1.00 > 0.08939054827408116. Consider gated action.
  ep11 t=150 action=2 reward_so_far=-657 | Position (-0.19, 4.98); velocity (-0.01, 2.54); angle -0.27 rad; legs (L=0, R=0). Monitor says: fail
     Plan: intervene. Monitor says 1.00 > 0.08939054827408116. Consider gated action.
  ep11 t=200 action=2 reward_so_far=-1120 | Position (0.11, 8.26); velocity (1.31, 3.21); angle -0.52 rad; legs (L=0, R=0). Monitor says: failur
     Plan: intervene. Monitor says 0.99 > 0.08939054827408116. Consider gated action.
  ep11 FINAL: gated=-1712 ungated=59 gates=225 (skipped_qcov=0)
    Verifier: ALWAYS angle_below(1.0) -> freq=1.0 conf=1.0
    Verifier: EVENTUALLY velocity_below(0.3) -> freq=0.15289256198347106 conf=1.0
    Verifier: ALWAYS (landed() IMPLIES in_pad()) -> freq=1.0 conf=1.0

  ep12 t=  0 action=1 reward_so_far=1 | Position (0.01, 1.42); velocity (0.56, 0.19); angle -0.01 rad; legs (L=0, R=0). Monitor says: failur
     Plan: continue. Monitor confidence low (0.00); PPO action is likely safe.
  ep12 t= 50 action=2 reward_so_far=-91 | Position (0.18, 1.68); velocity (-0.08, 0.64); angle 0.41 rad; legs (L=0, R=0). Monitor says: failur
     Plan: intervene. Monitor says 0.99 > 0.08939054827408116. Consider gated action.
  ep12 t=100 action=2 reward_so_far=-399 | Position (-0.27, 2.56); velocity (-1.96, 0.82); angle 0.94 rad; legs (L=0, R=0). Monitor says: failu
     Plan: intervene. Monitor says 1.00 > 0.08939054827408116. Consider gated action.
  ep12 FINAL: gated=-728 ungated=34 gates=116 (skipped_qcov=0)
    Verifier: ALWAYS angle_below(1.0) -> freq=0.0 conf=1.0
    Verifier: EVENTUALLY velocity_below(0.3) -> freq=0.0 conf=1.0
    Verifier: ALWAYS (landed() IMPLIES in_pad()) -> freq=1.0 conf=1.0

  ep13 t=  0 action=1 reward_so_far=2 | Position (0.00, 1.41); velocity (0.41, 0.18); angle -0.00 rad; legs (L=0, R=0). Monitor says: failur
     Plan: continue. Monitor confidence low (0.00); PPO action is likely safe.
  ep13 t= 50 action=2 reward_so_far=-29 | Position (0.15, 1.53); velocity (0.17, 0.42); angle -0.02 rad; legs (L=0, R=0). Monitor says: failur
     Plan: intervene. Monitor says 0.80 > 0.08939054827408116. Consider gated action.
  ep13 t=100 action=2 reward_so_far=-274 | Position (0.33, 2.43); velocity (0.81, 1.16); angle -0.44 rad; legs (L=0, R=0). Monitor says: failur
     Plan: intervene. Monitor says 1.00 > 0.08939054827408116. Consider gated action.
  ep13 FINAL: gated=-728 ungated=43 gates=125 (skipped_qcov=0)
    Verifier: ALWAYS angle_below(1.0) -> freq=1.0 conf=1.0
    Verifier: EVENTUALLY velocity_below(0.3) -> freq=0.2746478873239437 conf=1.0
    Verifier: ALWAYS (landed() IMPLIES in_pad()) -> freq=1.0 conf=1.0

  ep14 t=  0 action=2 reward_so_far=1 | Position (-0.00, 1.41); velocity (-0.18, -0.17); angle 0.00 rad; legs (L=0, R=0). Monitor says: fail
     Plan: continue. Monitor confidence low (0.00); PPO action is likely safe.
  ep14 t= 50 action=2 reward_so_far=-103 | Position (-0.08, 1.62); velocity (-0.02, 0.67); angle -0.21 rad; legs (L=0, R=0). Monitor says: fail
     Plan: intervene. Monitor says 0.99 > 0.08939054827408116. Consider gated action.
  ep14 t=100 action=2 reward_so_far=-438 | Position (0.21, 2.97); velocity (1.37, 1.64); angle -0.59 rad; legs (L=0, R=0). Monitor says: failur
     Plan: intervene. Monitor says 1.00 > 0.08939054827408116. Consider gated action.
  ep14 FINAL: gated=-856 ungated=-35 gates=120 (skipped_qcov=0)
    Verifier: ALWAYS angle_below(1.0) -> freq=1.0 conf=1.0
    Verifier: EVENTUALLY velocity_below(0.3) -> freq=0.22627737226277372 conf=1.0
    Verifier: ALWAYS (landed() IMPLIES in_pad()) -> freq=1.0 conf=1.0

  ep15 t=  0 action=2 reward_so_far=-1 | Position (0.01, 1.40); velocity (0.68, -0.44); angle -0.01 rad; legs (L=0, R=0). Monitor says: failu
     Plan: continue. Monitor confidence low (0.00); PPO action is likely safe.
  ep15 t= 50 action=2 reward_so_far=13 | Position (0.34, 1.12); velocity (0.62, -0.07); angle 0.18 rad; legs (L=0, R=0). Monitor says: failur
     Plan: continue. Monitor confidence low (0.00); PPO action is likely safe.
  ep15 t=100 action=1 reward_so_far=34 | Position (0.57, 1.02); velocity (0.37, -0.10); angle 0.12 rad; legs (L=0, R=0). Monitor says: failur
     Plan: continue. Monitor confidence low (0.00); PPO action is likely safe.
  ep15 t=150 action=2 reward_so_far=41 | Position (0.72, 0.91); velocity (0.22, -0.11); angle 0.11 rad; legs (L=0, R=0). Monitor says: failur
     Plan: continue. Monitor confidence low (0.00); PPO action is likely safe.
  ep15 t=200 action=2 reward_so_far=48 | Position (0.82, 0.80); velocity (0.11, -0.11); angle 0.08 rad; legs (L=0, R=0). Monitor says: failur
     Plan: continue. Monitor confidence low (0.00); PPO action is likely safe.
  ep15 t=250 action=2 reward_so_far=56 | Position (0.83, 0.71); velocity (-0.06, -0.09); angle -0.01 rad; legs (L=0, R=0). Monitor says: fail
     Plan: continue. Monitor confidence low (0.00); PPO action is likely safe.
  ep15 t=300 action=1 reward_so_far=49 | Position (0.82, 0.61); velocity (-0.01, -0.11); angle -0.02 rad; legs (L=0, R=0). Monitor says: fail
     Plan: continue. Monitor confidence low (0.00); PPO action is likely safe.
  ep15 t=350 action=3 reward_so_far=44 | Position (0.82, 0.49); velocity (0.00, -0.15); angle -0.01 rad; legs (L=0, R=0). Monitor says: failu
     Plan: continue. Monitor confidence low (0.00); PPO action is likely safe.
  ep15 t=400 action=0 reward_so_far=44 | Position (0.83, 0.39); velocity (0.02, -0.10); angle -0.00 rad; legs (L=0, R=0). Monitor says: failu
     Plan: continue. Monitor confidence low (0.00); PPO action is likely safe.
  ep15 t=450 action=1 reward_so_far=45 | Position (0.83, 0.29); velocity (-0.03, -0.03); angle 0.00 rad; legs (L=0, R=0). Monitor says: failu
     Plan: continue. Monitor confidence low (0.00); PPO action is likely safe.
  ep15 FINAL: gated=33 ungated=-13 gates=0 (skipped_qcov=0)
    Verifier: ALWAYS angle_below(1.0) -> freq=1.0 conf=1.0
    Verifier: EVENTUALLY velocity_below(0.3) -> freq=1.0 conf=1.0
    Verifier: ALWAYS (landed() IMPLIES in_pad()) -> freq=1.0 conf=1.0

  ep16 t=  0 action=3 reward_so_far=0 | Position (-0.01, 1.41); velocity (-0.78, -0.21); angle 0.01 rad; legs (L=0, R=0). Monitor says: fail
     Plan: continue. Monitor confidence low (0.00); PPO action is likely safe.
  ep16 t= 50 action=2 reward_so_far=-63 | Position (-0.42, 1.53); velocity (-0.88, 0.58); angle 0.03 rad; legs (L=0, R=0). Monitor says: failu
     Plan: intervene. Monitor says 0.99 > 0.08939054827408116. Consider gated action.
  ep16 t=100 action=2 reward_so_far=-294 | Position (-0.88, 2.75); velocity (-1.02, 1.55); angle 0.07 rad; legs (L=0, R=0). Monitor says: failu
     Plan: intervene. Monitor says 1.00 > 0.08939054827408116. Consider gated action.
  ep16 FINAL: gated=-454 ungated=-14 gates=100 (skipped_qcov=0)
    Verifier: ALWAYS angle_below(1.0) -> freq=1.0 conf=1.0
    Verifier: EVENTUALLY velocity_below(0.3) -> freq=0.0 conf=1.0
    Verifier: ALWAYS (landed() IMPLIES in_pad()) -> freq=1.0 conf=1.0

  ep17 t=  0 action=3 reward_so_far=2 | Position (-0.00, 1.42); velocity (-0.13, 0.35); angle 0.00 rad; legs (L=0, R=0). Monitor says: failu
     Plan: continue. Monitor confidence low (0.00); PPO action is likely safe.
  ep17 t= 50 action=2 reward_so_far=-62 | Position (-0.07, 1.67); velocity (-0.22, 0.54); angle -0.01 rad; legs (L=0, R=0). Monitor says: fail
     Plan: intervene. Monitor says 0.99 > 0.08939054827408116. Consider gated action.
  ep17 t=100 action=2 reward_so_far=-304 | Position (-0.17, 2.85); velocity (-0.19, 1.55); angle -0.09 rad; legs (L=0, R=0). Monitor says: fail
     Plan: intervene. Monitor says 1.00 > 0.08939054827408116. Consider gated action.
  ep17 t=150 action=2 reward_so_far=-722 | Position (-0.13, 5.24); velocity (0.63, 2.64); angle -0.54 rad; legs (L=0, R=0). Monitor says: failu
     Plan: intervene. Monitor says 1.00 > 0.08939054827408116. Consider gated action.
  ep17 t=200 action=2 reward_so_far=-1270 | Position (0.77, 8.39); velocity (3.11, 2.78); angle -1.22 rad; legs (L=0, R=0). Monitor says: failur
     Plan: intervene. Monitor says 1.00 > 0.08939054827408116. Consider gated action.
  ep17 FINAL: gated=-1435 ungated=-20 gates=191 (skipped_qcov=0)
    Verifier: ALWAYS angle_below(1.0) -> freq=0.0 conf=1.0
    Verifier: EVENTUALLY velocity_below(0.3) -> freq=0.15942028985507245 conf=1.0
    Verifier: ALWAYS (landed() IMPLIES in_pad()) -> freq=1.0 conf=1.0

  ep18 t=  0 action=1 reward_so_far=0 | Position (0.00, 1.41); velocity (0.27, -0.04); angle -0.00 rad; legs (L=0, R=0). Monitor says: failu
     Plan: continue. Monitor confidence low (0.00); PPO action is likely safe.
  ep18 t= 50 action=2 reward_so_far=-77 | Position (0.07, 1.53); velocity (-0.11, 0.53); angle 0.21 rad; legs (L=0, R=0). Monitor says: failur
     Plan: intervene. Monitor says 0.98 > 0.08939054827408116. Consider gated action.
  ep18 t=100 action=2 reward_so_far=-365 | Position (-0.23, 2.71); velocity (-1.13, 1.50); angle 0.40 rad; legs (L=0, R=0). Monitor says: failu
     Plan: intervene. Monitor says 1.00 > 0.08939054827408116. Consider gated action.
  ep18 FINAL: gated=-834 ungated=5 gates=125 (skipped_qcov=0)
    Verifier: ALWAYS angle_below(1.0) -> freq=1.0 conf=1.0
    Verifier: EVENTUALLY velocity_below(0.3) -> freq=0.26573426573426573 conf=1.0
    Verifier: ALWAYS (landed() IMPLIES in_pad()) -> freq=1.0 conf=1.0

  ep19 t=  0 action=2 reward_so_far=-1 | Position (0.01, 1.41); velocity (0.60, -0.23); angle -0.01 rad; legs (L=0, R=0). Monitor says: failu
     Plan: continue. Monitor confidence low (0.00); PPO action is likely safe.
  ep19 t= 50 action=2 reward_so_far=-10 | Position (0.26, 1.34); velocity (0.34, 0.17); angle 0.29 rad; legs (L=0, R=0). Monitor says: failure
     Plan: intervene. Monitor says 0.31 > 0.08939054827408116. Consider gated action.
  ep19 t=100 action=2 reward_so_far=-216 | Position (0.12, 2.09); velocity (-0.89, 1.12); angle 0.34 rad; legs (L=0, R=0). Monitor says: failur
     Plan: intervene. Monitor says 1.00 > 0.08939054827408116. Consider gated action.
  ep19 t=150 action=2 reward_so_far=-566 | Position (-0.64, 3.91); velocity (-2.08, 2.03); angle 0.37 rad; legs (L=0, R=0). Monitor says: failu
     Plan: intervene. Monitor says 1.00 > 0.08939054827408116. Consider gated action.
  ep19 FINAL: gated=-785 ungated=-32 gates=136 (skipped_qcov=0)
    Verifier: ALWAYS angle_below(1.0) -> freq=1.0 conf=1.0
    Verifier: EVENTUALLY velocity_below(0.3) -> freq=0.0 conf=1.0
    Verifier: ALWAYS (landed() IMPLIES in_pad()) -> freq=1.0 conf=1.0

  ep20 t=  0 action=1 reward_so_far=-0 | Position (0.01, 1.41); velocity (0.57, -0.20); angle -0.01 rad; legs (L=0, R=0). Monitor says: failu
     Plan: continue. Monitor confidence low (0.00); PPO action is likely safe.
  ep20 t= 50 action=3 reward_so_far=20 | Position (0.23, 1.26); velocity (0.29, -0.06); angle 0.13 rad; legs (L=0, R=0). Monitor says: failur
     Plan: continue. Monitor confidence low (0.01); PPO action is likely safe.
  ep20 t=100 action=3 reward_so_far=50 | Position (0.29, 1.19); velocity (0.03, 0.02); angle 0.06 rad; legs (L=0, R=0). Monitor says: failure
     Plan: continue. Monitor confidence low (0.02); PPO action is likely safe.
  ep20 t=150 action=1 reward_so_far=46 | Position (0.30, 1.16); velocity (0.05, 0.04); angle 0.03 rad; legs (L=0, R=0). Monitor says: failure
     Plan: continue. Monitor confidence low (0.07); PPO action is likely safe.
  ep20 t=200 action=2 reward_so_far=-77 | Position (0.35, 1.50); velocity (0.21, 0.69); angle -0.06 rad; legs (L=0, R=0). Monitor says: failur
     Plan: intervene. Monitor says 0.98 > 0.08939054827408116. Consider gated action.
  ep20 t=250 action=2 reward_so_far=-342 | Position (0.53, 2.92); velocity (0.45, 1.76); angle 0.01 rad; legs (L=0, R=0). Monitor says: failure
     Plan: intervene. Monitor says 0.99 > 0.08939054827408116. Consider gated action.
  ep20 t=300 action=2 reward_so_far=-742 | Position (0.69, 5.53); velocity (0.05, 2.77); angle 0.30 rad; legs (L=0, R=0). Monitor says: failure
     Plan: intervene. Monitor says 1.00 > 0.08939054827408116. Consider gated action.
  ep20 t=350 action=2 reward_so_far=-1255 | Position (0.40, 9.03); velocity (-1.53, 3.40); angle 0.80 rad; legs (L=0, R=0). Monitor says: failur
     Plan: intervene. Monitor says 1.00 > 0.08939054827408116. Consider gated action.
  ep20 FINAL: gated=-1946 ungated=18 gates=267 (skipped_qcov=0)
    Verifier: ALWAYS angle_below(1.0) -> freq=0.0 conf=1.0
    Verifier: EVENTUALLY velocity_below(0.3) -> freq=0.43467336683417085 conf=1.0
    Verifier: ALWAYS (landed() IMPLIES in_pad()) -> freq=1.0 conf=1.0

  ep21 t=  0 action=1 reward_so_far=2 | Position (0.00, 1.42); velocity (0.39, 0.33); angle -0.00 rad; legs (L=0, R=0). Monitor says: failur
     Plan: continue. Monitor confidence low (0.00); PPO action is likely safe.
  ep21 t= 50 action=2 reward_so_far=-82 | Position (0.13, 1.64); velocity (-0.10, 0.56); angle 0.39 rad; legs (L=0, R=0). Monitor says: failur
     Plan: intervene. Monitor says 0.99 > 0.08939054827408116. Consider gated action.
  ep21 t=100 action=2 reward_so_far=-434 | Position (-0.38, 2.55); velocity (-2.23, 0.91); angle 0.92 rad; legs (L=0, R=0). Monitor says: failu
     Plan: intervene. Monitor says 1.00 > 0.08939054827408116. Consider gated action.
  ep21 FINAL: gated=-718 ungated=41 gates=106 (skipped_qcov=0)
    Verifier: ALWAYS angle_below(1.0) -> freq=0.0 conf=1.0
    Verifier: EVENTUALLY velocity_below(0.3) -> freq=0.0 conf=1.0
    Verifier: ALWAYS (landed() IMPLIES in_pad()) -> freq=1.0 conf=1.0

  ep22 t=  0 action=1 reward_so_far=2 | Position (0.00, 1.42); velocity (0.32, 0.42); angle -0.00 rad; legs (L=0, R=0). Monitor says: failur
     Plan: continue. Monitor confidence low (0.00); PPO action is likely safe.
  ep22 t= 50 action=2 reward_so_far=-79 | Position (0.11, 1.78); velocity (0.08, 0.68); angle 0.11 rad; legs (L=0, R=0). Monitor says: failure
     Plan: intervene. Monitor says 0.99 > 0.08939054827408116. Consider gated action.
  ep22 t=100 action=2 reward_so_far=-292 | Position (0.03, 2.98); velocity (-0.34, 1.44); angle 0.10 rad; legs (L=0, R=0). Monitor says: failur
     Plan: intervene. Monitor says 0.99 > 0.08939054827408116. Consider gated action.
  ep22 t=150 action=2 reward_so_far=-658 | Position (-0.22, 5.23); velocity (-0.68, 2.53); angle 0.18 rad; legs (L=0, R=0). Monitor says: failu
     Plan: intervene. Monitor says 1.00 > 0.08939054827408116. Consider gated action.
  ep22 t=200 action=2 reward_so_far=-1144 | Position (-0.79, 8.54); velocity (-1.69, 3.44); angle 0.32 rad; legs (L=0, R=0). Monitor says: failu
     Plan: intervene. Monitor says 0.98 > 0.08939054827408116. Consider gated action.
  ep22 FINAL: gated=-1354 ungated=49 gates=196 (skipped_qcov=0)
    Verifier: ALWAYS angle_below(1.0) -> freq=1.0 conf=1.0
    Verifier: EVENTUALLY velocity_below(0.3) -> freq=0.10849056603773585 conf=1.0
    Verifier: ALWAYS (landed() IMPLIES in_pad()) -> freq=1.0 conf=1.0

  ep23 t=  0 action=3 reward_so_far=0 | Position (-0.01, 1.42); velocity (-0.73, 0.42); angle 0.01 rad; legs (L=0, R=0). Monitor says: failu
     Plan: continue. Monitor confidence low (0.00); PPO action is likely safe.
  ep23 t= 50 action=2 reward_so_far=-93 | Position (-0.26, 1.85); velocity (-0.04, 0.71); angle -0.46 rad; legs (L=0, R=0). Monitor says: fail
     Plan: intervene. Monitor says 1.00 > 0.08939054827408116. Consider gated action.
  ep23 t=100 action=2 reward_so_far=-457 | Position (0.25, 2.99); velocity (2.30, 1.25); angle -0.90 rad; legs (L=0, R=0). Monitor says: failur
     Plan: intervene. Monitor says 0.99 > 0.08939054827408116. Consider gated action.
  ep23 FINAL: gated=-785 ungated=-66 gates=113 (skipped_qcov=0)
    Verifier: ALWAYS angle_below(1.0) -> freq=0.0 conf=1.0
    Verifier: EVENTUALLY velocity_below(0.3) -> freq=0.0 conf=1.0
    Verifier: ALWAYS (landed() IMPLIES in_pad()) -> freq=1.0 conf=1.0

  ep24 t=  0 action=2 reward_so_far=1 | Position (-0.00, 1.40); velocity (-0.47, -0.28); angle 0.01 rad; legs (L=0, R=0). Monitor says: fail
     Plan: continue. Monitor confidence low (0.00); PPO action is likely safe.
  ep24 t= 50 action=2 reward_so_far=-87 | Position (-0.28, 1.55); velocity (-0.66, 0.61); angle 0.18 rad; legs (L=0, R=0). Monitor says: failu
     Plan: intervene. Monitor says 0.99 > 0.08939054827408116. Consider gated action.
  ep24 t=100 action=2 reward_so_far=-406 | Position (-0.85, 2.70); velocity (-1.80, 1.30); angle 0.62 rad; legs (L=0, R=0). Monitor says: failu
     Plan: intervene. Monitor says 1.00 > 0.08939054827408116. Consider gated action.
  ep24 FINAL: gated=-554 ungated=40 gates=94 (skipped_qcov=0)
    Verifier: ALWAYS angle_below(1.0) -> freq=1.0 conf=1.0
    Verifier: EVENTUALLY velocity_below(0.3) -> freq=0.0 conf=1.0
    Verifier: ALWAYS (landed() IMPLIES in_pad()) -> freq=1.0 conf=1.0

  ep25 t=  0 action=2 reward_so_far=4 | Position (0.00, 1.40); velocity (0.31, -0.39); angle -0.00 rad; legs (L=0, R=0). Monitor says: failu
     Plan: continue. Monitor confidence low (0.00); PPO action is likely safe.
  ep25 t= 50 action=2 reward_so_far=-3 | Position (0.15, 1.29); velocity (0.22, 0.24); angle 0.16 rad; legs (L=0, R=0). Monitor says: failure
     Plan: intervene. Monitor says 0.86 > 0.08939054827408116. Consider gated action.
  ep25 t=100 action=2 reward_so_far=-228 | Position (0.04, 2.09); velocity (-0.66, 1.20); angle 0.36 rad; legs (L=0, R=0). Monitor says: failur
     Plan: intervene. Monitor says 1.00 > 0.08939054827408116. Consider gated action.
  ep25 t=150 action=2 reward_so_far=-622 | Position (-0.68, 3.85); velocity (-2.39, 1.84); angle 0.66 rad; legs (L=0, R=0). Monitor says: failu
     Plan: intervene. Monitor says 1.00 > 0.08939054827408116. Consider gated action.
  ep25 FINAL: gated=-817 ungated=14 gates=127 (skipped_qcov=0)
    Verifier: ALWAYS angle_below(1.0) -> freq=1.0 conf=1.0
    Verifier: EVENTUALLY velocity_below(0.3) -> freq=0.2716049382716049 conf=1.0
    Verifier: ALWAYS (landed() IMPLIES in_pad()) -> freq=1.0 conf=1.0

  ep26 t=  0 action=3 reward_so_far=2 | Position (-0.00, 1.42); velocity (-0.13, 0.35); angle 0.00 rad; legs (L=0, R=0). Monitor says: failu
     Plan: continue. Monitor confidence low (0.00); PPO action is likely safe.
  ep26 t= 50 action=2 reward_so_far=-90 | Position (-0.06, 1.73); velocity (-0.05, 0.62); angle -0.21 rad; legs (L=0, R=0). Monitor says: fail
     Plan: intervene. Monitor says 0.99 > 0.08939054827408116. Consider gated action.
  ep26 t=100 action=2 reward_so_far=-399 | Position (0.19, 2.82); velocity (1.33, 1.28); angle -0.74 rad; legs (L=0, R=0). Monitor says: failur
     Plan: intervene. Monitor says 1.00 > 0.08939054827408116. Consider gated action.
  ep26 FINAL: gated=-825 ungated=-123 gates=121 (skipped_qcov=0)
    Verifier: ALWAYS angle_below(1.0) -> freq=0.0 conf=1.0
    Verifier: EVENTUALLY velocity_below(0.3) -> freq=0.2222222222222222 conf=1.0
    Verifier: ALWAYS (landed() IMPLIES in_pad()) -> freq=1.0 conf=1.0

  ep27 t=  0 action=2 reward_so_far=1 | Position (0.00, 1.41); velocity (0.14, -0.24); angle -0.00 rad; legs (L=0, R=0). Monitor says: failu
     Plan: continue. Monitor confidence low (0.00); PPO action is likely safe.
  ep27 t= 50 action=2 reward_so_far=-37 | Position (0.05, 1.42); velocity (0.04, 0.34); angle 0.11 rad; legs (L=0, R=0). Monitor says: failure
     Plan: intervene. Monitor says 0.97 > 0.08939054827408116. Consider gated action.
  ep27 t=100 action=2 reward_so_far=-320 | Position (-0.10, 2.44); velocity (-0.79, 1.42); angle 0.44 rad; legs (L=0, R=0). Monitor says: failu
     Plan: intervene. Monitor says 1.00 > 0.08939054827408116. Consider gated action.
  ep27 FINAL: gated=-885 ungated=43 gates=123 (skipped_qcov=0)
    Verifier: ALWAYS angle_below(1.0) -> freq=0.0 conf=1.0
    Verifier: EVENTUALLY velocity_below(0.3) -> freq=0.30666666666666664 conf=1.0
    Verifier: ALWAYS (landed() IMPLIES in_pad()) -> freq=1.0 conf=1.0

  ep28 t=  0 action=2 reward_so_far=-0 | Position (0.01, 1.40); velocity (0.80, -0.46); angle -0.01 rad; legs (L=0, R=0). Monitor says: failu
     Plan: continue. Monitor confidence low (0.00); PPO action is likely safe.
  ep28 t= 50 action=3 reward_so_far=24 | Position (0.39, 1.07); velocity (0.61, -0.10); angle 0.21 rad; legs (L=0, R=0). Monitor says: failur
     Plan: continue. Monitor confidence low (0.00); PPO action is likely safe.
  ep28 t=100 action=2 reward_so_far=76 | Position (0.57, 0.93); velocity (0.21, -0.08); angle 0.04 rad; legs (L=0, R=0). Monitor says: failur
     Plan: continue. Monitor confidence low (0.00); PPO action is likely safe.
  ep28 t=150 action=2 reward_so_far=79 | Position (0.65, 0.82); velocity (0.07, -0.10); angle 0.09 rad; legs (L=0, R=0). Monitor says: failur
     Plan: continue. Monitor confidence low (0.00); PPO action is likely safe.
  ep28 t=200 action=3 reward_so_far=75 | Position (0.67, 0.73); velocity (0.00, -0.13); angle -0.03 rad; legs (L=0, R=0). Monitor says: failu
     Plan: continue. Monitor confidence low (0.00); PPO action is likely safe.
  ep28 t=250 action=0 reward_so_far=80 | Position (0.68, 0.62); velocity (-0.00, -0.08); angle 0.03 rad; legs (L=0, R=0). Monitor says: failu
     Plan: continue. Monitor confidence low (0.00); PPO action is likely safe.
  ep28 t=300 action=2 reward_so_far=81 | Position (0.66, 0.51); velocity (-0.07, -0.10); angle -0.01 rad; legs (L=0, R=0). Monitor says: fail
     Plan: continue. Monitor confidence low (0.00); PPO action is likely safe.
  ep28 t=350 action=2 reward_so_far=74 | Position (0.64, 0.44); velocity (0.00, -0.11); angle -0.04 rad; legs (L=0, R=0). Monitor says: failu
     Plan: continue. Monitor confidence low (0.00); PPO action is likely safe.
  ep28 t=400 action=2 reward_so_far=72 | Position (0.64, 0.35); velocity (0.02, -0.11); angle 0.03 rad; legs (L=0, R=0). Monitor says: failur
     Plan: continue. Monitor confidence low (0.00); PPO action is likely safe.
  ep28 t=450 action=3 reward_so_far=65 | Position (0.65, 0.26); velocity (0.01, -0.10); angle -0.00 rad; legs (L=0, R=0). Monitor says: failu
     Plan: continue. Monitor confidence low (0.00); PPO action is likely safe.
  ep28 FINAL: gated=60 ungated=-11 gates=0 (skipped_qcov=0)
    Verifier: ALWAYS angle_below(1.0) -> freq=1.0 conf=1.0
    Verifier: EVENTUALLY velocity_below(0.3) -> freq=1.0 conf=1.0
    Verifier: ALWAYS (landed() IMPLIES in_pad()) -> freq=1.0 conf=1.0

  ep29 t=  0 action=1 reward_so_far=1 | Position (0.01, 1.42); velocity (0.63, 0.31); angle -0.01 rad; legs (L=0, R=0). Monitor says: failur
     Plan: continue. Monitor confidence low (0.00); PPO action is likely safe.
  ep29 t= 50 action=2 reward_so_far=-109 | Position (0.17, 1.72); velocity (-0.32, 0.59); angle 0.67 rad; legs (L=0, R=0). Monitor says: failur
     Plan: intervene. Monitor says 0.99 > 0.08939054827408116. Consider gated action.
  ep29 t=100 action=2 reward_so_far=-574 | Position (-0.73, 2.46); velocity (-3.40, 0.44); angle 1.50 rad; legs (L=0, R=0). Monitor says: failu
     Plan: intervene. Monitor says 1.00 > 0.08939054827408116. Consider gated action.
  ep29 FINAL: gated=-738 ungated=-9 gates=94 (skipped_qcov=0)
    Verifier: ALWAYS angle_below(1.0) -> freq=0.0 conf=1.0
    Verifier: EVENTUALLY velocity_below(0.3) -> freq=0.0 conf=1.0
    Verifier: ALWAYS (landed() IMPLIES in_pad()) -> freq=1.0 conf=1.0

  ep30 t=  0 action=3 reward_so_far=2 | Position (-0.00, 1.42); velocity (-0.25, 0.36); angle 0.00 rad; legs (L=0, R=0). Monitor says: failu
     Plan: continue. Monitor confidence low (0.00); PPO action is likely safe.
  ep30 t= 50 action=2 reward_so_far=-96 | Position (-0.04, 1.79); velocity (0.14, 0.74); angle -0.11 rad; legs (L=0, R=0). Monitor says: failu
     Plan: intervene. Monitor says 0.99 > 0.08939054827408116. Consider gated action.
  ep30 t=100 action=2 reward_so_far=-394 | Position (0.12, 3.29); velocity (0.55, 1.86); angle -0.25 rad; legs (L=0, R=0). Monitor says: failur
     Plan: intervene. Monitor says 1.00 > 0.08939054827408116. Consider gated action.
  ep30 t=150 action=2 reward_so_far=-832 | Position (0.68, 5.81); velocity (1.87, 2.56); angle -0.64 rad; legs (L=0, R=0). Monitor says: failur
     Plan: intervene. Monitor says 1.00 > 0.08939054827408116. Consider gated action.
  ep30 FINAL: gated=-1079 ungated=-23 gates=153 (skipped_qcov=0)
    Verifier: ALWAYS angle_below(1.0) -> freq=1.0 conf=1.0
    Verifier: EVENTUALLY velocity_below(0.3) -> freq=0.1696969696969697 conf=1.0
    Verifier: ALWAYS (landed() IMPLIES in_pad()) -> freq=1.0 conf=1.0

  ep31 t=  0 action=1 reward_so_far=0 | Position (0.01, 1.41); velocity (0.56, 0.05); angle -0.01 rad; legs (L=0, R=0). Monitor says: failur
     Plan: continue. Monitor confidence low (0.00); PPO action is likely safe.
  ep31 t= 50 action=1 reward_so_far=17 | Position (0.19, 1.33); velocity (0.22, -0.10); angle 0.14 rad; legs (L=0, R=0). Monitor says: failur
     Plan: continue. Monitor confidence low (0.02); PPO action is likely safe.
  ep31 t=100 action=3 reward_so_far=44 | Position (0.23, 1.24); velocity (0.01, -0.02); angle 0.05 rad; legs (L=0, R=0). Monitor says: failur
     Plan: continue. Monitor confidence low (0.04); PPO action is likely safe.
  ep31 t=150 action=2 reward_so_far=-22 | Position (0.26, 1.31); velocity (0.16, 0.42); angle -0.06 rad; legs (L=0, R=0). Monitor says: failur
     Plan: intervene. Monitor says 0.96 > 0.08939054827408116. Consider gated action.
  ep31 t=200 action=2 reward_so_far=-244 | Position (0.41, 2.37); velocity (0.45, 1.41); angle 0.01 rad; legs (L=0, R=0). Monitor says: failure
     Plan: intervene. Monitor says 1.00 > 0.08939054827408116. Consider gated action.
  ep31 t=250 action=2 reward_so_far=-602 | Position (0.55, 4.59); velocity (-0.01, 2.50); angle 0.20 rad; legs (L=0, R=0). Monitor says: failur
     Plan: intervene. Monitor says 1.00 > 0.08939054827408116. Consider gated action.
  ep31 t=300 action=2 reward_so_far=-1057 | Position (0.32, 7.94); velocity (-0.79, 3.50); angle 0.14 rad; legs (L=0, R=0). Monitor says: failur
     Plan: intervene. Monitor says 0.99 > 0.08939054827408116. Consider gated action.
  ep31 t=350 action=2 reward_so_far=-1600 | Position (-0.17, 12.34); velocity (-1.16, 4.33); angle 0.14 rad; legs (L=0, R=0). Monitor says: fail
     Plan: intervene. Monitor says 1.00 > 0.08939054827408116. Consider gated action.
  ep31 t=400 action=2 reward_so_far=-2264 | Position (-0.89, 17.73); velocity (-1.77, 5.21); angle 0.17 rad; legs (L=0, R=0). Monitor says: fail
     Plan: intervene. Monitor says 0.99 > 0.08939054827408116. Consider gated action.
  ep31 FINAL: gated=-2434 ungated=-26 gates=317 (skipped_qcov=0)
    Verifier: ALWAYS angle_below(1.0) -> freq=1.0 conf=1.0
    Verifier: EVENTUALLY velocity_below(0.3) -> freq=0.3538083538083538 conf=1.0
    Verifier: ALWAYS (landed() IMPLIES in_pad()) -> freq=1.0 conf=1.0

  ep32 t=  0 action=2 reward_so_far=0 | Position (0.00, 1.41); velocity (0.09, -0.06); angle -0.00 rad; legs (L=0, R=0). Monitor says: failu
     Plan: continue. Monitor confidence low (0.00); PPO action is likely safe.
  ep32 t= 50 action=2 reward_so_far=-75 | Position (0.05, 1.54); velocity (0.10, 0.53); angle 0.04 rad; legs (L=0, R=0). Monitor says: failure
     Plan: intervene. Monitor says 0.99 > 0.08939054827408116. Consider gated action.
  ep32 t=100 action=2 reward_so_far=-309 | Position (0.05, 2.66); velocity (-0.14, 1.45); angle 0.16 rad; legs (L=0, R=0). Monitor says: failur
     Plan: intervene. Monitor says 1.00 > 0.08939054827408116. Consider gated action.
  ep32 t=150 action=2 reward_so_far=-694 | Position (-0.23, 4.82); velocity (-1.16, 2.32); angle 0.50 rad; legs (L=0, R=0). Monitor says: failu
     Plan: intervene. Monitor says 1.00 > 0.08939054827408116. Consider gated action.
  ep32 FINAL: gated=-1175 ungated=3 gates=174 (skipped_qcov=0)
    Verifier: ALWAYS angle_below(1.0) -> freq=1.0 conf=1.0
    Verifier: EVENTUALLY velocity_below(0.3) -> freq=0.19047619047619047 conf=1.0
    Verifier: ALWAYS (landed() IMPLIES in_pad()) -> freq=1.0 conf=1.0

  ep33 t=  0 action=3 reward_so_far=2 | Position (-0.00, 1.41); velocity (-0.14, 0.10); angle 0.00 rad; legs (L=0, R=0). Monitor says: failu
     Plan: continue. Monitor confidence low (0.00); PPO action is likely safe.
  ep33 t= 50 action=2 reward_so_far=-121 | Position (-0.04, 1.73); velocity (-0.19, 0.73); angle 0.13 rad; legs (L=0, R=0). Monitor says: failu
     Plan: intervene. Monitor says 0.99 > 0.08939054827408116. Consider gated action.
  ep33 t=100 action=2 reward_so_far=-419 | Position (-0.30, 3.15); velocity (-0.94, 1.65); angle 0.37 rad; legs (L=0, R=0). Monitor says: failu
     Plan: intervene. Monitor says 1.00 > 0.08939054827408116. Consider gated action.
  ep33 FINAL: gated=-884 ungated=-11 gates=132 (skipped_qcov=0)
    Verifier: ALWAYS angle_below(1.0) -> freq=1.0 conf=1.0
    Verifier: EVENTUALLY velocity_below(0.3) -> freq=0.2013888888888889 conf=1.0
    Verifier: ALWAYS (landed() IMPLIES in_pad()) -> freq=1.0 conf=1.0

  ep34 t=  0 action=1 reward_so_far=0 | Position (0.01, 1.42); velocity (0.78, 0.40); angle -0.01 rad; legs (L=0, R=0). Monitor says: failur
     Plan: continue. Monitor confidence low (0.00); PPO action is likely safe.
  ep34 t= 50 action=2 reward_so_far=-103 | Position (0.27, 1.80); velocity (-0.09, 0.67); angle 0.68 rad; legs (L=0, R=0). Monitor says: failur
     Plan: intervene. Monitor says 0.99 > 0.08939054827408116. Consider gated action.
  ep34 t=100 action=2 reward_so_far=-511 | Position (-0.42, 2.42); velocity (-2.90, 0.11); angle 1.72 rad; legs (L=0, R=0). Monitor says: failu
     Plan: intervene. Monitor says 1.00 > 0.08939054827408116. Consider gated action.
  ep34 FINAL: gated=-768 ungated=42 gates=102 (skipped_qcov=0)
    Verifier: ALWAYS angle_below(1.0) -> freq=0.0 conf=1.0
    Verifier: EVENTUALLY velocity_below(0.3) -> freq=0.0 conf=1.0
    Verifier: ALWAYS (landed() IMPLIES in_pad()) -> freq=1.0 conf=1.0

  ep35 t=  0 action=1 reward_so_far=-0 | Position (0.00, 1.41); velocity (0.11, -0.05); angle -0.00 rad; legs (L=0, R=0). Monitor says: failu
     Plan: continue. Monitor confidence low (0.00); PPO action is likely safe.
  ep35 t= 50 action=2 reward_so_far=-112 | Position (-0.01, 1.66); velocity (-0.16, 0.73); angle 0.07 rad; legs (L=0, R=0). Monitor says: failu
     Plan: intervene. Monitor says 0.99 > 0.08939054827408116. Consider gated action.
  ep35 t=100 action=2 reward_so_far=-365 | Position (-0.15, 3.02); velocity (-0.33, 1.72); angle -0.04 rad; legs (L=0, R=0). Monitor says: fail
     Plan: intervene. Monitor says 1.00 > 0.08939054827408116. Consider gated action.
  ep35 t=150 action=2 reward_so_far=-730 | Position (-0.23, 5.49); velocity (0.11, 2.62); angle -0.21 rad; legs (L=0, R=0). Monitor says: failu
     Plan: intervene. Monitor says 1.00 > 0.08939054827408116. Consider gated action.
  ep35 t=200 action=2 reward_so_far=-1238 | Position (0.07, 8.99); velocity (1.21, 3.57); angle -0.47 rad; legs (L=0, R=0). Monitor says: failur
     Plan: intervene. Monitor says 0.99 > 0.08939054827408116. Consider gated action.
  ep35 FINAL: gated=-1900 ungated=52 gates=234 (skipped_qcov=0)
    Verifier: ALWAYS angle_below(1.0) -> freq=1.0 conf=1.0
    Verifier: EVENTUALLY velocity_below(0.3) -> freq=0.13360323886639677 conf=1.0
    Verifier: ALWAYS (landed() IMPLIES in_pad()) -> freq=1.0 conf=1.0

  ep36 t=  0 action=2 reward_so_far=4 | Position (-0.00, 1.40); velocity (-0.36, -0.34); angle 0.00 rad; legs (L=0, R=0). Monitor says: fail
     Plan: continue. Monitor confidence low (0.00); PPO action is likely safe.
  ep36 t= 50 action=2 reward_so_far=-37 | Position (-0.19, 1.43); velocity (-0.39, 0.48); angle -0.05 rad; legs (L=0, R=0). Monitor says: fail
     Plan: intervene. Monitor says 0.99 > 0.08939054827408116. Consider gated action.
  ep36 t=100 action=2 reward_so_far=-272 | Position (-0.29, 2.56); velocity (0.10, 1.44); angle -0.25 rad; legs (L=0, R=0). Monitor says: failu
     Plan: intervene. Monitor says 1.00 > 0.08939054827408116. Consider gated action.
  ep36 t=150 action=2 reward_so_far=-652 | Position (0.04, 4.69); velocity (1.40, 2.17); angle -0.62 rad; legs (L=0, R=0). Monitor says: failur
     Plan: intervene. Monitor says 1.00 > 0.08939054827408116. Consider gated action.
  ep36 FINAL: gated=-1147 ungated=-38 gates=173 (skipped_qcov=0)
    Verifier: ALWAYS angle_below(1.0) -> freq=1.0 conf=1.0
    Verifier: EVENTUALLY velocity_below(0.3) -> freq=0.0 conf=1.0
    Verifier: ALWAYS (landed() IMPLIES in_pad()) -> freq=1.0 conf=1.0

  ep37 t=  0 action=3 reward_so_far=0 | Position (-0.00, 1.41); velocity (-0.14, -0.04); angle 0.00 rad; legs (L=0, R=0). Monitor says: fail
     Plan: continue. Monitor confidence low (0.00); PPO action is likely safe.
  ep37 t= 50 action=2 reward_so_far=-100 | Position (-0.03, 1.68); velocity (0.10, 0.67); angle -0.04 rad; legs (L=0, R=0). Monitor says: failu
     Plan: intervene. Monitor says 0.99 > 0.08939054827408116. Consider gated action.
  ep37 t=100 action=2 reward_so_far=-359 | Position (0.01, 2.95); velocity (-0.19, 1.60); angle 0.25 rad; legs (L=0, R=0). Monitor says: failur
     Plan: intervene. Monitor says 1.00 > 0.08939054827408116. Consider gated action.
  ep37 t=150 action=2 reward_so_far=-778 | Position (-0.38, 5.22); velocity (-1.70, 2.40); angle 0.65 rad; legs (L=0, R=0). Monitor says: failu
     Plan: intervene. Monitor says 1.00 > 0.08939054827408116. Consider gated action.
  ep37 FINAL: gated=-1165 ungated=12 gates=164 (skipped_qcov=0)
    Verifier: ALWAYS angle_below(1.0) -> freq=1.0 conf=1.0
    Verifier: EVENTUALLY velocity_below(0.3) -> freq=0.1751412429378531 conf=1.0
    Verifier: ALWAYS (landed() IMPLIES in_pad()) -> freq=1.0 conf=1.0

  ep38 t=  0 action=3 reward_so_far=2 | Position (-0.00, 1.42); velocity (-0.29, 0.27); angle 0.00 rad; legs (L=0, R=0). Monitor says: failu
     Plan: continue. Monitor confidence low (0.00); PPO action is likely safe.
  ep38 t= 50 action=2 reward_so_far=-104 | Position (-0.05, 1.74); velocity (0.19, 0.69); angle -0.25 rad; legs (L=0, R=0). Monitor says: failu
     Plan: intervene. Monitor says 0.99 > 0.08939054827408116. Consider gated action.
  ep38 t=100 action=2 reward_so_far=-416 | Position (0.34, 2.97); velocity (1.52, 1.46); angle -0.53 rad; legs (L=0, R=0). Monitor says: failur
     Plan: intervene. Monitor says 1.00 > 0.08939054827408116. Consider gated action.
  ep38 FINAL: gated=-765 ungated=15 gates=119 (skipped_qcov=0)
    Verifier: ALWAYS angle_below(1.0) -> freq=1.0 conf=1.0
    Verifier: EVENTUALLY velocity_below(0.3) -> freq=0.20454545454545456 conf=1.0
    Verifier: ALWAYS (landed() IMPLIES in_pad()) -> freq=1.0 conf=1.0

  ep39 t=  0 action=2 reward_so_far=-0 | Position (-0.00, 1.41); velocity (-0.46, -0.15); angle 0.01 rad; legs (L=0, R=0). Monitor says: fail
     Plan: continue. Monitor confidence low (0.00); PPO action is likely safe.
  ep39 t= 50 action=2 reward_so_far=-105 | Position (-0.20, 1.67); velocity (-0.16, 0.81); angle -0.28 rad; legs (L=0, R=0). Monitor says: fail
     Plan: intervene. Monitor says 0.99 > 0.08939054827408116. Consider gated action.
  ep39 t=100 action=2 reward_so_far=-440 | Position (0.07, 2.98); velocity (1.56, 1.43); angle -0.84 rad; legs (L=0, R=0). Monitor says: failur
     Plan: intervene. Monitor says 1.00 > 0.08939054827408116. Consider gated action.
  ep39 FINAL: gated=-873 ungated=42 gates=121 (skipped_qcov=0)
    Verifier: ALWAYS angle_below(1.0) -> freq=0.0 conf=1.0
    Verifier: EVENTUALLY velocity_below(0.3) -> freq=0.0 conf=1.0
    Verifier: ALWAYS (landed() IMPLIES in_pad()) -> freq=1.0 conf=1.0

  ep40 t=  0 action=1 reward_so_far=0 | Position (0.00, 1.41); velocity (0.15, -0.03); angle -0.00 rad; legs (L=0, R=0). Monitor says: failu
     Plan: continue. Monitor confidence low (0.00); PPO action is likely safe.
  ep40 t= 50 action=2 reward_so_far=-141 | Position (0.04, 1.71); velocity (-0.15, 0.80); angle 0.25 rad; legs (L=0, R=0). Monitor says: failur
     Plan: intervene. Monitor says 1.00 > 0.08939054827408116. Consider gated action.
  ep40 t=100 action=2 reward_so_far=-448 | Position (-0.32, 3.08); velocity (-1.38, 1.62); angle 0.48 rad; legs (L=0, R=0). Monitor says: failu
     Plan: intervene. Monitor says 1.00 > 0.08939054827408116. Consider gated action.
  ep40 FINAL: gated=-865 ungated=-47 gates=123 (skipped_qcov=0)
    Verifier: ALWAYS angle_below(1.0) -> freq=1.0 conf=1.0
    Verifier: EVENTUALLY velocity_below(0.3) -> freq=0.2 conf=1.0
    Verifier: ALWAYS (landed() IMPLIES in_pad()) -> freq=1.0 conf=1.0

  ep41 t=  0 action=2 reward_so_far=0 | Position (0.00, 1.41); velocity (0.01, -0.14); angle -0.00 rad; legs (L=0, R=0). Monitor says: failu
     Plan: continue. Monitor confidence low (0.00); PPO action is likely safe.
  ep41 t= 50 action=2 reward_so_far=-68 | Position (0.02, 1.52); velocity (0.11, 0.48); angle -0.06 rad; legs (L=0, R=0). Monitor says: failur
     Plan: intervene. Monitor says 0.99 > 0.08939054827408116. Consider gated action.
  ep41 t=100 action=2 reward_so_far=-310 | Position (0.14, 2.63); velocity (0.34, 1.54); angle -0.10 rad; legs (L=0, R=0). Monitor says: failur
     Plan: intervene. Monitor says 1.00 > 0.08939054827408116. Consider gated action.
  ep41 t=150 action=2 reward_so_far=-659 | Position (0.42, 4.83); velocity (0.81, 2.36); angle -0.30 rad; legs (L=0, R=0). Monitor says: failur
     Plan: intervene. Monitor says 1.00 > 0.08939054827408116. Consider gated action.
  ep41 FINAL: gated=-1178 ungated=-16 gates=172 (skipped_qcov=0)
    Verifier: ALWAYS angle_below(1.0) -> freq=1.0 conf=1.0
    Verifier: EVENTUALLY velocity_below(0.3) -> freq=0.20833333333333334 conf=1.0
    Verifier: ALWAYS (landed() IMPLIES in_pad()) -> freq=1.0 conf=1.0

  ep42 t=  0 action=3 reward_so_far=2 | Position (-0.00, 1.42); velocity (-0.29, 0.27); angle 0.00 rad; legs (L=0, R=0). Monitor says: failu
     Plan: continue. Monitor confidence low (0.00); PPO action is likely safe.
  ep42 t= 50 action=2 reward_so_far=-84 | Position (-0.10, 1.71); velocity (-0.03, 0.69); angle -0.11 rad; legs (L=0, R=0). Monitor says: fail
     Plan: intervene. Monitor says 0.99 > 0.08939054827408116. Consider gated action.
  ep42 t=100 action=2 reward_so_far=-363 | Position (-0.01, 3.05); velocity (0.55, 1.69); angle -0.29 rad; legs (L=0, R=0). Monitor says: failu
     Plan: intervene. Monitor says 1.00 > 0.08939054827408116. Consider gated action.
  ep42 t=150 action=2 reward_so_far=-772 | Position (0.58, 5.41); velocity (1.92, 2.40); angle -0.53 rad; legs (L=0, R=0). Monitor says: failur
     Plan: intervene. Monitor says 1.00 > 0.08939054827408116. Consider gated action.
  ep42 FINAL: gated=-1037 ungated=16 gates=157 (skipped_qcov=0)
    Verifier: ALWAYS angle_below(1.0) -> freq=1.0 conf=1.0
    Verifier: EVENTUALLY velocity_below(0.3) -> freq=0.15294117647058825 conf=1.0
    Verifier: ALWAYS (landed() IMPLIES in_pad()) -> freq=1.0 conf=1.0

  ep43 t=  0 action=1 reward_so_far=2 | Position (0.00, 1.42); velocity (0.22, 0.28); angle -0.00 rad; legs (L=0, R=0). Monitor says: failur
     Plan: continue. Monitor confidence low (0.00); PPO action is likely safe.
  ep43 t= 50 action=2 reward_so_far=-95 | Position (0.10, 1.76); velocity (0.05, 0.72); angle 0.09 rad; legs (L=0, R=0). Monitor says: failure
     Plan: intervene. Monitor says 0.99 > 0.08939054827408116. Consider gated action.
  ep43 t=100 action=2 reward_so_far=-325 | Position (0.05, 3.06); velocity (-0.16, 1.60); angle 0.06 rad; legs (L=0, R=0). Monitor says: failur
     Plan: intervene. Monitor says 1.00 > 0.08939054827408116. Consider gated action.
  ep43 t=150 action=2 reward_so_far=-679 | Position (-0.09, 5.34); velocity (-0.42, 2.53); angle 0.17 rad; legs (L=0, R=0). Monitor says: failu
     Plan: intervene. Monitor says 1.00 > 0.08939054827408116. Consider gated action.
  ep43 t=200 action=2 reward_so_far=-1188 | Position (-0.53, 8.80); velocity (-1.47, 3.48); angle 0.40 rad; legs (L=0, R=0). Monitor says: failu
     Plan: intervene. Monitor says 0.99 > 0.08939054827408116. Consider gated action.
  ep43 FINAL: gated=-1565 ungated=-1 gates=212 (skipped_qcov=0)
    Verifier: ALWAYS angle_below(1.0) -> freq=1.0 conf=1.0
    Verifier: EVENTUALLY velocity_below(0.3) -> freq=0.11061946902654868 conf=1.0
    Verifier: ALWAYS (landed() IMPLIES in_pad()) -> freq=1.0 conf=1.0

  ep44 t=  0 action=2 reward_so_far=-0 | Position (0.01, 1.40); velocity (0.51, -0.28); angle -0.01 rad; legs (L=0, R=0). Monitor says: failu
     Plan: continue. Monitor confidence low (0.00); PPO action is likely safe.
  ep44 t= 50 action=2 reward_so_far=16 | Position (0.23, 1.25); velocity (0.32, -0.13); angle 0.16 rad; legs (L=0, R=0). Monitor says: failur
     Plan: continue. Monitor confidence low (0.02); PPO action is likely safe.
  ep44 t=100 action=2 reward_so_far=46 | Position (0.31, 1.16); velocity (0.08, -0.07); angle 0.04 rad; legs (L=0, R=0). Monitor says: failur
     Plan: continue. Monitor confidence low (0.01); PPO action is likely safe.
  ep44 t=150 action=3 reward_so_far=47 | Position (0.32, 1.11); velocity (-0.07, -0.04); angle -0.00 rad; legs (L=0, R=0). Monitor says: fail
     Plan: continue. Monitor confidence low (0.05); PPO action is likely safe.
  ep44 t=200 action=1 reward_so_far=45 | Position (0.29, 1.04); velocity (-0.01, -0.04); angle -0.02 rad; legs (L=0, R=0). Monitor says: fail
     Plan: continue. Monitor confidence low (0.06); PPO action is likely safe.
  ep44 t=250 action=2 reward_so_far=45 | Position (0.30, 0.95); velocity (0.02, -0.10); angle 0.01 rad; legs (L=0, R=0). Monitor says: failur
     Plan: continue. Monitor confidence low (0.02); PPO action is likely safe.
  ep44 t=300 action=2 reward_so_far=39 | Position (0.28, 0.87); velocity (-0.09, -0.06); angle -0.03 rad; legs (L=0, R=0). Monitor says: fail
     Plan: continue. Monitor confidence low (0.02); PPO action is likely safe.
  ep44 t=350 action=2 reward_so_far=43 | Position (0.24, 0.82); velocity (-0.05, -0.04); angle 0.01 rad; legs (L=0, R=0). Monitor says: failu
     Plan: continue. Monitor confidence low (0.01); PPO action is likely safe.
  ep44 t=400 action=2 reward_so_far=46 | Position (0.22, 0.74); velocity (-0.03, -0.04); angle -0.00 rad; legs (L=0, R=0). Monitor says: fail
     Plan: continue. Monitor confidence low (0.01); PPO action is likely safe.
  ep44 t=450 action=2 reward_so_far=34 | Position (0.25, 0.64); velocity (0.07, -0.08); angle 0.06 rad; legs (L=0, R=0). Monitor says: failur
     Plan: continue. Monitor confidence low (0.02); PPO action is likely safe.
  ep44 FINAL: gated=41 ungated=50 gates=49 (skipped_qcov=0)
    Verifier: ALWAYS angle_below(1.0) -> freq=1.0 conf=1.0
    Verifier: EVENTUALLY velocity_below(0.3) -> freq=1.0 conf=1.0
    Verifier: ALWAYS (landed() IMPLIES in_pad()) -> freq=1.0 conf=1.0

  ep45 t=  0 action=3 reward_so_far=2 | Position (-0.00, 1.42); velocity (-0.32, 0.29); angle 0.00 rad; legs (L=0, R=0). Monitor says: failu
     Plan: continue. Monitor confidence low (0.00); PPO action is likely safe.
  ep45 t= 50 action=2 reward_so_far=-110 | Position (-0.10, 1.77); velocity (0.06, 0.75); angle -0.24 rad; legs (L=0, R=0). Monitor says: failu
     Plan: intervene. Monitor says 0.99 > 0.08939054827408116. Consider gated action.
  ep45 t=100 action=2 reward_so_far=-424 | Position (0.22, 3.11); velocity (1.39, 1.50); angle -0.56 rad; legs (L=0, R=0). Monitor says: failur
     Plan: intervene. Monitor says 1.00 > 0.08939054827408116. Consider gated action.
  ep45 FINAL: gated=-855 ungated=-24 gates=124 (skipped_qcov=0)
    Verifier: ALWAYS angle_below(1.0) -> freq=1.0 conf=1.0
    Verifier: EVENTUALLY velocity_below(0.3) -> freq=0.18382352941176472 conf=1.0
    Verifier: ALWAYS (landed() IMPLIES in_pad()) -> freq=1.0 conf=1.0

  ep46 t=  0 action=3 reward_so_far=0 | Position (-0.00, 1.41); velocity (-0.25, -0.01); angle 0.00 rad; legs (L=0, R=0). Monitor says: fail
     Plan: continue. Monitor confidence low (0.00); PPO action is likely safe.
  ep46 t= 50 action=2 reward_so_far=-78 | Position (-0.10, 1.60); velocity (-0.07, 0.58); angle -0.09 rad; legs (L=0, R=0). Monitor says: fail
     Plan: intervene. Monitor says 0.99 > 0.08939054827408116. Consider gated action.
  ep46 t=100 action=2 reward_so_far=-353 | Position (-0.03, 2.96); velocity (0.38, 1.72); angle -0.15 rad; legs (L=0, R=0). Monitor says: failu
     Plan: intervene. Monitor says 1.00 > 0.08939054827408116. Consider gated action.
  ep46 t=150 action=2 reward_so_far=-714 | Position (0.32, 5.44); velocity (0.96, 2.66); angle -0.04 rad; legs (L=0, R=0). Monitor says: failur
     Plan: intervene. Monitor says 1.00 > 0.08939054827408116. Consider gated action.
  ep46 t=200 action=2 reward_so_far=-1194 | Position (0.77, 8.95); velocity (0.64, 3.61); angle 0.28 rad; legs (L=0, R=0). Monitor says: failure
     Plan: intervene. Monitor says 1.00 > 0.08939054827408116. Consider gated action.
  ep46 t=250 action=2 reward_so_far=-1811 | Position (0.74, 13.50); velocity (-1.06, 4.32); angle 0.92 rad; legs (L=0, R=0). Monitor says: failu
     Plan: intervene. Monitor says 0.97 > 0.08939054827408116. Consider gated action.
  ep46 t=300 action=2 reward_so_far=-2476 | Position (-0.60, 18.05); velocity (-4.39, 3.45); angle 1.77 rad; legs (L=0, R=0). Monitor says: fail
     Plan: intervene. Monitor says 0.99 > 0.08939054827408116. Consider gated action.
  ep46 FINAL: gated=-2661 ungated=-43 gates=296 (skipped_qcov=0)
    Verifier: ALWAYS angle_below(1.0) -> freq=0.0 conf=1.0
    Verifier: EVENTUALLY velocity_below(0.3) -> freq=0.10679611650485436 conf=1.0
    Verifier: ALWAYS (landed() IMPLIES in_pad()) -> freq=1.0 conf=1.0

  ep47 t=  0 action=2 reward_so_far=2 | Position (0.00, 1.40); velocity (0.24, -0.38); angle -0.00 rad; legs (L=0, R=0). Monitor says: failu
     Plan: continue. Monitor confidence low (0.00); PPO action is likely safe.
  ep47 t= 50 action=2 reward_so_far=8 | Position (0.14, 1.26); velocity (0.29, 0.04); angle 0.09 rad; legs (L=0, R=0). Monitor says: failure
     Plan: intervene. Monitor says 0.54 > 0.08939054827408116. Consider gated action.
  ep47 t=100 action=2 reward_so_far=-160 | Position (0.15, 1.80); velocity (-0.41, 0.91); angle 0.33 rad; legs (L=0, R=0). Monitor says: failur
     Plan: intervene. Monitor says 1.00 > 0.08939054827408116. Consider gated action.
  ep47 t=150 action=2 reward_so_far=-530 | Position (-0.41, 3.38); velocity (-1.91, 1.76); angle 0.63 rad; legs (L=0, R=0). Monitor says: failu
     Plan: intervene. Monitor says 1.00 > 0.08939054827408116. Consider gated action.
  ep47 FINAL: gated=-841 ungated=-29 gates=137 (skipped_qcov=0)
    Verifier: ALWAYS angle_below(1.0) -> freq=1.0 conf=1.0
    Verifier: EVENTUALLY velocity_below(0.3) -> freq=0.3333333333333333 conf=1.0
    Verifier: ALWAYS (landed() IMPLIES in_pad()) -> freq=1.0 conf=1.0

  ep48 t=  0 action=2 reward_so_far=2 | Position (-0.01, 1.40); velocity (-0.59, -0.53); angle 0.01 rad; legs (L=0, R=0). Monitor says: fail
     Plan: continue. Monitor confidence low (0.00); PPO action is likely safe.
  ep48 t= 50 action=2 reward_so_far=-91 | Position (-0.35, 1.31); velocity (-1.06, 0.41); angle 0.43 rad; legs (L=0, R=0). Monitor says: failu
     Plan: intervene. Monitor says 0.99 > 0.08939054827408116. Consider gated action.
  ep48 FINAL: gated=-449 ungated=-44 gates=68 (skipped_qcov=0)
    Verifier: ALWAYS angle_below(1.0) -> freq=1.0 conf=0.89
    Verifier: EVENTUALLY velocity_below(0.3) -> freq=0.0 conf=0.89
    Verifier: ALWAYS (landed() IMPLIES in_pad()) -> freq=1.0 conf=0.89

  ep49 t=  0 action=3 reward_so_far=2 | Position (-0.00, 1.42); velocity (-0.30, 0.35); angle 0.00 rad; legs (L=0, R=0). Monitor says: failu
     Plan: continue. Monitor confidence low (0.00); PPO action is likely safe.
  ep49 t= 50 action=2 reward_so_far=-106 | Position (-0.09, 1.70); velocity (0.20, 0.59); angle -0.44 rad; legs (L=0, R=0). Monitor says: failu
     Plan: intervene. Monitor says 0.99 > 0.08939054827408116. Consider gated action.
  ep49 t=100 action=2 reward_so_far=-500 | Position (0.56, 2.72); velocity (2.56, 1.07); angle -0.97 rad; legs (L=0, R=0). Monitor says: failur
     Plan: intervene. Monitor says 1.00 > 0.08939054827408116. Consider gated action.
  ep49 FINAL: gated=-738 ungated=42 gates=103 (skipped_qcov=0)
    Verifier: ALWAYS angle_below(1.0) -> freq=0.0 conf=1.0
    Verifier: EVENTUALLY velocity_below(0.3) -> freq=0.2782608695652174 conf=1.0
    Verifier: ALWAYS (landed() IMPLIES in_pad()) -> freq=1.0 conf=1.0

======================================================================
PHASE 1.5 v0.2 FULL INTEGRATION SUMMARY
======================================================================
  Episodes:                50
  Ungated PPO mean:        -2.7 +/- 37.2
  Gated (Monitor+Q) mean:  -976.9 +/- 548.4
  Delta:                   -974.24
  Avg gates per episode:   140.88
  Gates skipped (q_cov):   0
  SlotMonitor val AUROC:   0.994
  Platt:                   a=1.713, b=-1.120
  Calibrated threshold:    0.089  (target FPR=0.1)
  Q coverage:              78133  (min=50)

