[Phase 1.5 v0.2: Calibrated 4-Layer Integration] env=LunarLander-v3 seed=0
  target_fpr=0.1  min_q_coverage=50  val_fraction=0.2  n_eval=50
======================================================================
[A] PPO trained.
[Data] 200 rollouts, threshold=0.0  (train=160, val=40)
[A] SlotMonitor trained (val AUROC = 0.963)
[Cal] Platt fit: a=0.789 b=0.260  -> target FPR=0.10, threshold=0.009
[Cal] val FPR=0.07  val TPR=1.00  (n_neg=27, n_pos=13)
[Q] Q-function trained. coverage=54723 (need>=50) -> gate_enabled=True
[E] Verifier ready with 3 rules
[D] Language interface ready (template-based)

======================================================================
FULL INTEGRATION EPISODES (v0.2)
======================================================================
  ep0 t=  0 action=1 reward_so_far=-0 | Position (0.01, 1.40); velocity (0.60, -0.41); angle -0.01 rad; legs (L=0, R=0). Monitor says: failu
     Plan: continue. Monitor confidence low (0.00); PPO action is likely safe.
  ep0 t= 50 action=2 reward_so_far=38 | Position (0.25, 0.98); velocity (0.42, -0.27); angle 0.16 rad; legs (L=0, R=0). Monitor says: failur
     Plan: continue. Monitor confidence low (0.01); PPO action is likely safe.
  ep0 t=100 action=2 reward_so_far=78 | Position (0.39, 0.78); velocity (0.15, -0.26); angle 0.01 rad; legs (L=0, R=0). Monitor says: failur
     Plan: continue. Monitor confidence low (0.01); PPO action is likely safe.
  ep0 t=150 action=2 reward_so_far=55 | Position (0.47, 0.70); velocity (0.13, 0.28); angle 0.08 rad; legs (L=0, R=0). Monitor says: failure
     Plan: continue. Monitor confidence low (0.07); PPO action is likely safe.
  ep0 t=200 action=2 reward_so_far=-181 | Position (0.43, 1.61); velocity (-0.55, 1.21); angle 0.44 rad; legs (L=0, R=0). Monitor says: failur
     Plan: intervene. Monitor says 0.97 > 0.009315825008770836. Consider gated action.
  ep0 t=250 action=2 reward_so_far=-569 | Position (-0.33, 3.33); velocity (-2.56, 1.77); angle 0.68 rad; legs (L=0, R=0). Monitor says: failu
     Plan: intervene. Monitor says 0.97 > 0.009315825008770836. Consider gated action.
  ep0 FINAL: gated=-866 ungated=-59 gates=191 (skipped_qcov=0)
    Verifier: ALWAYS angle_below(1.0) -> freq=1.0 conf=1.0
    Verifier: EVENTUALLY velocity_below(0.3) -> freq=0.5514705882352942 conf=1.0
    Verifier: ALWAYS (landed() IMPLIES in_pad()) -> freq=1.0 conf=1.0

  ep1 t=  0 action=1 reward_so_far=1 | Position (0.00, 1.42); velocity (0.40, 0.22); angle -0.00 rad; legs (L=0, R=0). Monitor says: failur
     Plan: continue. Monitor confidence low (0.00); PPO action is likely safe.
  ep1 t= 50 action=2 reward_so_far=-107 | Position (0.14, 1.77); velocity (-0.04, 0.76); angle 0.24 rad; legs (L=0, R=0). Monitor says: failur
     Plan: intervene. Monitor says 0.95 > 0.009315825008770836. Consider gated action.
  ep1 t=100 action=2 reward_so_far=-397 | Position (-0.12, 3.04); velocity (-1.21, 1.49); angle 0.53 rad; legs (L=0, R=0). Monitor says: failu
     Plan: intervene. Monitor says 0.97 > 0.009315825008770836. Consider gated action.
  ep1 FINAL: gated=-863 ungated=186 gates=134 (skipped_qcov=0)
    Verifier: ALWAYS angle_below(1.0) -> freq=1.0 conf=1.0
    Verifier: EVENTUALLY velocity_below(0.3) -> freq=0.0 conf=1.0
    Verifier: ALWAYS (landed() IMPLIES in_pad()) -> freq=1.0 conf=1.0

  ep2 t=  0 action=1 reward_so_far=0 | Position (0.01, 1.41); velocity (0.56, -0.13); angle -0.01 rad; legs (L=0, R=0). Monitor says: failu
     Plan: continue. Monitor confidence low (0.00); PPO action is likely safe.
  ep2 t= 50 action=2 reward_so_far=-42 | Position (0.22, 1.46); velocity (0.21, 0.45); angle 0.27 rad; legs (L=0, R=0). Monitor says: failure
     Plan: intervene. Monitor says 0.85 > 0.009315825008770836. Consider gated action.
  ep2 t=100 action=2 reward_so_far=-311 | Position (-0.02, 2.47); velocity (-1.22, 1.30); angle 0.51 rad; legs (L=0, R=0). Monitor says: failu
     Plan: intervene. Monitor says 0.97 > 0.009315825008770836. Consider gated action.
  ep2 FINAL: gated=-783 ungated=141 gates=137 (skipped_qcov=0)
    Verifier: ALWAYS angle_below(1.0) -> freq=1.0 conf=1.0
    Verifier: EVENTUALLY velocity_below(0.3) -> freq=0.0 conf=1.0
    Verifier: ALWAYS (landed() IMPLIES in_pad()) -> freq=1.0 conf=1.0

  ep3 t=  0 action=2 reward_so_far=2 | Position (0.00, 1.41); velocity (0.25, -0.18); angle -0.00 rad; legs (L=0, R=0). Monitor says: failu
     Plan: continue. Monitor confidence low (0.00); PPO action is likely safe.
  ep3 t= 50 action=1 reward_so_far=20 | Position (0.08, 1.29); velocity (0.09, -0.07); angle 0.00 rad; legs (L=0, R=0). Monitor says: failur
     Plan: continue. Monitor confidence low (0.01); PPO action is likely safe.
  ep3 t=100 action=2 reward_so_far=-51 | Position (0.14, 1.40); velocity (0.15, 0.51); angle -0.00 rad; legs (L=0, R=0). Monitor says: failur
     Plan: intervene. Monitor says 0.95 > 0.009315825008770836. Consider gated action.
  ep3 t=150 action=2 reward_so_far=-294 | Position (0.20, 2.60); velocity (0.00, 1.62); angle 0.02 rad; legs (L=0, R=0). Monitor says: failure
     Plan: intervene. Monitor says 0.97 > 0.009315825008770836. Consider gated action.
  ep3 t=200 action=2 reward_so_far=-657 | Position (0.22, 4.95); velocity (0.23, 2.45); angle -0.26 rad; legs (L=0, R=0). Monitor says: failur
     Plan: intervene. Monitor says 0.97 > 0.009315825008770836. Consider gated action.
  ep3 t=250 action=2 reward_so_far=-1164 | Position (0.66, 8.22); velocity (1.71, 3.29); angle -0.61 rad; legs (L=0, R=0). Monitor says: failur
     Plan: intervene. Monitor says 0.97 > 0.009315825008770836. Consider gated action.
  ep3 FINAL: gated=-1447 ungated=109 gates=236 (skipped_qcov=0)
    Verifier: ALWAYS angle_below(1.0) -> freq=1.0 conf=1.0
    Verifier: EVENTUALLY velocity_below(0.3) -> freq=0.32706766917293234 conf=1.0
    Verifier: ALWAYS (landed() IMPLIES in_pad()) -> freq=1.0 conf=1.0

  ep4 t=  0 action=0 reward_so_far=-1 | Position (0.00, 1.41); velocity (0.33, -0.18); angle -0.00 rad; legs (L=0, R=0). Monitor says: failu
     Plan: continue. Monitor confidence low (0.00); PPO action is likely safe.
  ep4 t= 50 action=3 reward_so_far=12 | Position (0.12, 1.26); velocity (0.21, -0.09); angle 0.06 rad; legs (L=0, R=0). Monitor says: failur
     Plan: continue. Monitor confidence low (0.01); PPO action is likely safe.
  ep4 t=100 action=2 reward_so_far=-117 | Position (0.20, 1.72); velocity (0.12, 0.86); angle 0.07 rad; legs (L=0, R=0). Monitor says: failure
     Plan: intervene. Monitor says 0.97 > 0.009315825008770836. Consider gated action.
  ep4 t=150 action=2 reward_so_far=-377 | Position (0.17, 3.18); velocity (-0.28, 1.74); angle 0.14 rad; legs (L=0, R=0). Monitor says: failur
     Plan: intervene. Monitor says 0.97 > 0.009315825008770836. Consider gated action.
  ep4 t=200 action=2 reward_so_far=-740 | Position (-0.10, 5.67); velocity (-0.75, 2.66); angle 0.12 rad; legs (L=0, R=0). Monitor says: failu
     Plan: intervene. Monitor says 0.97 > 0.009315825008770836. Consider gated action.
  ep4 t=250 action=2 reward_so_far=-1215 | Position (-0.57, 9.23); velocity (-0.93, 3.65); angle -0.10 rad; legs (L=0, R=0). Monitor says: fail
     Plan: intervene. Monitor says 0.98 > 0.009315825008770836. Consider gated action.
  ep4 t=300 action=2 reward_so_far=-1799 | Position (-0.89, 13.88); velocity (-0.21, 4.49); angle -0.40 rad; legs (L=0, R=0). Monitor says: fai
     Plan: intervene. Monitor says 0.97 > 0.009315825008770836. Consider gated action.
  ep4 t=350 action=2 reward_so_far=-2459 | Position (-0.58, 19.26); velocity (1.54, 5.06); angle -0.70 rad; legs (L=0, R=0). Monitor says: fail
     Plan: intervene. Monitor says 0.98 > 0.009315825008770836. Consider gated action.
  ep4 t=400 action=2 reward_so_far=-3217 | Position (0.83, 25.06); velocity (4.15, 5.14); angle -0.98 rad; legs (L=0, R=0). Monitor says: failu
     Plan: intervene. Monitor says 0.97 > 0.009315825008770836. Consider gated action.
  ep4 FINAL: gated=-3363 ungated=101 gates=378 (skipped_qcov=0)
    Verifier: ALWAYS angle_below(1.0) -> freq=1.0 conf=1.0
    Verifier: EVENTUALLY velocity_below(0.3) -> freq=0.1654320987654321 conf=1.0
    Verifier: ALWAYS (landed() IMPLIES in_pad()) -> freq=1.0 conf=1.0

  ep5 t=  0 action=3 reward_so_far=0 | Position (-0.00, 1.41); velocity (-0.18, -0.07); angle 0.00 rad; legs (L=0, R=0). Monitor says: fail
     Plan: continue. Monitor confidence low (0.00); PPO action is likely safe.
  ep5 t= 50 action=2 reward_so_far=-95 | Position (-0.04, 1.58); velocity (0.10, 0.55); angle -0.22 rad; legs (L=0, R=0). Monitor says: failu
     Plan: intervene. Monitor says 0.96 > 0.009315825008770836. Consider gated action.
  ep5 t=100 action=2 reward_so_far=-403 | Position (0.31, 2.72); velocity (1.40, 1.50); angle -0.50 rad; legs (L=0, R=0). Monitor says: failur
     Plan: intervene. Monitor says 0.98 > 0.009315825008770836. Consider gated action.
  ep5 FINAL: gated=-769 ungated=157 gates=127 (skipped_qcov=0)
    Verifier: ALWAYS angle_below(1.0) -> freq=1.0 conf=1.0
    Verifier: EVENTUALLY velocity_below(0.3) -> freq=0.27611940298507465 conf=1.0
    Verifier: ALWAYS (landed() IMPLIES in_pad()) -> freq=1.0 conf=1.0

  ep6 t=  0 action=3 reward_so_far=0 | Position (-0.00, 1.41); velocity (-0.36, -0.08); angle 0.00 rad; legs (L=0, R=0). Monitor says: fail
     Plan: continue. Monitor confidence low (0.00); PPO action is likely safe.
  ep6 t= 50 action=2 reward_so_far=18 | Position (-0.12, 1.32); velocity (-0.10, -0.04); angle -0.09 rad; legs (L=0, R=0). Monitor says: fai
     Plan: continue. Monitor confidence low (0.02); PPO action is likely safe.
  ep6 t=100 action=3 reward_so_far=23 | Position (-0.13, 1.24); velocity (0.04, 0.01); angle -0.05 rad; legs (L=0, R=0). Monitor says: failu
     Plan: continue. Monitor confidence low (0.01); PPO action is likely safe.
  ep6 t=150 action=2 reward_so_far=-155 | Position (0.00, 1.64); velocity (0.61, 0.78); angle -0.33 rad; legs (L=0, R=0). Monitor says: failur
     Plan: intervene. Monitor says 0.96 > 0.009315825008770836. Consider gated action.
  ep6 t=200 action=2 reward_so_far=-552 | Position (0.70, 2.96); velocity (2.48, 1.43); angle -0.82 rad; legs (L=0, R=0). Monitor says: failur
     Plan: intervene. Monitor says 0.97 > 0.009315825008770836. Consider gated action.
  ep6 FINAL: gated=-744 ungated=-37 gates=161 (skipped_qcov=0)
    Verifier: ALWAYS angle_below(1.0) -> freq=1.0 conf=1.0
    Verifier: EVENTUALLY velocity_below(0.3) -> freq=0.5592417061611374 conf=1.0
    Verifier: ALWAYS (landed() IMPLIES in_pad()) -> freq=1.0 conf=1.0

  ep7 t=  0 action=3 reward_so_far=1 | Position (-0.00, 1.41); velocity (-0.50, -0.03); angle 0.01 rad; legs (L=0, R=0). Monitor says: fail
     Plan: continue. Monitor confidence low (0.00); PPO action is likely safe.
  ep7 t= 50 action=2 reward_so_far=-86 | Position (-0.23, 1.70); velocity (-0.38, 0.69); angle -0.10 rad; legs (L=0, R=0). Monitor says: fail
     Plan: intervene. Monitor says 0.94 > 0.009315825008770836. Consider gated action.
  ep7 t=100 action=2 reward_so_far=-347 | Position (-0.28, 3.12); velocity (0.17, 1.82); angle -0.09 rad; legs (L=0, R=0). Monitor says: failu
     Plan: intervene. Monitor says 0.97 > 0.009315825008770836. Consider gated action.
  ep7 t=150 action=2 reward_so_far=-719 | Position (-0.15, 5.74); velocity (0.26, 2.74); angle 0.07 rad; legs (L=0, R=0). Monitor says: failur
     Plan: intervene. Monitor says 0.97 > 0.009315825008770836. Consider gated action.
  ep7 t=200 action=2 reward_so_far=-1199 | Position (-0.12, 9.38); velocity (-0.25, 3.63); angle 0.21 rad; legs (L=0, R=0). Monitor says: failu
     Plan: intervene. Monitor says 0.97 > 0.009315825008770836. Consider gated action.
  ep7 t=250 action=2 reward_so_far=-1803 | Position (-0.45, 14.08); velocity (-0.95, 4.66); angle 0.22 rad; legs (L=0, R=0). Monitor says: fail
     Plan: intervene. Monitor says 0.98 > 0.009315825008770836. Consider gated action.
  ep7 FINAL: gated=-2454 ungated=200 gates=287 (skipped_qcov=0)
    Verifier: ALWAYS angle_below(1.0) -> freq=1.0 conf=1.0
    Verifier: EVENTUALLY velocity_below(0.3) -> freq=0.0 conf=1.0
    Verifier: ALWAYS (landed() IMPLIES in_pad()) -> freq=1.0 conf=1.0

  ep8 t=  0 action=2 reward_so_far=2 | Position (-0.00, 1.40); velocity (-0.21, -0.41); angle 0.00 rad; legs (L=0, R=0). Monitor says: fail
     Plan: continue. Monitor confidence low (0.00); PPO action is likely safe.
  ep8 t= 50 action=1 reward_so_far=22 | Position (-0.11, 1.17); velocity (-0.13, -0.14); angle -0.14 rad; legs (L=0, R=0). Monitor says: fai
     Plan: continue. Monitor confidence low (0.01); PPO action is likely safe.
  ep8 t=100 action=2 reward_so_far=42 | Position (-0.13, 0.97); velocity (-0.02, -0.23); angle 0.03 rad; legs (L=0, R=0). Monitor says: fail
     Plan: continue. Monitor confidence low (0.03); PPO action is likely safe.
  ep8 t=150 action=2 reward_so_far=31 | Position (-0.10, 0.92); velocity (0.16, 0.24); angle -0.00 rad; legs (L=0, R=0). Monitor says: failu
     Plan: intervene. Monitor says 0.61 > 0.009315825008770836. Consider gated action.
  ep8 t=200 action=2 reward_so_far=-181 | Position (-0.05, 1.76); velocity (-0.08, 1.29); angle 0.12 rad; legs (L=0, R=0). Monitor says: failu
     Plan: intervene. Monitor says 0.97 > 0.009315825008770836. Consider gated action.
  ep8 t=250 action=2 reward_so_far=-520 | Position (-0.22, 3.82); velocity (-0.54, 2.32); angle 0.17 rad; legs (L=0, R=0). Monitor says: failu
     Plan: intervene. Monitor says 0.98 > 0.009315825008770836. Consider gated action.
  ep8 t=300 action=2 reward_so_far=-999 | Position (-0.69, 7.00); velocity (-1.49, 3.30); angle 0.35 rad; legs (L=0, R=0). Monitor says: failu
     Plan: intervene. Monitor says 0.98 > 0.009315825008770836. Consider gated action.
  ep8 FINAL: gated=-1289 ungated=102 gates=228 (skipped_qcov=0)
    Verifier: ALWAYS angle_below(1.0) -> freq=1.0 conf=1.0
    Verifier: EVENTUALLY velocity_below(0.3) -> freq=0.4748427672955975 conf=1.0
    Verifier: ALWAYS (landed() IMPLIES in_pad()) -> freq=1.0 conf=1.0

  ep9 t=  0 action=1 reward_so_far=1 | Position (0.00, 1.42); velocity (0.33, 0.24); angle -0.00 rad; legs (L=0, R=0). Monitor says: failur
     Plan: continue. Monitor confidence low (0.00); PPO action is likely safe.
  ep9 t= 50 action=2 reward_so_far=-122 | Position (0.15, 1.91); velocity (0.27, 0.87); angle -0.04 rad; legs (L=0, R=0). Monitor says: failur
     Plan: intervene. Monitor says 0.97 > 0.009315825008770836. Consider gated action.
  ep9 t=100 action=2 reward_so_far=-432 | Position (0.38, 3.51); velocity (0.82, 1.92); angle -0.19 rad; legs (L=0, R=0). Monitor says: failur
     Plan: intervene. Monitor says 0.97 > 0.009315825008770836. Consider gated action.
  ep9 t=150 action=2 reward_so_far=-838 | Position (0.96, 6.25); velocity (1.32, 2.96); angle -0.14 rad; legs (L=0, R=0). Monitor says: failur
     Plan: intervene. Monitor says 0.98 > 0.009315825008770836. Consider gated action.
  ep9 FINAL: gated=-957 ungated=104 gates=146 (skipped_qcov=0)
    Verifier: ALWAYS angle_below(1.0) -> freq=1.0 conf=1.0
    Verifier: EVENTUALLY velocity_below(0.3) -> freq=0.0 conf=1.0
    Verifier: ALWAYS (landed() IMPLIES in_pad()) -> freq=1.0 conf=1.0

  ep10 t=  0 action=2 reward_so_far=2 | Position (-0.00, 1.40); velocity (-0.10, -0.47); angle 0.00 rad; legs (L=0, R=0). Monitor says: fail
     Plan: continue. Monitor confidence low (0.00); PPO action is likely safe.
  ep10 t= 50 action=2 reward_so_far=46 | Position (-0.05, 1.15); velocity (-0.11, -0.08); angle -0.05 rad; legs (L=0, R=0). Monitor says: fai
     Plan: continue. Monitor confidence low (0.01); PPO action is likely safe.
  ep10 t=100 action=2 reward_so_far=50 | Position (-0.07, 1.07); velocity (-0.03, -0.02); angle -0.05 rad; legs (L=0, R=0). Monitor says: fai
     Plan: continue. Monitor confidence low (0.01); PPO action is likely safe.
  ep10 t=150 action=2 reward_so_far=-119 | Position (0.04, 1.52); velocity (0.50, 0.89); angle -0.14 rad; legs (L=0, R=0). Monitor says: failur
     Plan: intervene. Monitor says 0.97 > 0.009315825008770836. Consider gated action.
  ep10 t=200 action=2 reward_so_far=-416 | Position (0.42, 3.06); velocity (1.14, 1.82); angle -0.24 rad; legs (L=0, R=0). Monitor says: failur
     Plan: intervene. Monitor says 0.97 > 0.009315825008770836. Consider gated action.
  ep10 FINAL: gated=-790 ungated=12 gates=174 (skipped_qcov=0)
    Verifier: ALWAYS angle_below(1.0) -> freq=1.0 conf=1.0
    Verifier: EVENTUALLY velocity_below(0.3) -> freq=0.5 conf=1.0
    Verifier: ALWAYS (landed() IMPLIES in_pad()) -> freq=1.0 conf=1.0

  ep11 t=  0 action=3 reward_so_far=2 | Position (-0.00, 1.42); velocity (-0.17, 0.48); angle 0.00 rad; legs (L=0, R=0). Monitor says: failu
     Plan: continue. Monitor confidence low (0.00); PPO action is likely safe.
  ep11 t= 50 action=2 reward_so_far=-193 | Position (0.05, 2.12); velocity (0.51, 0.97); angle -0.44 rad; legs (L=0, R=0). Monitor says: failur
     Plan: intervene. Monitor says 0.97 > 0.009315825008770836. Consider gated action.
  ep11 t=100 action=2 reward_so_far=-619 | Position (0.83, 3.57); velocity (2.77, 1.37); angle -0.98 rad; legs (L=0, R=0). Monitor says: failur
     Plan: intervene. Monitor says 0.98 > 0.009315825008770836. Consider gated action.
  ep11 FINAL: gated=-761 ungated=115 gates=100 (skipped_qcov=0)
    Verifier: ALWAYS angle_below(1.0) -> freq=0.0 conf=1.0
    Verifier: EVENTUALLY velocity_below(0.3) -> freq=0.0 conf=1.0
    Verifier: ALWAYS (landed() IMPLIES in_pad()) -> freq=1.0 conf=1.0

  ep12 t=  0 action=1 reward_so_far=3 | Position (0.00, 1.41); velocity (0.07, 0.14); angle -0.00 rad; legs (L=0, R=0). Monitor says: failur
     Plan: continue. Monitor confidence low (0.00); PPO action is likely safe.
  ep12 t= 50 action=2 reward_so_far=-177 | Position (0.11, 1.87); velocity (0.51, 0.93); angle -0.21 rad; legs (L=0, R=0). Monitor says: failur
     Plan: intervene. Monitor says 0.97 > 0.009315825008770836. Consider gated action.
  ep12 t=100 action=2 reward_so_far=-526 | Position (0.61, 3.52); velocity (1.55, 1.92); angle -0.45 rad; legs (L=0, R=0). Monitor says: failur
     Plan: intervene. Monitor says 0.97 > 0.009315825008770836. Consider gated action.
  ep12 FINAL: gated=-796 ungated=-67 gates=115 (skipped_qcov=0)
    Verifier: ALWAYS angle_below(1.0) -> freq=1.0 conf=1.0
    Verifier: EVENTUALLY velocity_below(0.3) -> freq=0.19008264462809918 conf=1.0
    Verifier: ALWAYS (landed() IMPLIES in_pad()) -> freq=1.0 conf=1.0

  ep13 t=  0 action=3 reward_so_far=-1 | Position (-0.00, 1.41); velocity (-0.19, -0.26); angle 0.00 rad; legs (L=0, R=0). Monitor says: fail
     Plan: continue. Monitor confidence low (0.00); PPO action is likely safe.
  ep13 t= 50 action=3 reward_so_far=20 | Position (-0.06, 1.28); velocity (-0.06, -0.05); angle -0.07 rad; legs (L=0, R=0). Monitor says: fai
     Plan: continue. Monitor confidence low (0.01); PPO action is likely safe.
  ep13 t=100 action=2 reward_so_far=-78 | Position (-0.03, 1.56); velocity (0.15, 0.64); angle -0.01 rad; legs (L=0, R=0). Monitor says: failu
     Plan: intervene. Monitor says 0.94 > 0.009315825008770836. Consider gated action.
  ep13 t=150 action=2 reward_so_far=-336 | Position (0.01, 2.89); velocity (0.08, 1.66); angle -0.08 rad; legs (L=0, R=0). Monitor says: failur
     Plan: intervene. Monitor says 0.97 > 0.009315825008770836. Consider gated action.
  ep13 t=200 action=2 reward_so_far=-710 | Position (0.19, 5.34); velocity (0.65, 2.71); angle -0.10 rad; legs (L=0, R=0). Monitor says: failur
     Plan: intervene. Monitor says 0.98 > 0.009315825008770836. Consider gated action.
  ep13 t=250 action=2 reward_so_far=-1187 | Position (0.55, 8.93); velocity (0.66, 3.75); angle 0.02 rad; legs (L=0, R=0). Monitor says: failure
     Plan: intervene. Monitor says 0.97 > 0.009315825008770836. Consider gated action.
  ep13 t=300 action=2 reward_so_far=-1772 | Position (0.86, 13.72); velocity (0.52, 4.72); angle 0.01 rad; legs (L=0, R=0). Monitor says: failur
     Plan: intervene. Monitor says 0.98 > 0.009315825008770836. Consider gated action.
  ep13 FINAL: gated=-2202 ungated=-13 gates=293 (skipped_qcov=0)
    Verifier: ALWAYS angle_below(1.0) -> freq=1.0 conf=1.0
    Verifier: EVENTUALLY velocity_below(0.3) -> freq=0.24539877300613497 conf=1.0
    Verifier: ALWAYS (landed() IMPLIES in_pad()) -> freq=1.0 conf=1.0

  ep14 t=  0 action=2 reward_so_far=1 | Position (-0.00, 1.40); velocity (-0.03, -0.56); angle 0.00 rad; legs (L=0, R=0). Monitor says: fail
     Plan: continue. Monitor confidence low (0.00); PPO action is likely safe.
  ep14 t= 50 action=2 reward_so_far=51 | Position (0.02, 1.01); velocity (0.19, -0.24); angle -0.04 rad; legs (L=0, R=0). Monitor says: failu
     Plan: continue. Monitor confidence low (0.01); PPO action is likely safe.
  ep14 t=100 action=2 reward_so_far=35 | Position (0.11, 0.98); velocity (0.06, 0.21); angle 0.14 rad; legs (L=0, R=0). Monitor says: failure
     Plan: continue. Monitor confidence low (0.11); PPO action is likely safe.
  ep14 t=150 action=2 reward_so_far=-202 | Position (-0.04, 1.80); velocity (-0.81, 1.18); angle 0.33 rad; legs (L=0, R=0). Monitor says: failu
     Plan: intervene. Monitor says 0.97 > 0.009315825008770836. Consider gated action.
  ep14 t=200 action=2 reward_so_far=-569 | Position (-0.77, 3.63); velocity (-2.11, 2.08); angle 0.37 rad; legs (L=0, R=0). Monitor says: failu
     Plan: intervene. Monitor says 0.97 > 0.009315825008770836. Consider gated action.
  ep14 FINAL: gated=-748 ungated=-8 gates=153 (skipped_qcov=0)
    Verifier: ALWAYS angle_below(1.0) -> freq=1.0 conf=1.0
    Verifier: EVENTUALLY velocity_below(0.3) -> freq=0.4976303317535545 conf=1.0
    Verifier: ALWAYS (landed() IMPLIES in_pad()) -> freq=1.0 conf=1.0

  ep15 t=  0 action=3 reward_so_far=1 | Position (-0.00, 1.42); velocity (-0.33, 0.44); angle 0.00 rad; legs (L=0, R=0). Monitor says: failu
     Plan: continue. Monitor confidence low (0.00); PPO action is likely safe.
  ep15 t= 50 action=2 reward_so_far=-213 | Position (-0.07, 2.27); velocity (0.24, 1.22); angle -0.38 rad; legs (L=0, R=0). Monitor says: failu
     Plan: intervene. Monitor says 0.97 > 0.009315825008770836. Consider gated action.
  ep15 t=100 action=2 reward_so_far=-618 | Position (0.50, 4.08); velocity (2.21, 1.86); angle -0.77 rad; legs (L=0, R=0). Monitor says: failur
     Plan: intervene. Monitor says 0.98 > 0.009315825008770836. Consider gated action.
  ep15 FINAL: gated=-891 ungated=103 gates=114 (skipped_qcov=0)
    Verifier: ALWAYS angle_below(1.0) -> freq=1.0 conf=1.0
    Verifier: EVENTUALLY velocity_below(0.3) -> freq=0.0 conf=1.0
    Verifier: ALWAYS (landed() IMPLIES in_pad()) -> freq=1.0 conf=1.0

  ep16 t=  0 action=1 reward_so_far=1 | Position (0.01, 1.41); velocity (0.68, 0.17); angle -0.01 rad; legs (L=0, R=0). Monitor says: failur
     Plan: continue. Monitor confidence low (0.00); PPO action is likely safe.
  ep16 t= 50 action=2 reward_so_far=-95 | Position (0.27, 1.87); velocity (0.35, 0.89); angle 0.06 rad; legs (L=0, R=0). Monitor says: failure
     Plan: intervene. Monitor says 0.96 > 0.009315825008770836. Consider gated action.
  ep16 t=100 action=2 reward_so_far=-342 | Position (0.40, 3.37); velocity (0.14, 1.78); angle 0.00 rad; legs (L=0, R=0). Monitor says: failure
     Plan: intervene. Monitor says 0.97 > 0.009315825008770836. Consider gated action.
  ep16 t=150 action=2 reward_so_far=-765 | Position (0.53, 6.01); velocity (0.66, 2.83); angle -0.32 rad; legs (L=0, R=0). Monitor says: failur
     Plan: intervene. Monitor says 0.98 > 0.009315825008770836. Consider gated action.
  ep16 FINAL: gated=-1280 ungated=121 gates=184 (skipped_qcov=0)
    Verifier: ALWAYS angle_below(1.0) -> freq=1.0 conf=1.0
    Verifier: EVENTUALLY velocity_below(0.3) -> freq=0.0 conf=1.0
    Verifier: ALWAYS (landed() IMPLIES in_pad()) -> freq=1.0 conf=1.0

  ep17 t=  0 action=2 reward_so_far=0 | Position (0.00, 1.41); velocity (0.01, -0.09); angle -0.00 rad; legs (L=0, R=0). Monitor says: failu
     Plan: continue. Monitor confidence low (0.00); PPO action is likely safe.
  ep17 t= 50 action=2 reward_so_far=-70 | Position (0.01, 1.51); velocity (0.04, 0.46); angle -0.07 rad; legs (L=0, R=0). Monitor says: failur
     Plan: intervene. Monitor says 0.94 > 0.009315825008770836. Consider gated action.
  ep17 t=100 action=2 reward_so_far=-308 | Position (0.12, 2.53); velocity (0.57, 1.32); angle -0.28 rad; legs (L=0, R=0). Monitor says: failur
     Plan: intervene. Monitor says 0.97 > 0.009315825008770836. Consider gated action.
  ep17 t=150 action=2 reward_so_far=-679 | Position (0.75, 4.52); velocity (1.94, 2.14); angle -0.30 rad; legs (L=0, R=0). Monitor says: failur
     Plan: intervene. Monitor says 0.98 > 0.009315825008770836. Consider gated action.
  ep17 FINAL: gated=-859 ungated=125 gates=151 (skipped_qcov=0)
    Verifier: ALWAYS angle_below(1.0) -> freq=1.0 conf=1.0
    Verifier: EVENTUALLY velocity_below(0.3) -> freq=0.2654320987654321 conf=1.0
    Verifier: ALWAYS (landed() IMPLIES in_pad()) -> freq=1.0 conf=1.0

  ep18 t=  0 action=1 reward_so_far=0 | Position (0.01, 1.40); velocity (0.74, -0.37); angle -0.01 rad; legs (L=0, R=0). Monitor says: failu
     Plan: continue. Monitor confidence low (0.00); PPO action is likely safe.
  ep18 t= 50 action=3 reward_so_far=30 | Position (0.29, 0.97); velocity (0.38, -0.33); angle 0.30 rad; legs (L=0, R=0). Monitor says: failur
     Plan: continue. Monitor confidence low (0.01); PPO action is likely safe.
  ep18 t=100 action=1 reward_so_far=92 | Position (0.38, 0.65); velocity (0.06, -0.28); angle -0.06 rad; legs (L=0, R=0). Monitor says: failu
     Plan: continue. Monitor confidence low (0.01); PPO action is likely safe.
  ep18 t=150 action=2 reward_so_far=114 | Position (0.43, 0.45); velocity (0.13, -0.16); angle 0.01 rad; legs (L=0, R=0). Monitor says: failur
     Plan: continue. Monitor confidence low (0.01); PPO action is likely safe.
  ep18 t=200 action=2 reward_so_far=-1 | Position (0.47, 0.71); velocity (-0.02, 0.73); angle 0.19 rad; legs (L=0, R=0). Monitor says: failur
     Plan: intervene. Monitor says 0.97 > 0.009315825008770836. Consider gated action.
  ep18 t=250 action=2 reward_so_far=-280 | Position (0.19, 1.91); velocity (-1.31, 1.40); angle 0.53 rad; legs (L=0, R=0). Monitor says: failur
     Plan: intervene. Monitor says 0.97 > 0.009315825008770836. Consider gated action.
  ep18 t=300 action=2 reward_so_far=-844 | Position (-0.97, 3.91); velocity (-3.47, 2.00); angle 0.91 rad; legs (L=0, R=0). Monitor says: failu
     Plan: intervene. Monitor says 0.98 > 0.009315825008770836. Consider gated action.
  ep18 FINAL: gated=-844 ungated=109 gates=207 (skipped_qcov=0)
    Verifier: ALWAYS angle_below(1.0) -> freq=1.0 conf=1.0
    Verifier: EVENTUALLY velocity_below(0.3) -> freq=0.5980066445182725 conf=1.0
    Verifier: ALWAYS (landed() IMPLIES in_pad()) -> freq=1.0 conf=1.0

  ep19 t=  0 action=2 reward_so_far=1 | Position (0.01, 1.40); velocity (0.58, -0.56); angle -0.01 rad; legs (L=0, R=0). Monitor says: failu
     Plan: continue. Monitor confidence low (0.00); PPO action is likely safe.
  ep19 t= 50 action=3 reward_so_far=25 | Position (0.30, 0.94); velocity (0.47, -0.29); angle 0.29 rad; legs (L=0, R=0). Monitor says: failur
     Plan: continue. Monitor confidence low (0.01); PPO action is likely safe.
  ep19 t=100 action=0 reward_so_far=95 | Position (0.38, 0.63); velocity (-0.06, -0.25); angle 0.05 rad; legs (L=0, R=0). Monitor says: failu
     Plan: continue. Monitor confidence low (0.00); PPO action is likely safe.
  ep19 t=150 action=2 reward_so_far=69 | Position (0.38, 0.58); velocity (0.16, 0.30); angle -0.11 rad; legs (L=0, R=0). Monitor says: failur
     Plan: continue. Monitor confidence low (0.20); PPO action is likely safe.
  ep19 t=200 action=2 reward_so_far=-137 | Position (0.53, 1.52); velocity (0.37, 1.31); angle -0.07 rad; legs (L=0, R=0). Monitor says: failur
     Plan: intervene. Monitor says 0.97 > 0.009315825008770836. Consider gated action.
  ep19 t=250 action=2 reward_so_far=-485 | Position (0.78, 3.53); velocity (0.77, 2.36); angle -0.23 rad; legs (L=0, R=0). Monitor says: failur
     Plan: intervene. Monitor says 0.98 > 0.009315825008770836. Consider gated action.
  ep19 FINAL: gated=-780 ungated=105 gates=190 (skipped_qcov=0)
    Verifier: ALWAYS angle_below(1.0) -> freq=1.0 conf=1.0
    Verifier: EVENTUALLY velocity_below(0.3) -> freq=0.5421245421245421 conf=1.0
    Verifier: ALWAYS (landed() IMPLIES in_pad()) -> freq=1.0 conf=1.0

  ep20 t=  0 action=2 reward_so_far=1 | Position (-0.00, 1.40); velocity (-0.14, -0.50); angle 0.00 rad; legs (L=0, R=0). Monitor says: fail
     Plan: continue. Monitor confidence low (0.00); PPO action is likely safe.
  ep20 t= 50 action=2 reward_so_far=50 | Position (-0.06, 1.09); velocity (-0.09, -0.18); angle -0.04 rad; legs (L=0, R=0). Monitor says: fai
     Plan: continue. Monitor confidence low (0.01); PPO action is likely safe.
  ep20 t=100 action=3 reward_so_far=63 | Position (-0.08, 1.00); velocity (-0.04, -0.01); angle 0.03 rad; legs (L=0, R=0). Monitor says: fail
     Plan: continue. Monitor confidence low (0.01); PPO action is likely safe.
  ep20 t=150 action=2 reward_so_far=-116 | Position (-0.18, 1.45); velocity (-0.57, 0.81); angle 0.22 rad; legs (L=0, R=0). Monitor says: failu
     Plan: intervene. Monitor says 0.97 > 0.009315825008770836. Consider gated action.
  ep20 t=200 action=2 reward_so_far=-423 | Position (-0.66, 2.97); velocity (-1.33, 1.87); angle 0.23 rad; legs (L=0, R=0). Monitor says: failu
     Plan: intervene. Monitor says 0.97 > 0.009315825008770836. Consider gated action.
  ep20 FINAL: gated=-670 ungated=202 gates=158 (skipped_qcov=0)
    Verifier: ALWAYS angle_below(1.0) -> freq=1.0 conf=1.0
    Verifier: EVENTUALLY velocity_below(0.3) -> freq=0.5336322869955157 conf=1.0
    Verifier: ALWAYS (landed() IMPLIES in_pad()) -> freq=1.0 conf=1.0

  ep21 t=  0 action=1 reward_so_far=-1 | Position (0.00, 1.40); velocity (0.13, -0.40); angle -0.00 rad; legs (L=0, R=0). Monitor says: failu
     Plan: continue. Monitor confidence low (0.00); PPO action is likely safe.
  ep21 t= 50 action=3 reward_so_far=35 | Position (0.07, 1.12); velocity (0.20, -0.07); angle 0.01 rad; legs (L=0, R=0). Monitor says: failur
     Plan: continue. Monitor confidence low (0.01); PPO action is likely safe.
  ep21 t=100 action=2 reward_so_far=43 | Position (0.16, 1.05); velocity (0.12, -0.05); angle 0.04 rad; legs (L=0, R=0). Monitor says: failur
     Plan: continue. Monitor confidence low (0.03); PPO action is likely safe.
  ep21 t=150 action=2 reward_so_far=-126 | Position (0.23, 1.56); velocity (0.22, 1.00); angle -0.10 rad; legs (L=0, R=0). Monitor says: failur
     Plan: intervene. Monitor says 0.97 > 0.009315825008770836. Consider gated action.
  ep21 t=200 action=2 reward_so_far=-443 | Position (0.49, 3.24); velocity (0.93, 2.00); angle -0.22 rad; legs (L=0, R=0). Monitor says: failur
     Plan: intervene. Monitor says 0.97 > 0.009315825008770836. Consider gated action.
  ep21 FINAL: gated=-889 ungated=214 gates=184 (skipped_qcov=0)
    Verifier: ALWAYS angle_below(1.0) -> freq=1.0 conf=1.0
    Verifier: EVENTUALLY velocity_below(0.3) -> freq=0.49586776859504134 conf=1.0
    Verifier: ALWAYS (landed() IMPLIES in_pad()) -> freq=1.0 conf=1.0

  ep22 t=  0 action=1 reward_so_far=0 | Position (0.01, 1.41); velocity (0.62, 0.08); angle -0.01 rad; legs (L=0, R=0). Monitor says: failur
     Plan: continue. Monitor confidence low (0.00); PPO action is likely safe.
  ep22 t= 50 action=2 reward_so_far=-26 | Position (0.23, 1.50); velocity (0.16, 0.41); angle 0.21 rad; legs (L=0, R=0). Monitor says: failure
     Plan: intervene. Monitor says 0.67 > 0.009315825008770836. Consider gated action.
  ep22 t=100 action=2 reward_so_far=-268 | Position (0.08, 2.50); velocity (-0.79, 1.30); angle 0.36 rad; legs (L=0, R=0). Monitor says: failur
     Plan: intervene. Monitor says 0.97 > 0.009315825008770836. Consider gated action.
  ep22 t=150 action=2 reward_so_far=-645 | Position (-0.67, 4.38); velocity (-2.27, 2.07); angle 0.46 rad; legs (L=0, R=0). Monitor says: failu
     Plan: intervene. Monitor says 0.97 > 0.009315825008770836. Consider gated action.
  ep22 FINAL: gated=-851 ungated=182 gates=152 (skipped_qcov=0)
    Verifier: ALWAYS angle_below(1.0) -> freq=1.0 conf=1.0
    Verifier: EVENTUALLY velocity_below(0.3) -> freq=0.0 conf=1.0
    Verifier: ALWAYS (landed() IMPLIES in_pad()) -> freq=1.0 conf=1.0

  ep23 t=  0 action=2 reward_so_far=1 | Position (-0.00, 1.40); velocity (-0.23, -0.44); angle 0.00 rad; legs (L=0, R=0). Monitor says: fail
     Plan: continue. Monitor confidence low (0.00); PPO action is likely safe.
  ep23 t= 50 action=1 reward_so_far=37 | Position (-0.09, 1.15); velocity (-0.06, -0.06); angle -0.16 rad; legs (L=0, R=0). Monitor says: fai
     Plan: continue. Monitor confidence low (0.01); PPO action is likely safe.
  ep23 t=100 action=2 reward_so_far=52 | Position (-0.09, 0.98); velocity (0.02, -0.16); angle -0.06 rad; legs (L=0, R=0). Monitor says: fail
     Plan: continue. Monitor confidence low (0.03); PPO action is likely safe.
  ep23 t=150 action=1 reward_so_far=60 | Position (-0.07, 0.87); velocity (0.05, -0.09); angle -0.01 rad; legs (L=0, R=0). Monitor says: fail
     Plan: continue. Monitor confidence low (0.01); PPO action is likely safe.
  ep23 t=200 action=2 reward_so_far=-32 | Position (-0.07, 1.07); velocity (0.04, 0.54); angle -0.11 rad; legs (L=0, R=0). Monitor says: failu
     Plan: intervene. Monitor says 0.96 > 0.009315825008770836. Consider gated action.
  ep23 t=250 action=2 reward_so_far=-304 | Position (0.12, 2.31); velocity (0.78, 1.60); angle -0.18 rad; legs (L=0, R=0). Monitor says: failur
     Plan: intervene. Monitor says 0.97 > 0.009315825008770836. Consider gated action.
  ep23 t=300 action=2 reward_so_far=-649 | Position (0.63, 4.62); velocity (1.25, 2.54); angle -0.11 rad; legs (L=0, R=0). Monitor says: failur
     Plan: intervene. Monitor says 0.97 > 0.009315825008770836. Consider gated action.
  ep23 FINAL: gated=-953 ungated=-8 gates=224 (skipped_qcov=0)
    Verifier: ALWAYS angle_below(1.0) -> freq=1.0 conf=1.0
    Verifier: EVENTUALLY velocity_below(0.3) -> freq=0.5548780487804879 conf=1.0
    Verifier: ALWAYS (landed() IMPLIES in_pad()) -> freq=1.0 conf=1.0

  ep24 t=  0 action=1 reward_so_far=2 | Position (0.00, 1.42); velocity (0.19, 0.47); angle -0.00 rad; legs (L=0, R=0). Monitor says: failur
     Plan: continue. Monitor confidence low (0.00); PPO action is likely safe.
  ep24 t= 50 action=2 reward_so_far=-163 | Position (0.09, 2.15); velocity (0.21, 1.12); angle -0.07 rad; legs (L=0, R=0). Monitor says: failur
     Plan: intervene. Monitor says 0.97 > 0.009315825008770836. Consider gated action.
  ep24 t=100 action=2 reward_so_far=-480 | Position (0.31, 4.00); velocity (0.70, 2.10); angle -0.14 rad; legs (L=0, R=0). Monitor says: failur
     Plan: intervene. Monitor says 0.97 > 0.009315825008770836. Consider gated action.
  ep24 t=150 action=2 reward_so_far=-917 | Position (0.76, 6.98); velocity (1.12, 3.16); angle -0.18 rad; legs (L=0, R=0). Monitor says: failur
     Plan: intervene. Monitor says 0.98 > 0.009315825008770836. Consider gated action.
  ep24 FINAL: gated=-1199 ungated=135 gates=162 (skipped_qcov=0)
    Verifier: ALWAYS angle_below(1.0) -> freq=1.0 conf=1.0
    Verifier: EVENTUALLY velocity_below(0.3) -> freq=0.0 conf=1.0
    Verifier: ALWAYS (landed() IMPLIES in_pad()) -> freq=1.0 conf=1.0

  ep25 t=  0 action=1 reward_so_far=1 | Position (0.00, 1.42); velocity (0.28, 0.50); angle -0.00 rad; legs (L=0, R=0). Monitor says: failur
     Plan: continue. Monitor confidence low (0.00); PPO action is likely safe.
  ep25 t= 50 action=2 reward_so_far=-197 | Position (0.10, 2.34); velocity (-0.01, 1.30); angle 0.13 rad; legs (L=0, R=0). Monitor says: failur
     Plan: intervene. Monitor says 0.97 > 0.009315825008770836. Consider gated action.
  ep25 t=100 action=2 reward_so_far=-538 | Position (-0.05, 4.42); velocity (-0.53, 2.38); angle 0.15 rad; legs (L=0, R=0). Monitor says: failu
     Plan: intervene. Monitor says 0.97 > 0.009315825008770836. Consider gated action.
  ep25 t=150 action=2 reward_so_far=-983 | Position (-0.46, 7.63); velocity (-1.11, 3.23); angle 0.23 rad; legs (L=0, R=0). Monitor says: failu
     Plan: intervene. Monitor says 0.97 > 0.009315825008770836. Consider gated action.
  ep25 FINAL: gated=-1459 ungated=-53 gates=182 (skipped_qcov=0)
    Verifier: ALWAYS angle_below(1.0) -> freq=1.0 conf=1.0
    Verifier: EVENTUALLY velocity_below(0.3) -> freq=0.0 conf=1.0
    Verifier: ALWAYS (landed() IMPLIES in_pad()) -> freq=1.0 conf=1.0

  ep26 t=  0 action=3 reward_so_far=0 | Position (-0.01, 1.42); velocity (-0.73, 0.19); angle 0.01 rad; legs (L=0, R=0). Monitor says: failu
     Plan: continue. Monitor confidence low (0.00); PPO action is likely safe.
  ep26 t= 50 action=2 reward_so_far=1 | Position (-0.25, 1.45); velocity (-0.09, 0.13); angle -0.43 rad; legs (L=0, R=0). Monitor says: fail
     Plan: continue. Monitor confidence low (0.02); PPO action is likely safe.
  ep26 t=100 action=2 reward_so_far=-242 | Position (0.05, 2.04); velocity (1.40, 0.96); angle -0.55 rad; legs (L=0, R=0). Monitor says: failur
     Plan: intervene. Monitor says 0.98 > 0.009315825008770836. Consider gated action.
  ep26 FINAL: gated=-665 ungated=113 gates=117 (skipped_qcov=0)
    Verifier: ALWAYS angle_below(1.0) -> freq=1.0 conf=1.0
    Verifier: EVENTUALLY velocity_below(0.3) -> freq=0.43356643356643354 conf=1.0
    Verifier: ALWAYS (landed() IMPLIES in_pad()) -> freq=1.0 conf=1.0

  ep27 t=  0 action=1 reward_so_far=1 | Position (0.01, 1.41); velocity (0.70, -0.05); angle -0.01 rad; legs (L=0, R=0). Monitor says: failu
     Plan: continue. Monitor confidence low (0.00); PPO action is likely safe.
  ep27 t= 50 action=2 reward_so_far=-43 | Position (0.24, 1.52); velocity (0.13, 0.50); angle 0.33 rad; legs (L=0, R=0). Monitor says: failure
     Plan: intervene. Monitor says 0.76 > 0.009315825008770836. Consider gated action.
  ep27 t=100 action=2 reward_so_far=-341 | Position (-0.08, 2.54); velocity (-1.56, 1.26); angle 0.65 rad; legs (L=0, R=0). Monitor says: failu
     Plan: intervene. Monitor says 0.97 > 0.009315825008770836. Consider gated action.
  ep27 FINAL: gated=-750 ungated=129 gates=130 (skipped_qcov=0)
    Verifier: ALWAYS angle_below(1.0) -> freq=1.0 conf=1.0
    Verifier: EVENTUALLY velocity_below(0.3) -> freq=0.0 conf=1.0
    Verifier: ALWAYS (landed() IMPLIES in_pad()) -> freq=1.0 conf=1.0

  ep28 t=  0 action=3 reward_so_far=1 | Position (-0.01, 1.42); velocity (-0.59, 0.46); angle 0.01 rad; legs (L=0, R=0). Monitor says: failu
     Plan: continue. Monitor confidence low (0.00); PPO action is likely safe.
  ep28 t= 50 action=2 reward_so_far=-140 | Position (-0.15, 1.96); velocity (0.30, 0.87); angle -0.49 rad; legs (L=0, R=0). Monitor says: failu
     Plan: intervene. Monitor says 0.97 > 0.009315825008770836. Consider gated action.
  ep28 t=100 action=2 reward_so_far=-524 | Position (0.55, 3.25); velocity (2.57, 1.37); angle -0.82 rad; legs (L=0, R=0). Monitor says: failur
     Plan: intervene. Monitor says 0.97 > 0.009315825008770836. Consider gated action.
  ep28 FINAL: gated=-749 ungated=5 gates=105 (skipped_qcov=0)
    Verifier: ALWAYS angle_below(1.0) -> freq=1.0 conf=1.0
    Verifier: EVENTUALLY velocity_below(0.3) -> freq=0.0 conf=1.0
    Verifier: ALWAYS (landed() IMPLIES in_pad()) -> freq=1.0 conf=1.0

  ep29 t=  0 action=1 reward_so_far=1 | Position (0.00, 1.42); velocity (0.48, 0.29); angle -0.01 rad; legs (L=0, R=0). Monitor says: failur
     Plan: continue. Monitor confidence low (0.00); PPO action is likely safe.
  ep29 t= 50 action=2 reward_so_far=-115 | Position (0.14, 1.85); velocity (-0.04, 0.81); angle 0.30 rad; legs (L=0, R=0). Monitor says: failur
     Plan: intervene. Monitor says 0.96 > 0.009315825008770836. Consider gated action.
  ep29 t=100 action=2 reward_so_far=-414 | Position (-0.24, 3.13); velocity (-1.52, 1.44); angle 0.56 rad; legs (L=0, R=0). Monitor says: failu
     Plan: intervene. Monitor says 0.97 > 0.009315825008770836. Consider gated action.
  ep29 FINAL: gated=-792 ungated=120 gates=126 (skipped_qcov=0)
    Verifier: ALWAYS angle_below(1.0) -> freq=1.0 conf=1.0
    Verifier: EVENTUALLY velocity_below(0.3) -> freq=0.0 conf=1.0
    Verifier: ALWAYS (landed() IMPLIES in_pad()) -> freq=1.0 conf=1.0

  ep30 t=  0 action=3 reward_so_far=1 | Position (-0.00, 1.41); velocity (-0.38, 0.13); angle 0.00 rad; legs (L=0, R=0). Monitor says: failu
     Plan: continue. Monitor confidence low (0.00); PPO action is likely safe.
  ep30 t= 50 action=2 reward_so_far=-139 | Position (-0.05, 1.82); velocity (0.42, 0.72); angle -0.35 rad; legs (L=0, R=0). Monitor says: failu
     Plan: intervene. Monitor says 0.96 > 0.009315825008770836. Consider gated action.
  ep30 t=100 action=2 reward_so_far=-439 | Position (0.49, 3.01); velocity (1.83, 1.36); angle -0.54 rad; legs (L=0, R=0). Monitor says: failur
     Plan: intervene. Monitor says 0.97 > 0.009315825008770836. Consider gated action.
  ep30 FINAL: gated=-719 ungated=-30 gates=116 (skipped_qcov=0)
    Verifier: ALWAYS angle_below(1.0) -> freq=1.0 conf=1.0
    Verifier: EVENTUALLY velocity_below(0.3) -> freq=0.0 conf=1.0
    Verifier: ALWAYS (landed() IMPLIES in_pad()) -> freq=1.0 conf=1.0

  ep31 t=  0 action=1 reward_so_far=1 | Position (0.01, 1.42); velocity (0.51, 0.25); angle -0.01 rad; legs (L=0, R=0). Monitor says: failur
     Plan: continue. Monitor confidence low (0.00); PPO action is likely safe.
  ep31 t= 50 action=2 reward_so_far=-144 | Position (0.21, 2.05); velocity (0.37, 1.09); angle 0.02 rad; legs (L=0, R=0). Monitor says: failure
     Plan: intervene. Monitor says 0.97 > 0.009315825008770836. Consider gated action.
  ep31 t=100 action=2 reward_so_far=-432 | Position (0.36, 3.80); velocity (0.16, 2.03); angle 0.09 rad; legs (L=0, R=0). Monitor says: failure
     Plan: intervene. Monitor says 0.97 > 0.009315825008770836. Consider gated action.
  ep31 t=150 action=2 reward_so_far=-828 | Position (0.36, 6.64); velocity (-0.12, 2.98); angle 0.10 rad; legs (L=0, R=0). Monitor says: failur
     Plan: intervene. Monitor says 0.98 > 0.009315825008770836. Consider gated action.
  ep31 t=200 action=2 reward_so_far=-1377 | Position (0.18, 10.64); velocity (-0.79, 4.04); angle 0.31 rad; legs (L=0, R=0). Monitor says: failu
     Plan: intervene. Monitor says 0.98 > 0.009315825008770836. Consider gated action.
  ep31 t=250 action=2 reward_so_far=-2016 | Position (-0.53, 15.68); velocity (-1.96, 4.84); angle 0.36 rad; legs (L=0, R=0). Monitor says: fail
     Plan: intervene. Monitor says 0.97 > 0.009315825008770836. Consider gated action.
  ep31 FINAL: gated=-2388 ungated=-9 gates=265 (skipped_qcov=0)
    Verifier: ALWAYS angle_below(1.0) -> freq=1.0 conf=1.0
    Verifier: EVENTUALLY velocity_below(0.3) -> freq=0.0 conf=1.0
    Verifier: ALWAYS (landed() IMPLIES in_pad()) -> freq=1.0 conf=1.0

  ep32 t=  0 action=1 reward_so_far=0 | Position (0.01, 1.41); velocity (0.79, -0.11); angle -0.01 rad; legs (L=0, R=0). Monitor says: failu
     Plan: continue. Monitor confidence low (0.00); PPO action is likely safe.
  ep32 t= 50 action=2 reward_so_far=-35 | Position (0.36, 1.52); velocity (0.62, 0.49); angle 0.04 rad; legs (L=0, R=0). Monitor says: failure
     Plan: intervene. Monitor says 0.84 > 0.009315825008770836. Consider gated action.
  ep32 t=100 action=2 reward_so_far=-247 | Position (0.60, 2.66); velocity (0.38, 1.55); angle -0.02 rad; legs (L=0, R=0). Monitor says: failur
     Plan: intervene. Monitor says 0.97 > 0.009315825008770836. Consider gated action.
  ep32 t=150 action=2 reward_so_far=-633 | Position (0.86, 5.01); velocity (0.76, 2.55); angle -0.31 rad; legs (L=0, R=0). Monitor says: failur
     Plan: intervene. Monitor says 0.98 > 0.009315825008770836. Consider gated action.
  ep32 FINAL: gated=-871 ungated=193 gates=157 (skipped_qcov=0)
    Verifier: ALWAYS angle_below(1.0) -> freq=1.0 conf=1.0
    Verifier: EVENTUALLY velocity_below(0.3) -> freq=0.0 conf=1.0
    Verifier: ALWAYS (landed() IMPLIES in_pad()) -> freq=1.0 conf=1.0

  ep33 t=  0 action=1 reward_so_far=2 | Position (0.00, 1.41); velocity (0.21, 0.12); angle -0.00 rad; legs (L=0, R=0). Monitor says: failur
     Plan: continue. Monitor confidence low (0.00); PPO action is likely safe.
  ep33 t= 50 action=2 reward_so_far=-14 | Position (0.07, 1.40); velocity (0.12, 0.24); angle 0.02 rad; legs (L=0, R=0). Monitor says: failure
     Plan: continue. Monitor confidence low (0.05); PPO action is likely safe.
  ep33 t=100 action=2 reward_so_far=-221 | Position (0.15, 2.20); velocity (0.31, 1.22); angle -0.09 rad; legs (L=0, R=0). Monitor says: failur
     Plan: intervene. Monitor says 0.97 > 0.009315825008770836. Consider gated action.
  ep33 t=150 action=2 reward_so_far=-539 | Position (0.40, 4.10); velocity (0.77, 2.15); angle -0.19 rad; legs (L=0, R=0). Monitor says: failur
     Plan: intervene. Monitor says 0.98 > 0.009315825008770836. Consider gated action.
  ep33 t=200 action=2 reward_so_far=-962 | Position (0.96, 7.00); velocity (1.47, 3.02); angle -0.19 rad; legs (L=0, R=0). Monitor says: failur
     Plan: intervene. Monitor says 0.97 > 0.009315825008770836. Consider gated action.
  ep33 FINAL: gated=-1071 ungated=109 gates=185 (skipped_qcov=0)
    Verifier: ALWAYS angle_below(1.0) -> freq=1.0 conf=1.0
    Verifier: EVENTUALLY velocity_below(0.3) -> freq=0.270935960591133 conf=1.0
    Verifier: ALWAYS (landed() IMPLIES in_pad()) -> freq=1.0 conf=1.0

  ep34 t=  0 action=1 reward_so_far=-0 | Position (0.01, 1.40); velocity (0.74, -0.39); angle -0.01 rad; legs (L=0, R=0). Monitor says: failu
     Plan: continue. Monitor confidence low (0.00); PPO action is likely safe.
  ep34 t= 50 action=2 reward_so_far=28 | Position (0.33, 0.98); velocity (0.49, -0.33); angle 0.27 rad; legs (L=0, R=0). Monitor says: failur
     Plan: continue. Monitor confidence low (0.02); PPO action is likely safe.
  ep34 t=100 action=1 reward_so_far=88 | Position (0.45, 0.67); velocity (0.09, -0.20); angle -0.14 rad; legs (L=0, R=0). Monitor says: failu
     Plan: continue. Monitor confidence low (0.01); PPO action is likely safe.
  ep34 t=150 action=2 reward_so_far=-2 | Position (0.58, 0.77); velocity (0.52, 0.59); angle -0.17 rad; legs (L=0, R=0). Monitor says: failur
     Plan: intervene. Monitor says 0.96 > 0.009315825008770836. Consider gated action.
  ep34 t=200 action=2 reward_so_far=-332 | Position (0.99, 1.89); velocity (1.12, 1.49); angle -0.10 rad; legs (L=0, R=0). Monitor says: failur
     Plan: intervene. Monitor says 0.97 > 0.009315825008770836. Consider gated action.
  ep34 FINAL: gated=-332 ungated=145 gates=121 (skipped_qcov=0)
    Verifier: ALWAYS angle_below(1.0) -> freq=1.0 conf=1.0
    Verifier: EVENTUALLY velocity_below(0.3) -> freq=0.6368159203980099 conf=1.0
    Verifier: ALWAYS (landed() IMPLIES in_pad()) -> freq=1.0 conf=1.0

  ep35 t=  0 action=3 reward_so_far=2 | Position (-0.00, 1.41); velocity (-0.23, 0.08); angle 0.00 rad; legs (L=0, R=0). Monitor says: failu
     Plan: continue. Monitor confidence low (0.00); PPO action is likely safe.
  ep35 t= 50 action=2 reward_so_far=-147 | Position (-0.00, 1.82); velocity (0.29, 0.88); angle -0.21 rad; legs (L=0, R=0). Monitor says: failu
     Plan: intervene. Monitor says 0.97 > 0.009315825008770836. Consider gated action.
  ep35 t=100 action=2 reward_so_far=-474 | Position (0.39, 3.35); velocity (1.45, 1.76); angle -0.38 rad; legs (L=0, R=0). Monitor says: failur
     Plan: intervene. Monitor says 0.98 > 0.009315825008770836. Consider gated action.
  ep35 FINAL: gated=-836 ungated=-69 gates=126 (skipped_qcov=0)
    Verifier: ALWAYS angle_below(1.0) -> freq=1.0 conf=1.0
    Verifier: EVENTUALLY velocity_below(0.3) -> freq=0.18045112781954886 conf=1.0
    Verifier: ALWAYS (landed() IMPLIES in_pad()) -> freq=1.0 conf=1.0

  ep36 t=  0 action=1 reward_so_far=1 | Position (0.01, 1.42); velocity (0.60, 0.46); angle -0.01 rad; legs (L=0, R=0). Monitor says: failur
     Plan: continue. Monitor confidence low (0.00); PPO action is likely safe.
  ep36 t= 50 action=2 reward_so_far=-181 | Position (0.23, 2.28); velocity (0.12, 1.27); angle 0.23 rad; legs (L=0, R=0). Monitor says: failure
     Plan: intervene. Monitor says 0.97 > 0.009315825008770836. Consider gated action.
  ep36 t=100 action=2 reward_so_far=-537 | Position (0.04, 4.31); velocity (-0.98, 2.23); angle 0.42 rad; legs (L=0, R=0). Monitor says: failur
     Plan: intervene. Monitor says 0.97 > 0.009315825008770836. Consider gated action.
  ep36 t=150 action=2 reward_so_far=-1036 | Position (-0.85, 7.24); velocity (-2.71, 2.95); angle 0.73 rad; legs (L=0, R=0). Monitor says: failu
     Plan: intervene. Monitor says 0.98 > 0.009315825008770836. Consider gated action.
  ep36 FINAL: gated=-1186 ungated=-79 gates=150 (skipped_qcov=0)
    Verifier: ALWAYS angle_below(1.0) -> freq=1.0 conf=1.0
    Verifier: EVENTUALLY velocity_below(0.3) -> freq=0.0 conf=1.0
    Verifier: ALWAYS (landed() IMPLIES in_pad()) -> freq=1.0 conf=1.0

  ep37 t=  0 action=1 reward_so_far=-0 | Position (0.00, 1.41); velocity (0.47, -0.24); angle -0.01 rad; legs (L=0, R=0). Monitor says: failu
     Plan: continue. Monitor confidence low (0.00); PPO action is likely safe.
  ep37 t= 50 action=2 reward_so_far=31 | Position (0.19, 1.11); velocity (0.24, -0.22); angle 0.12 rad; legs (L=0, R=0). Monitor says: failur
     Plan: continue. Monitor confidence low (0.01); PPO action is likely safe.
  ep37 t=100 action=2 reward_so_far=58 | Position (0.28, 0.87); velocity (0.23, -0.04); angle 0.00 rad; legs (L=0, R=0). Monitor says: failur
     Plan: continue. Monitor confidence low (0.02); PPO action is likely safe.
  ep37 t=150 action=2 reward_so_far=-78 | Position (0.38, 1.24); velocity (0.04, 0.84); angle 0.21 rad; legs (L=0, R=0). Monitor says: failure
     Plan: intervene. Monitor says 0.96 > 0.009315825008770836. Consider gated action.
  ep37 t=200 action=2 reward_so_far=-364 | Position (0.14, 2.61); velocity (-1.19, 1.56); angle 0.47 rad; legs (L=0, R=0). Monitor says: failur
     Plan: intervene. Monitor says 0.97 > 0.009315825008770836. Consider gated action.
  ep37 t=250 action=2 reward_so_far=-797 | Position (-0.90, 4.76); velocity (-2.98, 2.27); angle 0.57 rad; legs (L=0, R=0). Monitor says: failu
     Plan: intervene. Monitor says 0.97 > 0.009315825008770836. Consider gated action.
  ep37 FINAL: gated=-920 ungated=9 gates=189 (skipped_qcov=0)
    Verifier: ALWAYS angle_below(1.0) -> freq=1.0 conf=1.0
    Verifier: EVENTUALLY velocity_below(0.3) -> freq=0.4645669291338583 conf=1.0
    Verifier: ALWAYS (landed() IMPLIES in_pad()) -> freq=1.0 conf=1.0

  ep38 t=  0 action=2 reward_so_far=1 | Position (-0.00, 1.40); velocity (-0.35, -0.35); angle 0.00 rad; legs (L=0, R=0). Monitor says: fail
     Plan: continue. Monitor confidence low (0.00); PPO action is likely safe.
  ep38 t= 50 action=2 reward_so_far=20 | Position (-0.14, 1.16); velocity (-0.08, -0.11); angle -0.30 rad; legs (L=0, R=0). Monitor says: fai
     Plan: continue. Monitor confidence low (0.01); PPO action is likely safe.
  ep38 t=100 action=3 reward_so_far=44 | Position (-0.12, 0.98); velocity (0.02, -0.10); angle 0.15 rad; legs (L=0, R=0). Monitor says: failu
     Plan: continue. Monitor confidence low (0.01); PPO action is likely safe.
  ep38 t=150 action=1 reward_so_far=57 | Position (-0.14, 0.87); velocity (0.02, 0.04); angle -0.13 rad; legs (L=0, R=0). Monitor says: failu
     Plan: continue. Monitor confidence low (0.01); PPO action is likely safe.
  ep38 t=200 action=2 reward_so_far=-145 | Position (-0.05, 1.56); velocity (0.21, 1.21); angle 0.05 rad; legs (L=0, R=0). Monitor says: failur
     Plan: intervene. Monitor says 0.97 > 0.009315825008770836. Consider gated action.
  ep38 t=250 action=2 reward_so_far=-472 | Position (-0.04, 3.53); velocity (-0.23, 2.26); angle 0.15 rad; legs (L=0, R=0). Monitor says: failu
     Plan: intervene. Monitor says 0.97 > 0.009315825008770836. Consider gated action.
  ep38 t=300 action=2 reward_so_far=-904 | Position (-0.29, 6.70); velocity (-0.58, 3.30); angle 0.03 rad; legs (L=0, R=0). Monitor says: failu
     Plan: intervene. Monitor says 0.97 > 0.009315825008770836. Consider gated action.
  ep38 t=350 action=2 reward_so_far=-1469 | Position (-0.58, 11.07); velocity (-0.54, 4.45); angle -0.00 rad; legs (L=0, R=0). Monitor says: fai
     Plan: intervene. Monitor says 0.98 > 0.009315825008770836. Consider gated action.
  ep38 t=400 action=2 reward_so_far=-2140 | Position (-0.87, 16.59); velocity (-0.63, 5.37); angle -0.09 rad; legs (L=0, R=0). Monitor says: fai
     Plan: intervene. Monitor says 0.97 > 0.009315825008770836. Consider gated action.
  ep38 FINAL: gated=-2627 ungated=-13 gates=346 (skipped_qcov=0)
    Verifier: ALWAYS angle_below(1.0) -> freq=1.0 conf=1.0
    Verifier: EVENTUALLY velocity_below(0.3) -> freq=0.3840749414519906 conf=1.0
    Verifier: ALWAYS (landed() IMPLIES in_pad()) -> freq=1.0 conf=1.0

  ep39 t=  0 action=2 reward_so_far=4 | Position (-0.00, 1.40); velocity (-0.20, -0.32); angle 0.00 rad; legs (L=0, R=0). Monitor says: fail
     Plan: continue. Monitor confidence low (0.00); PPO action is likely safe.
  ep39 t= 50 action=2 reward_so_far=4 | Position (-0.06, 1.29); velocity (0.03, 0.12); angle -0.20 rad; legs (L=0, R=0). Monitor says: failu
     Plan: continue. Monitor confidence low (0.02); PPO action is likely safe.
  ep39 t=100 action=2 reward_so_far=-245 | Position (0.17, 1.86); velocity (1.15, 0.84); angle -0.59 rad; legs (L=0, R=0). Monitor says: failur
     Plan: intervene. Monitor says 0.97 > 0.009315825008770836. Consider gated action.
  ep39 FINAL: gated=-682 ungated=104 gates=115 (skipped_qcov=0)
    Verifier: ALWAYS angle_below(1.0) -> freq=1.0 conf=1.0
    Verifier: EVENTUALLY velocity_below(0.3) -> freq=0.44285714285714284 conf=1.0
    Verifier: ALWAYS (landed() IMPLIES in_pad()) -> freq=1.0 conf=1.0

  ep40 t=  0 action=3 reward_so_far=2 | Position (-0.00, 1.42); velocity (-0.07, 0.22); angle 0.00 rad; legs (L=0, R=0). Monitor says: failu
     Plan: continue. Monitor confidence low (0.00); PPO action is likely safe.
  ep40 t= 50 action=2 reward_so_far=-16 | Position (0.01, 1.41); velocity (0.13, 0.24); angle -0.01 rad; legs (L=0, R=0). Monitor says: failur
     Plan: intervene. Monitor says 0.43 > 0.009315825008770836. Consider gated action.
  ep40 t=100 action=2 reward_so_far=-235 | Position (0.04, 2.24); velocity (-0.17, 1.29); angle 0.15 rad; legs (L=0, R=0). Monitor says: failur
     Plan: intervene. Monitor says 0.97 > 0.009315825008770836. Consider gated action.
  ep40 t=150 action=2 reward_so_far=-557 | Position (-0.18, 4.25); velocity (-0.74, 2.19); angle 0.16 rad; legs (L=0, R=0). Monitor says: failu
     Plan: intervene. Monitor says 0.97 > 0.009315825008770836. Consider gated action.
  ep40 t=200 action=2 reward_so_far=-987 | Position (-0.69, 7.31); velocity (-1.19, 3.29); angle -0.04 rad; legs (L=0, R=0). Monitor says: fail
     Plan: intervene. Monitor says 0.97 > 0.009315825008770836. Consider gated action.
  ep40 FINAL: gated=-1400 ungated=123 gates=212 (skipped_qcov=0)
    Verifier: ALWAYS angle_below(1.0) -> freq=1.0 conf=1.0
    Verifier: EVENTUALLY velocity_below(0.3) -> freq=0.22510822510822512 conf=1.0
    Verifier: ALWAYS (landed() IMPLIES in_pad()) -> freq=1.0 conf=1.0

  ep41 t=  0 action=1 reward_so_far=0 | Position (0.01, 1.42); velocity (0.79, 0.49); angle -0.01 rad; legs (L=0, R=0). Monitor says: failur
     Plan: continue. Monitor confidence low (0.00); PPO action is likely safe.
  ep41 t= 50 action=2 reward_so_far=-160 | Position (0.39, 2.25); velocity (0.81, 1.13); angle -0.10 rad; legs (L=0, R=0). Monitor says: failur
     Plan: intervene. Monitor says 0.96 > 0.009315825008770836. Consider gated action.
  ep41 t=100 action=2 reward_so_far=-491 | Position (0.90, 3.96); velocity (1.47, 1.89); angle -0.44 rad; legs (L=0, R=0). Monitor says: failur
     Plan: intervene. Monitor says 0.97 > 0.009315825008770836. Consider gated action.
  ep41 FINAL: gated=-636 ungated=127 gates=102 (skipped_qcov=0)
    Verifier: ALWAYS angle_below(1.0) -> freq=1.0 conf=1.0
    Verifier: EVENTUALLY velocity_below(0.3) -> freq=0.0 conf=1.0
    Verifier: ALWAYS (landed() IMPLIES in_pad()) -> freq=1.0 conf=1.0

  ep42 t=  0 action=3 reward_so_far=0 | Position (-0.01, 1.40); velocity (-0.81, -0.47); angle 0.01 rad; legs (L=0, R=0). Monitor says: fail
     Plan: continue. Monitor confidence low (0.00); PPO action is likely safe.
  ep42 t= 50 action=2 reward_so_far=24 | Position (-0.37, 1.04); velocity (-0.57, -0.12); angle -0.31 rad; legs (L=0, R=0). Monitor says: fai
     Plan: continue. Monitor confidence low (0.01); PPO action is likely safe.
  ep42 t=100 action=2 reward_so_far=88 | Position (-0.51, 0.88); velocity (-0.04, -0.22); angle -0.05 rad; legs (L=0, R=0). Monitor says: fai
     Plan: continue. Monitor confidence low (0.00); PPO action is likely safe.
  ep42 t=150 action=2 reward_so_far=109 | Position (-0.50, 0.64); velocity (-0.07, -0.13); angle 0.02 rad; legs (L=0, R=0). Monitor says: fail
     Plan: continue. Monitor confidence low (0.01); PPO action is likely safe.
  ep42 t=200 action=2 reward_so_far=105 | Position (-0.54, 0.55); velocity (-0.07, 0.08); angle -0.01 rad; legs (L=0, R=0). Monitor says: fail
     Plan: continue. Monitor confidence low (0.02); PPO action is likely safe.
  ep42 t=250 action=2 reward_so_far=-86 | Position (-0.59, 1.19); velocity (0.14, 1.00); angle -0.26 rad; legs (L=0, R=0). Monitor says: failu
     Plan: intervene. Monitor says 0.96 > 0.009315825008770836. Consider gated action.
  ep42 t=300 action=2 reward_so_far=-426 | Position (-0.20, 2.81); velocity (1.60, 1.80); angle -0.60 rad; legs (L=0, R=0). Monitor says: failu
     Plan: intervene. Monitor says 0.97 > 0.009315825008770836. Consider gated action.
  ep42 FINAL: gated=-975 ungated=-74 gates=201 (skipped_qcov=0)
    Verifier: ALWAYS angle_below(1.0) -> freq=1.0 conf=1.0
    Verifier: EVENTUALLY velocity_below(0.3) -> freq=0.6115942028985507 conf=1.0
    Verifier: ALWAYS (landed() IMPLIES in_pad()) -> freq=1.0 conf=1.0

  ep43 t=  0 action=3 reward_so_far=1 | Position (-0.01, 1.41); velocity (-0.81, 0.08); angle 0.01 rad; legs (L=0, R=0). Monitor says: failu
     Plan: continue. Monitor confidence low (0.00); PPO action is likely safe.
  ep43 t= 50 action=2 reward_so_far=-24 | Position (-0.28, 1.41); velocity (0.10, 0.19); angle -0.67 rad; legs (L=0, R=0). Monitor says: failu
     Plan: continue. Monitor confidence low (0.05); PPO action is likely safe.
  ep43 t=100 action=2 reward_so_far=-434 | Position (0.46, 1.65); velocity (3.08, -0.04); angle -1.42 rad; legs (L=0, R=0). Monitor says: failu
     Plan: intervene. Monitor says 0.98 > 0.009315825008770836. Consider gated action.
  ep43 FINAL: gated=-662 ungated=10 gates=98 (skipped_qcov=0)
    Verifier: ALWAYS angle_below(1.0) -> freq=0.0 conf=1.0
    Verifier: EVENTUALLY velocity_below(0.3) -> freq=0.45689655172413796 conf=1.0
    Verifier: ALWAYS (landed() IMPLIES in_pad()) -> freq=1.0 conf=1.0

  ep44 t=  0 action=2 reward_so_far=3 | Position (-0.00, 1.40); velocity (-0.17, -0.48); angle 0.00 rad; legs (L=0, R=0). Monitor says: fail
     Plan: continue. Monitor confidence low (0.00); PPO action is likely safe.
  ep44 t= 50 action=2 reward_so_far=28 | Position (-0.06, 1.08); velocity (-0.05, -0.27); angle -0.19 rad; legs (L=0, R=0). Monitor says: fai
     Plan: continue. Monitor confidence low (0.01); PPO action is likely safe.
  ep44 t=100 action=3 reward_so_far=56 | Position (-0.00, 0.86); velocity (0.13, -0.13); angle 0.08 rad; legs (L=0, R=0). Monitor says: failu
     Plan: continue. Monitor confidence low (0.00); PPO action is likely safe.
  ep44 t=150 action=2 reward_so_far=75 | Position (0.05, 0.76); velocity (0.05, -0.06); angle 0.06 rad; legs (L=0, R=0). Monitor says: failur
     Plan: continue. Monitor confidence low (0.02); PPO action is likely safe.
  ep44 t=200 action=2 reward_so_far=-50 | Position (0.10, 1.01); velocity (0.34, 0.65); angle -0.21 rad; legs (L=0, R=0). Monitor says: failur
     Plan: intervene. Monitor says 0.97 > 0.009315825008770836. Consider gated action.
  ep44 t=250 action=2 reward_so_far=-379 | Position (0.49, 2.21); velocity (1.53, 1.43); angle -0.67 rad; legs (L=0, R=0). Monitor says: failur
     Plan: intervene. Monitor says 0.98 > 0.009315825008770836. Consider gated action.
  ep44 FINAL: gated=-699 ungated=81 gates=173 (skipped_qcov=0)
    Verifier: ALWAYS angle_below(1.0) -> freq=1.0 conf=1.0
    Verifier: EVENTUALLY velocity_below(0.3) -> freq=0.6618181818181819 conf=1.0
    Verifier: ALWAYS (landed() IMPLIES in_pad()) -> freq=1.0 conf=1.0

  ep45 t=  0 action=1 reward_so_far=1 | Position (0.01, 1.41); velocity (0.71, 0.05); angle -0.01 rad; legs (L=0, R=0). Monitor says: failur
     Plan: continue. Monitor confidence low (0.00); PPO action is likely safe.
  ep45 t= 50 action=2 reward_so_far=-69 | Position (0.28, 1.61); velocity (0.19, 0.57); angle 0.42 rad; legs (L=0, R=0). Monitor says: failure
     Plan: intervene. Monitor says 0.92 > 0.009315825008770836. Consider gated action.
  ep45 t=100 action=2 reward_so_far=-389 | Position (-0.12, 2.52); velocity (-2.02, 1.00); angle 0.90 rad; legs (L=0, R=0). Monitor says: failu
     Plan: intervene. Monitor says 0.97 > 0.009315825008770836. Consider gated action.
  ep45 FINAL: gated=-744 ungated=188 gates=123 (skipped_qcov=0)
    Verifier: ALWAYS angle_below(1.0) -> freq=0.0 conf=1.0
    Verifier: EVENTUALLY velocity_below(0.3) -> freq=0.0 conf=1.0
    Verifier: ALWAYS (landed() IMPLIES in_pad()) -> freq=1.0 conf=1.0

  ep46 t=  0 action=3 reward_so_far=-0 | Position (-0.01, 1.41); velocity (-0.64, -0.25); angle 0.01 rad; legs (L=0, R=0). Monitor says: fail
     Plan: continue. Monitor confidence low (0.00); PPO action is likely safe.
  ep46 t= 50 action=1 reward_so_far=14 | Position (-0.28, 1.21); velocity (-0.31, 0.02); angle -0.30 rad; legs (L=0, R=0). Monitor says: fail
     Plan: continue. Monitor confidence low (0.01); PPO action is likely safe.
  ep46 t=100 action=2 reward_so_far=56 | Position (-0.37, 1.05); velocity (-0.10, -0.24); angle 0.00 rad; legs (L=0, R=0). Monitor says: fail
     Plan: continue. Monitor confidence low (0.01); PPO action is likely safe.
  ep46 t=150 action=2 reward_so_far=69 | Position (-0.42, 0.88); velocity (-0.06, -0.07); angle -0.07 rad; legs (L=0, R=0). Monitor says: fai
     Plan: continue. Monitor confidence low (0.01); PPO action is likely safe.
  ep46 t=200 action=2 reward_so_far=67 | Position (-0.42, 0.83); velocity (-0.02, 0.06); angle 0.01 rad; legs (L=0, R=0). Monitor says: failu
     Plan: continue. Monitor confidence low (0.01); PPO action is likely safe.
  ep46 t=250 action=2 reward_so_far=-106 | Position (-0.47, 1.43); velocity (-0.16, 0.99); angle -0.05 rad; legs (L=0, R=0). Monitor says: fail
     Plan: intervene. Monitor says 0.97 > 0.009315825008770836. Consider gated action.
  ep46 t=300 action=2 reward_so_far=-432 | Position (-0.43, 3.18); velocity (0.50, 2.02); angle -0.36 rad; legs (L=0, R=0). Monitor says: failu
     Plan: intervene. Monitor says 0.97 > 0.009315825008770836. Consider gated action.
  ep46 t=350 action=2 reward_so_far=-890 | Position (0.22, 5.87); velocity (2.29, 2.64); angle -0.71 rad; legs (L=0, R=0). Monitor says: failur
     Plan: intervene. Monitor says 0.97 > 0.009315825008770836. Consider gated action.
  ep46 FINAL: gated=-1292 ungated=117 gates=244 (skipped_qcov=0)
    Verifier: ALWAYS angle_below(1.0) -> freq=1.0 conf=1.0
    Verifier: EVENTUALLY velocity_below(0.3) -> freq=0.5702917771883289 conf=1.0
    Verifier: ALWAYS (landed() IMPLIES in_pad()) -> freq=1.0 conf=1.0

  ep47 t=  0 action=3 reward_so_far=-2 | Position (0.00, 1.41); velocity (0.22, -0.16); angle -0.00 rad; legs (L=0, R=0). Monitor says: failu
     Plan: continue. Monitor confidence low (0.00); PPO action is likely safe.
  ep47 t= 50 action=2 reward_so_far=-83 | Position (0.08, 1.51); velocity (-0.06, 0.61); angle 0.21 rad; legs (L=0, R=0). Monitor says: failur
     Plan: intervene. Monitor says 0.95 > 0.009315825008770836. Consider gated action.
  ep47 t=100 action=2 reward_so_far=-399 | Position (-0.20, 2.69); velocity (-1.36, 1.45); angle 0.64 rad; legs (L=0, R=0). Monitor says: failu
     Plan: intervene. Monitor says 0.97 > 0.009315825008770836. Consider gated action.
  ep47 FINAL: gated=-834 ungated=201 gates=130 (skipped_qcov=0)
    Verifier: ALWAYS angle_below(1.0) -> freq=0.0 conf=1.0
    Verifier: EVENTUALLY velocity_below(0.3) -> freq=0.25735294117647056 conf=1.0
    Verifier: ALWAYS (landed() IMPLIES in_pad()) -> freq=1.0 conf=1.0

  ep48 t=  0 action=1 reward_so_far=1 | Position (0.01, 1.42); velocity (0.74, 0.49); angle -0.01 rad; legs (L=0, R=0). Monitor says: failur
     Plan: continue. Monitor confidence low (0.00); PPO action is likely safe.
  ep48 t= 50 action=2 reward_so_far=-140 | Position (0.37, 2.16); velocity (0.75, 1.09); angle -0.01 rad; legs (L=0, R=0). Monitor says: failur
     Plan: intervene. Monitor says 0.97 > 0.009315825008770836. Consider gated action.
  ep48 t=100 action=2 reward_so_far=-436 | Position (0.78, 3.92); velocity (0.71, 2.00); angle 0.19 rad; legs (L=0, R=0). Monitor says: failure
     Plan: intervene. Monitor says 0.97 > 0.009315825008770836. Consider gated action.
  ep48 t=150 action=2 reward_so_far=-819 | Position (0.91, 6.64); velocity (-0.26, 2.80); angle 0.44 rad; legs (L=0, R=0). Monitor says: failur
     Plan: intervene. Monitor says 0.97 > 0.009315825008770836. Consider gated action.
  ep48 t=200 action=2 reward_so_far=-1347 | Position (0.30, 10.19); velocity (-2.29, 3.40); angle 0.80 rad; legs (L=0, R=0). Monitor says: failu
     Plan: intervene. Monitor says 0.98 > 0.009315825008770836. Consider gated action.
  ep48 FINAL: gated=-1939 ungated=-36 gates=233 (skipped_qcov=0)
    Verifier: ALWAYS angle_below(1.0) -> freq=0.0 conf=1.0
    Verifier: EVENTUALLY velocity_below(0.3) -> freq=0.0 conf=1.0
    Verifier: ALWAYS (landed() IMPLIES in_pad()) -> freq=1.0 conf=1.0

  ep49 t=  0 action=1 reward_so_far=-1 | Position (0.00, 1.40); velocity (0.10, -0.33); angle -0.00 rad; legs (L=0, R=0). Monitor says: failu
     Plan: continue. Monitor confidence low (0.00); PPO action is likely safe.
  ep49 t= 50 action=2 reward_so_far=26 | Position (0.06, 1.09); velocity (0.13, -0.28); angle 0.02 rad; legs (L=0, R=0). Monitor says: failur
     Plan: continue. Monitor confidence low (0.01); PPO action is likely safe.
  ep49 t=100 action=2 reward_so_far=42 | Position (0.12, 0.94); velocity (0.14, -0.04); angle 0.05 rad; legs (L=0, R=0). Monitor says: failur
     Plan: continue. Monitor confidence low (0.02); PPO action is likely safe.
  ep49 t=150 action=2 reward_so_far=-121 | Position (0.15, 1.50); velocity (0.13, 0.99); angle -0.06 rad; legs (L=0, R=0). Monitor says: failur
     Plan: intervene. Monitor says 0.96 > 0.009315825008770836. Consider gated action.
  ep49 t=200 action=2 reward_so_far=-414 | Position (0.28, 3.15); velocity (0.47, 1.90); angle -0.20 rad; legs (L=0, R=0). Monitor says: failur
     Plan: intervene. Monitor says 0.97 > 0.009315825008770836. Consider gated action.
  ep49 t=250 action=2 reward_so_far=-830 | Position (0.76, 5.84); velocity (1.43, 2.83); angle -0.27 rad; legs (L=0, R=0). Monitor says: failur
     Plan: intervene. Monitor says 0.98 > 0.009315825008770836. Consider gated action.
  ep49 FINAL: gated=-1064 ungated=170 gates=214 (skipped_qcov=0)
    Verifier: ALWAYS angle_below(1.0) -> freq=1.0 conf=1.0
    Verifier: EVENTUALLY velocity_below(0.3) -> freq=0.42857142857142855 conf=1.0
    Verifier: ALWAYS (landed() IMPLIES in_pad()) -> freq=1.0 conf=1.0

======================================================================
PHASE 1.5 v0.2 FULL INTEGRATION SUMMARY
======================================================================
  Episodes:                50
  Ungated PPO mean:        78.3 +/- 87.7
  Gated (Monitor+Q) mean:  -1086.8 +/- 586.1
  Delta:                   -1165.10
  Avg gates per episode:   174.92
  Gates skipped (q_cov):   0
  SlotMonitor val AUROC:   0.963
  Platt:                   a=0.789, b=0.260
  Calibrated threshold:    0.009  (target FPR=0.1)
  Q coverage:              54723  (min=50)

