Traceback (most recent call last):
  File "E:\agi-research\projects\project_f_multi_agent\code\pz_maddpg_v5.py", line 582, in <module>
    main()
  File "E:\agi-research\projects\project_f_multi_agent\code\pz_maddpg_v5.py", line 551, in main
    actors, monitors, trust_heads, history, mon_aurocs = train_maddpg_v5(
                                                         ^^^^^^^^^^^^^^^^
  File "E:\agi-research\projects\project_f_multi_agent\code\pz_maddpg_v5.py", line 494, in train_maddpg_v5
    trust = trust_heads[i](obs_b, my_mon, others_stats)  # (B, n_agents-1)
            ^^^^^^^^^^^^^^^^^^^^^^^^^^^^^^^^^^^^^^^^^^^
  File "C:\Users\Administrator\AppData\Local\hermes\hermes-agent\venv\Lib\site-packages\torch\nn\modules\module.py", line 1736, in _wrapped_call_impl
    return self._call_impl(*args, **kwargs)
           ^^^^^^^^^^^^^^^^^^^^^^^^^^^^^^^^
  File "C:\Users\Administrator\AppData\Local\hermes\hermes-agent\venv\Lib\site-packages\torch\nn\modules\module.py", line 1747, in _call_impl
    return forward_call(*args, **kwargs)
           ^^^^^^^^^^^^^^^^^^^^^^^^^^^^^
  File "E:\agi-research\projects\project_f_multi_agent\code\pz_maddpg_v5.py", line 127, in forward
    return torch.sigmoid(self.net(x))
                         ^^^^^^^^^^^
  File "C:\Users\Administrator\AppData\Local\hermes\hermes-agent\venv\Lib\site-packages\torch\nn\modules\module.py", line 1736, in _wrapped_call_impl
    return self._call_impl(*args, **kwargs)
           ^^^^^^^^^^^^^^^^^^^^^^^^^^^^^^^^
  File "C:\Users\Administrator\AppData\Local\hermes\hermes-agent\venv\Lib\site-packages\torch\nn\modules\module.py", line 1747, in _call_impl
    return forward_call(*args, **kwargs)
           ^^^^^^^^^^^^^^^^^^^^^^^^^^^^^
  File "C:\Users\Administrator\AppData\Local\hermes\hermes-agent\venv\Lib\site-packages\torch\nn\modules\container.py", line 250, in forward
    input = module(input)
            ^^^^^^^^^^^^^
  File "C:\Users\Administrator\AppData\Local\hermes\hermes-agent\venv\Lib\site-packages\torch\nn\modules\module.py", line 1736, in _wrapped_call_impl
    return self._call_impl(*args, **kwargs)
           ^^^^^^^^^^^^^^^^^^^^^^^^^^^^^^^^
  File "C:\Users\Administrator\AppData\Local\hermes\hermes-agent\venv\Lib\site-packages\torch\nn\modules\module.py", line 1747, in _call_impl
    return forward_call(*args, **kwargs)
           ^^^^^^^^^^^^^^^^^^^^^^^^^^^^^
  File "C:\Users\Administrator\AppData\Local\hermes\hermes-agent\venv\Lib\site-packages\torch\nn\modules\linear.py", line 125, in forward
    return F.linear(input, self.weight, self.bias)
           ^^^^^^^^^^^^^^^^^^^^^^^^^^^^^^^^^^^^^^^
RuntimeError: mat1 and mat2 shapes cannot be multiplied (35x21 and 22x64)
